<?xml version="1.0" encoding="ISO-8859-1" ?>
<link_info>
   <banner>TI ARM Linker PC v20.2.5.LTS</banner>
   <copyright>Copyright (c) 1996-2018 Texas Instruments Incorporated</copyright>
   <link_time>0x6236723b</link_time>
   <link_errors>0x0</link_errors>
   <output_file>project.out</output_file>
   <entry_point>
      <name>_c_int00_noargs</name>
      <address>0x3091</address>
   </entry_point>
   <input_file_list>
      <input_file id="fl-2">
         <path>.\</path>
         <kind>object</kind>
         <file>acc.obj</file>
         <name>acc.obj</name>
      </input_file>
      <input_file id="fl-3">
         <path>.\</path>
         <kind>object</kind>
         <file>buttons4.obj</file>
         <name>buttons4.obj</name>
      </input_file>
      <input_file id="fl-4">
         <path>.\</path>
         <kind>object</kind>
         <file>circBufT.obj</file>
         <name>circBufT.obj</name>
      </input_file>
      <input_file id="fl-5">
         <path>.\</path>
         <kind>object</kind>
         <file>i2c_driver.obj</file>
         <name>i2c_driver.obj</name>
      </input_file>
      <input_file id="fl-6">
         <path>.\</path>
         <kind>object</kind>
         <file>main.obj</file>
         <name>main.obj</name>
      </input_file>
      <input_file id="fl-7">
         <path>.\</path>
         <kind>object</kind>
         <file>tm4c123gh6pm_startup_ccs.obj</file>
         <name>tm4c123gh6pm_startup_ccs.obj</name>
      </input_file>
      <input_file id="fl-8">
         <path>.\</path>
         <kind>object</kind>
         <file>ustdlib.obj</file>
         <name>ustdlib.obj</name>
      </input_file>
      <input_file id="fl-9">
         <path>.\OrbitOLED\</path>
         <kind>object</kind>
         <file>OrbitOLEDInterface.obj</file>
         <name>OrbitOLEDInterface.obj</name>
      </input_file>
      <input_file id="fl-a">
         <path>.\OrbitOLED\lib_OrbitOled\</path>
         <kind>object</kind>
         <file>ChrFont0.obj</file>
         <name>ChrFont0.obj</name>
      </input_file>
      <input_file id="fl-b">
         <path>.\OrbitOLED\lib_OrbitOled\</path>
         <kind>object</kind>
         <file>FillPat.obj</file>
         <name>FillPat.obj</name>
      </input_file>
      <input_file id="fl-c">
         <path>.\OrbitOLED\lib_OrbitOled\</path>
         <kind>object</kind>
         <file>OrbitOled.obj</file>
         <name>OrbitOled.obj</name>
      </input_file>
      <input_file id="fl-d">
         <path>.\OrbitOLED\lib_OrbitOled\</path>
         <kind>object</kind>
         <file>OrbitOledChar.obj</file>
         <name>OrbitOledChar.obj</name>
      </input_file>
      <input_file id="fl-e">
         <path>.\OrbitOLED\lib_OrbitOled\</path>
         <kind>object</kind>
         <file>OrbitOledGrph.obj</file>
         <name>OrbitOledGrph.obj</name>
      </input_file>
      <input_file id="fl-f">
         <path>.\OrbitOLED\lib_OrbitOled\</path>
         <kind>object</kind>
         <file>delay.obj</file>
         <name>delay.obj</name>
      </input_file>
      <input_file id="fl-14">
         <kind>object</kind>
         <file>&lt;internal&gt;</file>
         <name>&lt;internal&gt;</name>
      </input_file>
      <input_file id="fl-ca">
         <path>C:\ti\ccs1110\ccs\tools\compiler\ti-cgt-arm_20.2.5.LTS\lib\</path>
         <kind>archive</kind>
         <file>rtsv7M4_T_le_v4SPD16_eabi.lib</file>
         <name>fd_div_t2.asm.obj</name>
      </input_file>
      <input_file id="fl-cb">
         <path>C:\ti\ccs1110\ccs\tools\compiler\ti-cgt-arm_20.2.5.LTS\lib\</path>
         <kind>archive</kind>
         <file>rtsv7M4_T_le_v4SPD16_eabi.lib</file>
         <name>fd_mul_t2.asm.obj</name>
      </input_file>
      <input_file id="fl-cc">
         <path>C:\ti\ccs1110\ccs\tools\compiler\ti-cgt-arm_20.2.5.LTS\lib\</path>
         <kind>archive</kind>
         <file>rtsv7M4_T_le_v4SPD16_eabi.lib</file>
         <name>fd_toi_t2.asm.obj</name>
      </input_file>
      <input_file id="fl-cd">
         <path>C:\ti\ccs1110\ccs\tools\compiler\ti-cgt-arm_20.2.5.LTS\lib\</path>
         <kind>archive</kind>
         <file>rtsv7M4_T_le_v4SPD16_eabi.lib</file>
         <name>i_tofd_t2.asm.obj</name>
      </input_file>
      <input_file id="fl-ce">
         <path>C:\ti\ccs1110\ccs\tools\compiler\ti-cgt-arm_20.2.5.LTS\lib\</path>
         <kind>archive</kind>
         <file>rtsv7M4_T_le_v4SPD16_eabi.lib</file>
         <name>u_divt2.asm.obj</name>
      </input_file>
      <input_file id="fl-cf">
         <path>C:\ti\ccs1110\ccs\tools\compiler\ti-cgt-arm_20.2.5.LTS\lib\</path>
         <kind>archive</kind>
         <file>rtsv7M4_T_le_v4SPD16_eabi.lib</file>
         <name>memset_t2.asm.obj</name>
      </input_file>
      <input_file id="fl-d0">
         <path>C:\ti\ccs1110\ccs\tools\compiler\ti-cgt-arm_20.2.5.LTS\lib\</path>
         <kind>archive</kind>
         <file>rtsv7M4_T_le_v4SPD16_eabi.lib</file>
         <name>copy_zero_init.c.obj</name>
      </input_file>
      <input_file id="fl-d1">
         <path>C:\ti\ccs1110\ccs\tools\compiler\ti-cgt-arm_20.2.5.LTS\lib\</path>
         <kind>archive</kind>
         <file>rtsv7M4_T_le_v4SPD16_eabi.lib</file>
         <name>copy_decompress_none.c.obj</name>
      </input_file>
      <input_file id="fl-d2">
         <path>C:\ti\ccs1110\ccs\tools\compiler\ti-cgt-arm_20.2.5.LTS\lib\</path>
         <kind>archive</kind>
         <file>rtsv7M4_T_le_v4SPD16_eabi.lib</file>
         <name>copy_decompress_lzss.c.obj</name>
      </input_file>
      <input_file id="fl-d3">
         <path>C:\ti\ccs1110\ccs\tools\compiler\ti-cgt-arm_20.2.5.LTS\lib\</path>
         <kind>archive</kind>
         <file>rtsv7M4_T_le_v4SPD16_eabi.lib</file>
         <name>memory.c.obj</name>
      </input_file>
      <input_file id="fl-d4">
         <path>C:\ti\ccs1110\ccs\tools\compiler\ti-cgt-arm_20.2.5.LTS\lib\</path>
         <kind>archive</kind>
         <file>rtsv7M4_T_le_v4SPD16_eabi.lib</file>
         <name>boot_cortex_m.c.obj</name>
      </input_file>
      <input_file id="fl-d5">
         <path>C:\ti\ccs1110\ccs\tools\compiler\ti-cgt-arm_20.2.5.LTS\lib\</path>
         <kind>archive</kind>
         <file>rtsv7M4_T_le_v4SPD16_eabi.lib</file>
         <name>div0.asm.obj</name>
      </input_file>
      <input_file id="fl-d6">
         <path>C:\ti\ccs1110\ccs\tools\compiler\ti-cgt-arm_20.2.5.LTS\lib\</path>
         <kind>archive</kind>
         <file>rtsv7M4_T_le_v4SPD16_eabi.lib</file>
         <name>memcpy_t2.asm.obj</name>
      </input_file>
      <input_file id="fl-d7">
         <path>C:\ti\ccs1110\ccs\tools\compiler\ti-cgt-arm_20.2.5.LTS\lib\</path>
         <kind>archive</kind>
         <file>rtsv7M4_T_le_v4SPD16_eabi.lib</file>
         <name>autoinit.c.obj</name>
      </input_file>
      <input_file id="fl-d8">
         <path>C:\ti\ccs1110\ccs\tools\compiler\ti-cgt-arm_20.2.5.LTS\lib\</path>
         <kind>archive</kind>
         <file>rtsv7M4_T_le_v4SPD16_eabi.lib</file>
         <name>pre_init.c.obj</name>
      </input_file>
      <input_file id="fl-d9">
         <path>C:\ti\ccs1110\ccs\tools\compiler\ti-cgt-arm_20.2.5.LTS\lib\</path>
         <kind>archive</kind>
         <file>rtsv7M4_T_le_v4SPD16_eabi.lib</file>
         <name>cpy_tbl.c.obj</name>
      </input_file>
      <input_file id="fl-da">
         <path>C:\ti\ccs1110\ccs\tools\compiler\ti-cgt-arm_20.2.5.LTS\lib\</path>
         <kind>archive</kind>
         <file>rtsv7M4_T_le_v4SPD16_eabi.lib</file>
         <name>exit.c.obj</name>
      </input_file>
      <input_file id="fl-db">
         <path>C:\ti\ccs1110\ccs\tools\compiler\ti-cgt-arm_20.2.5.LTS\lib\</path>
         <kind>archive</kind>
         <file>rtsv7M4_T_le_v4SPD16_eabi.lib</file>
         <name>_lock.c.obj</name>
      </input_file>
      <input_file id="fl-dc">
         <path>C:\ti\ccs1110\ccs\tools\compiler\ti-cgt-arm_20.2.5.LTS\lib\</path>
         <kind>archive</kind>
         <file>rtsv7M4_T_le_v4SPD16_eabi.lib</file>
         <name>args_main.c.obj</name>
      </input_file>
      <input_file id="fl-dd">
         <path>C:\ti\TivaWare_C_Series-2.1.4.178\driverlib\ccs\Debug\</path>
         <kind>archive</kind>
         <file>driverlib.lib</file>
         <name>gpio.obj</name>
      </input_file>
      <input_file id="fl-de">
         <path>C:\ti\TivaWare_C_Series-2.1.4.178\driverlib\ccs\Debug\</path>
         <kind>archive</kind>
         <file>driverlib.lib</file>
         <name>i2c.obj</name>
      </input_file>
      <input_file id="fl-df">
         <path>C:\ti\TivaWare_C_Series-2.1.4.178\driverlib\ccs\Debug\</path>
         <kind>archive</kind>
         <file>driverlib.lib</file>
         <name>interrupt.obj</name>
      </input_file>
      <input_file id="fl-e0">
         <path>C:\ti\TivaWare_C_Series-2.1.4.178\driverlib\ccs\Debug\</path>
         <kind>archive</kind>
         <file>driverlib.lib</file>
         <name>ssi.obj</name>
      </input_file>
      <input_file id="fl-e1">
         <path>C:\ti\TivaWare_C_Series-2.1.4.178\driverlib\ccs\Debug\</path>
         <kind>archive</kind>
         <file>driverlib.lib</file>
         <name>sysctl.obj</name>
      </input_file>
      <input_file id="fl-e2">
         <path>C:\ti\TivaWare_C_Series-2.1.4.178\driverlib\ccs\Debug\</path>
         <kind>archive</kind>
         <file>driverlib.lib</file>
         <name>timer.obj</name>
      </input_file>
      <input_file id="fl-e3">
         <path>C:\ti\TivaWare_C_Series-2.1.4.178\driverlib\ccs\Debug\</path>
         <kind>archive</kind>
         <file>driverlib.lib</file>
         <name>cpu.obj</name>
      </input_file>
   </input_file_list>
   <object_component_list>
      <object_component id="oc-12">
         <name>.intvecs</name>
         <load_address>0x0</load_address>
         <run_address>0x0</run_address>
         <size>0x26c</size>
         <input_file_ref idref="fl-7"/>
      </object_component>
      <object_component id="oc-e7">
         <name>.text</name>
         <load_address>0x26c</load_address>
         <run_address>0x26c</run_address>
         <size>0xc84</size>
         <input_file_ref idref="fl-8"/>
      </object_component>
      <object_component id="oc-20f">
         <name>.text</name>
         <load_address>0xef0</load_address>
         <run_address>0xef0</run_address>
         <size>0x950</size>
         <input_file_ref idref="fl-e"/>
      </object_component>
      <object_component id="oc-15f">
         <name>.text</name>
         <load_address>0x1840</load_address>
         <run_address>0x1840</run_address>
         <size>0x37c</size>
         <input_file_ref idref="fl-c"/>
      </object_component>
      <object_component id="oc-ed">
         <name>.text</name>
         <load_address>0x1bbc</load_address>
         <run_address>0x1bbc</run_address>
         <size>0x310</size>
         <input_file_ref idref="fl-2"/>
      </object_component>
      <object_component id="oc-f3">
         <name>.text</name>
         <load_address>0x1ecc</load_address>
         <run_address>0x1ecc</run_address>
         <size>0x220</size>
         <input_file_ref idref="fl-3"/>
      </object_component>
      <object_component id="oc-153">
         <name>.text</name>
         <load_address>0x20ec</load_address>
         <run_address>0x20ec</run_address>
         <size>0x204</size>
         <input_file_ref idref="fl-d"/>
      </object_component>
      <object_component id="oc-1a8">
         <name>.text</name>
         <load_address>0x22f0</load_address>
         <run_address>0x22f0</run_address>
         <size>0x204</size>
         <input_file_ref idref="fl-5"/>
      </object_component>
      <object_component id="oc-a2">
         <name>.text</name>
         <load_address>0x24f4</load_address>
         <run_address>0x24f4</run_address>
         <size>0x194</size>
         <input_file_ref idref="fl-6"/>
      </object_component>
      <object_component id="oc-1bd">
         <name>.text</name>
         <load_address>0x2688</load_address>
         <run_address>0x2688</run_address>
         <size>0x136</size>
         <input_file_ref idref="fl-ca"/>
      </object_component>
      <object_component id="oc-1c3">
         <name>.text:GPIOPadConfigSet</name>
         <load_address>0x27be</load_address>
         <run_address>0x27be</run_address>
         <size>0x132</size>
         <input_file_ref idref="fl-dd"/>
      </object_component>
      <object_component id="oc-f9">
         <name>.text:SysCtlClockGet</name>
         <load_address>0x28f0</load_address>
         <run_address>0x28f0</run_address>
         <size>0x110</size>
         <input_file_ref idref="fl-e1"/>
      </object_component>
      <object_component id="oc-1b3">
         <name>.text</name>
         <load_address>0x2a00</load_address>
         <run_address>0x2a00</run_address>
         <size>0xfc</size>
         <input_file_ref idref="fl-cb"/>
      </object_component>
      <object_component id="oc-db">
         <name>.text:SysCtlClockSet</name>
         <load_address>0x2afc</load_address>
         <run_address>0x2afc</run_address>
         <size>0xf4</size>
         <input_file_ref idref="fl-e1"/>
      </object_component>
      <object_component id="oc-3e">
         <name>.text</name>
         <load_address>0x2bf0</load_address>
         <run_address>0x2bf0</run_address>
         <size>0x9c</size>
         <input_file_ref idref="fl-d6"/>
      </object_component>
      <object_component id="oc-96">
         <name>.text</name>
         <load_address>0x2c8c</load_address>
         <run_address>0x2c8c</run_address>
         <size>0x7a</size>
         <input_file_ref idref="fl-cf"/>
      </object_component>
      <object_component id="oc-15">
         <name>.text:decompress:lzss:__TI_decompress_lzss</name>
         <load_address>0x2d06</load_address>
         <run_address>0x2d06</run_address>
         <size>0x68</size>
         <input_file_ref idref="fl-d2"/>
      </object_component>
      <object_component id="oc-26e">
         <name>.text</name>
         <load_address>0x2d6e</load_address>
         <run_address>0x2d6e</run_address>
         <size>0x2</size>
         <input_file_ref idref="fl-d5"/>
      </object_component>
      <object_component id="oc-2fb">
         <name>.text:TimerConfigure</name>
         <load_address>0x2d70</load_address>
         <run_address>0x2d70</run_address>
         <size>0x60</size>
         <input_file_ref idref="fl-e2"/>
      </object_component>
      <object_component id="oc-225">
         <name>.text</name>
         <load_address>0x2dd0</load_address>
         <run_address>0x2dd0</run_address>
         <size>0x5c</size>
         <input_file_ref idref="fl-f"/>
      </object_component>
      <object_component id="oc-184">
         <name>.text:SysCtlPeripheralReset</name>
         <load_address>0x2e2c</load_address>
         <run_address>0x2e2c</run_address>
         <size>0x50</size>
         <input_file_ref idref="fl-e1"/>
      </object_component>
      <object_component id="oc-19c">
         <name>.text:I2CMasterInitExpClk</name>
         <load_address>0x2e7c</load_address>
         <run_address>0x2e7c</run_address>
         <size>0x4c</size>
         <input_file_ref idref="fl-de"/>
      </object_component>
      <object_component id="oc-196">
         <name>.text:GPIOPinConfigure</name>
         <load_address>0x2ec8</load_address>
         <run_address>0x2ec8</run_address>
         <size>0x48</size>
         <input_file_ref idref="fl-dd"/>
      </object_component>
      <object_component id="oc-1b8">
         <name>.text</name>
         <load_address>0x2f10</load_address>
         <run_address>0x2f10</run_address>
         <size>0x48</size>
         <input_file_ref idref="fl-cc"/>
      </object_component>
      <object_component id="oc-e1">
         <name>.text</name>
         <load_address>0x2f58</load_address>
         <run_address>0x2f58</run_address>
         <size>0x44</size>
         <input_file_ref idref="fl-9"/>
      </object_component>
      <object_component id="oc-113">
         <name>.text:__TI_auto_init_nobinit_nopinit:__TI_auto_init_nobinit_nopinit</name>
         <load_address>0x2f9c</load_address>
         <run_address>0x2f9c</run_address>
         <size>0x44</size>
         <input_file_ref idref="fl-d7"/>
      </object_component>
      <object_component id="oc-167">
         <name>.text</name>
         <load_address>0x2fe0</load_address>
         <run_address>0x2fe0</run_address>
         <size>0x40</size>
         <input_file_ref idref="fl-ce"/>
      </object_component>
      <object_component id="oc-237">
         <name>.text:SSIConfigSetExpClk</name>
         <load_address>0x3020</load_address>
         <run_address>0x3020</run_address>
         <size>0x3c</size>
         <input_file_ref idref="fl-e0"/>
      </object_component>
      <object_component id="oc-159">
         <name>.text:SysCtlPeripheralEnable</name>
         <load_address>0x305c</load_address>
         <run_address>0x305c</run_address>
         <size>0x34</size>
         <input_file_ref idref="fl-e1"/>
      </object_component>
      <object_component id="oc-5c">
         <name>.text:_c_int00_noargs:_c_int00_noargs</name>
         <load_address>0x3090</load_address>
         <run_address>0x3090</run_address>
         <size>0x34</size>
         <input_file_ref idref="fl-d4"/>
      </object_component>
      <object_component id="oc-1ae">
         <name>.text</name>
         <load_address>0x30c4</load_address>
         <run_address>0x30c4</run_address>
         <size>0x2e</size>
         <input_file_ref idref="fl-cd"/>
      </object_component>
      <object_component id="oc-280">
         <name>.text:GPIODirModeSet</name>
         <load_address>0x30f2</load_address>
         <run_address>0x30f2</run_address>
         <size>0x2a</size>
         <input_file_ref idref="fl-dd"/>
      </object_component>
      <object_component id="oc-4a">
         <name>.text:decompress:ZI:__TI_zero_init_nomemset:__TI_zero_init_nomemset</name>
         <load_address>0x311c</load_address>
         <run_address>0x311c</run_address>
         <size>0x1c</size>
         <input_file_ref idref="fl-d0"/>
      </object_component>
      <object_component id="oc-249">
         <name>.text:GPIOPinTypeGPIOOutput</name>
         <load_address>0x3138</load_address>
         <run_address>0x3138</run_address>
         <size>0x18</size>
         <input_file_ref idref="fl-dd"/>
      </object_component>
      <object_component id="oc-1a2">
         <name>.text:GPIOPinTypeGPIOInput</name>
         <load_address>0x3150</load_address>
         <run_address>0x3150</run_address>
         <size>0x12</size>
         <input_file_ref idref="fl-dd"/>
      </object_component>
      <object_component id="oc-18a">
         <name>.text:GPIOPinTypeI2C</name>
         <load_address>0x3162</load_address>
         <run_address>0x3162</run_address>
         <size>0x12</size>
         <input_file_ref idref="fl-dd"/>
      </object_component>
      <object_component id="oc-190">
         <name>.text:GPIOPinTypeI2CSCL</name>
         <load_address>0x3174</load_address>
         <run_address>0x3174</run_address>
         <size>0x12</size>
         <input_file_ref idref="fl-dd"/>
      </object_component>
      <object_component id="oc-22b">
         <name>.text:GPIOPinTypeSSI</name>
         <load_address>0x3186</load_address>
         <run_address>0x3186</run_address>
         <size>0x12</size>
         <input_file_ref idref="fl-dd"/>
      </object_component>
      <object_component id="oc-301">
         <name>.text:TimerEnable</name>
         <load_address>0x3198</load_address>
         <run_address>0x3198</run_address>
         <size>0xe</size>
         <input_file_ref idref="fl-e2"/>
      </object_component>
      <object_component id="oc-1b">
         <name>.text:decompress:none:__TI_decompress_none</name>
         <load_address>0x31a6</load_address>
         <run_address>0x31a6</run_address>
         <size>0xe</size>
         <input_file_ref idref="fl-d1"/>
      </object_component>
      <object_component id="oc-25b">
         <name>.text:SSIDataGet</name>
         <load_address>0x31b4</load_address>
         <run_address>0x31b4</run_address>
         <size>0xc</size>
         <input_file_ref idref="fl-e0"/>
      </object_component>
      <object_component id="oc-2a">
         <name>.text</name>
         <load_address>0x31c0</load_address>
         <run_address>0x31c0</run_address>
         <size>0xc</size>
         <input_file_ref idref="fl-7"/>
      </object_component>
      <object_component id="oc-28d">
         <name>.text:I2CMasterEnable</name>
         <load_address>0x31cc</load_address>
         <run_address>0x31cc</run_address>
         <size>0xa</size>
         <input_file_ref idref="fl-de"/>
      </object_component>
      <object_component id="oc-255">
         <name>.text:SSIDataPut</name>
         <load_address>0x31d6</load_address>
         <run_address>0x31d6</run_address>
         <size>0xa</size>
         <input_file_ref idref="fl-e0"/>
      </object_component>
      <object_component id="oc-23d">
         <name>.text:SSIEnable</name>
         <load_address>0x31e0</load_address>
         <run_address>0x31e0</run_address>
         <size>0xa</size>
         <input_file_ref idref="fl-e0"/>
      </object_component>
      <object_component id="oc-307">
         <name>.text:TimerValueGet</name>
         <load_address>0x31ea</load_address>
         <run_address>0x31ea</run_address>
         <size>0xa</size>
         <input_file_ref idref="fl-e2"/>
      </object_component>
      <object_component id="oc-2b4">
         <name>.text:I2CMasterBusBusy</name>
         <load_address>0x31f4</load_address>
         <run_address>0x31f4</run_address>
         <size>0x8</size>
         <input_file_ref idref="fl-de"/>
      </object_component>
      <object_component id="oc-2a8">
         <name>.text:I2CMasterBusy</name>
         <load_address>0x31fc</load_address>
         <run_address>0x31fc</run_address>
         <size>0x8</size>
         <input_file_ref idref="fl-de"/>
      </object_component>
      <object_component id="oc-296">
         <name>.text:I2CMasterSlaveAddrSet</name>
         <load_address>0x3204</load_address>
         <run_address>0x3204</run_address>
         <size>0x8</size>
         <input_file_ref idref="fl-de"/>
      </object_component>
      <object_component id="oc-24f">
         <name>.text:SSIBusy</name>
         <load_address>0x320c</load_address>
         <run_address>0x320c</run_address>
         <size>0x8</size>
         <input_file_ref idref="fl-e0"/>
      </object_component>
      <object_component id="oc-1c9">
         <name>.text:GPIOPinRead</name>
         <load_address>0x3214</load_address>
         <run_address>0x3214</run_address>
         <size>0x6</size>
         <input_file_ref idref="fl-dd"/>
      </object_component>
      <object_component id="oc-243">
         <name>.text:GPIOPinWrite</name>
         <load_address>0x321a</load_address>
         <run_address>0x321a</run_address>
         <size>0x6</size>
         <input_file_ref idref="fl-dd"/>
      </object_component>
      <object_component id="oc-231">
         <name>.text:SSIClockSourceSet</name>
         <load_address>0x3220</load_address>
         <run_address>0x3220</run_address>
         <size>0x6</size>
         <input_file_ref idref="fl-e0"/>
      </object_component>
      <object_component id="oc-ff">
         <name>.text:SysCtlDelay</name>
         <load_address>0x3226</load_address>
         <run_address>0x3226</run_address>
         <size>0x6</size>
         <input_file_ref idref="fl-e1"/>
      </object_component>
      <object_component id="oc-2a2">
         <name>.text:I2CMasterControl</name>
         <load_address>0x322c</load_address>
         <run_address>0x322c</run_address>
         <size>0x4</size>
         <input_file_ref idref="fl-de"/>
      </object_component>
      <object_component id="oc-2ae">
         <name>.text:I2CMasterDataGet</name>
         <load_address>0x3230</load_address>
         <run_address>0x3230</run_address>
         <size>0x4</size>
         <input_file_ref idref="fl-de"/>
      </object_component>
      <object_component id="oc-29c">
         <name>.text:I2CMasterDataPut</name>
         <load_address>0x3234</load_address>
         <run_address>0x3234</run_address>
         <size>0x4</size>
         <input_file_ref idref="fl-de"/>
      </object_component>
      <object_component id="oc-9c">
         <name>.text:_system_pre_init</name>
         <load_address>0x3238</load_address>
         <run_address>0x3238</run_address>
         <size>0x4</size>
         <input_file_ref idref="fl-d8"/>
      </object_component>
      <object_component id="oc-107">
         <name>.text:abort:abort</name>
         <load_address>0x323c</load_address>
         <run_address>0x323c</run_address>
         <size>0x4</size>
         <input_file_ref idref="fl-da"/>
      </object_component>
      <object_component id="oc-261">
         <name>.const:.string:rgbOledFont0</name>
         <load_address>0x3240</load_address>
         <run_address>0x3240</run_address>
         <size>0x300</size>
         <input_file_ref idref="fl-a"/>
      </object_component>
      <object_component id="oc-288">
         <name>.const:g_pui32GPIOBaseAddrs</name>
         <load_address>0x3540</load_address>
         <run_address>0x3540</run_address>
         <size>0x90</size>
         <input_file_ref idref="fl-dd"/>
      </object_component>
      <object_component id="oc-1dd">
         <name>.const:g_pui32Xtals</name>
         <load_address>0x35d0</load_address>
         <run_address>0x35d0</run_address>
         <size>0x6c</size>
         <input_file_ref idref="fl-e1"/>
      </object_component>
      <object_component id="oc-267">
         <name>.const:.string:rgbFillPat</name>
         <load_address>0x363c</load_address>
         <run_address>0x363c</run_address>
         <size>0x40</size>
         <input_file_ref idref="fl-b"/>
      </object_component>
      <object_component id="oc-16f">
         <name>.const:g_psDaysToMonth</name>
         <load_address>0x367c</load_address>
         <run_address>0x367c</run_address>
         <size>0x30</size>
         <input_file_ref idref="fl-8"/>
      </object_component>
      <object_component id="oc-172">
         <name>.const:g_pfExponents</name>
         <load_address>0x36ac</load_address>
         <run_address>0x36ac</run_address>
         <size>0x18</size>
         <input_file_ref idref="fl-8"/>
      </object_component>
      <object_component id="oc-274">
         <name>.const:.string</name>
         <load_address>0x36c4</load_address>
         <run_address>0x36c4</run_address>
         <size>0x12</size>
         <input_file_ref idref="fl-8"/>
      </object_component>
      <object_component id="oc-16c">
         <name>.const</name>
         <load_address>0x36d8</load_address>
         <run_address>0x36d8</run_address>
         <size>0x4</size>
         <input_file_ref idref="fl-8"/>
      </object_component>
      <object_component id="oc-375">
         <name>__TI_handler_table</name>
         <load_address>0x36e0</load_address>
         <run_address>0x36e0</run_address>
         <size>0xc</size>
      </object_component>
      <object_component id="oc-378">
         <name>.cinit..bss.load</name>
         <load_address>0x36f0</load_address>
         <run_address>0x36f0</run_address>
         <size>0x8</size>
      </object_component>
      <object_component id="oc-377">
         <name>.cinit..data.load</name>
         <load_address>0x36f8</load_address>
         <run_address>0x36f8</run_address>
         <size>0x8</size>
      </object_component>
      <object_component id="oc-376">
         <name>__TI_cinit_table</name>
         <load_address>0x3700</load_address>
         <run_address>0x3700</run_address>
         <size>0x10</size>
      </object_component>
      <object_component id="oc-175">
         <name>.data</name>
         <load_address>0x20000354</load_address>
         <run_address>0x20000354</run_address>
         <size>0x4</size>
         <input_file_ref idref="fl-8"/>
      </object_component>
      <object_component id="oc-1d2">
         <name>.bss:but_state</name>
         <uninitialized>true</uninitialized>
         <run_address>0x2000030c</run_address>
         <size>0x4</size>
         <input_file_ref idref="fl-3"/>
      </object_component>
      <object_component id="oc-1d5">
         <name>.bss:but_count</name>
         <uninitialized>true</uninitialized>
         <run_address>0x20000300</run_address>
         <size>0x4</size>
         <input_file_ref idref="fl-3"/>
      </object_component>
      <object_component id="oc-1d8">
         <name>.bss:but_flag</name>
         <uninitialized>true</uninitialized>
         <run_address>0x20000304</run_address>
         <size>0x4</size>
         <input_file_ref idref="fl-3"/>
      </object_component>
      <object_component id="oc-1cf">
         <name>.bss:but_normal</name>
         <uninitialized>true</uninitialized>
         <run_address>0x20000308</run_address>
         <size>0x4</size>
         <input_file_ref idref="fl-3"/>
      </object_component>
      <object_component id="oc-2ef">
         <name>.common:xcoOledCur</name>
         <uninitialized>true</uninitialized>
         <run_address>0x20000340</run_address>
         <size>0x4</size>
      </object_component>
      <object_component id="oc-2f0">
         <name>.common:ycoOledCur</name>
         <uninitialized>true</uninitialized>
         <run_address>0x2000034c</run_address>
         <size>0x4</size>
      </object_component>
      <object_component id="oc-222">
         <name>.common:pbOledCur</name>
         <uninitialized>true</uninitialized>
         <run_address>0x20000324</run_address>
         <size>0x4</size>
      </object_component>
      <object_component id="oc-2f1">
         <name>.common:bnOledCur</name>
         <uninitialized>true</uninitialized>
         <run_address>0x20000310</run_address>
         <size>0x4</size>
      </object_component>
      <object_component id="oc-265">
         <name>.common:clrOledCur</name>
         <uninitialized>true</uninitialized>
         <run_address>0x20000350</run_address>
         <size>0x1</size>
      </object_component>
      <object_component id="oc-266">
         <name>.common:pbOledPatCur</name>
         <uninitialized>true</uninitialized>
         <run_address>0x20000330</run_address>
         <size>0x4</size>
      </object_component>
      <object_component id="oc-220">
         <name>.common:fOledCharUpdate</name>
         <uninitialized>true</uninitialized>
         <run_address>0x2000031c</run_address>
         <size>0x4</size>
      </object_component>
      <object_component id="oc-21b">
         <name>.common:dxcoOledFontCur</name>
         <uninitialized>true</uninitialized>
         <run_address>0x20000314</run_address>
         <size>0x4</size>
      </object_component>
      <object_component id="oc-21e">
         <name>.common:dycoOledFontCur</name>
         <uninitialized>true</uninitialized>
         <run_address>0x20000318</run_address>
         <size>0x4</size>
      </object_component>
      <object_component id="oc-221">
         <name>.common:pbOledFontCur</name>
         <uninitialized>true</uninitialized>
         <run_address>0x20000328</run_address>
         <size>0x4</size>
      </object_component>
      <object_component id="oc-21f">
         <name>.common:pbOledFontUser</name>
         <uninitialized>true</uninitialized>
         <run_address>0x2000032c</run_address>
         <size>0x4</size>
      </object_component>
      <object_component id="oc-26a">
         <name>.common:rgbOledBmp</name>
         <uninitialized>true</uninitialized>
         <run_address>0x20000000</run_address>
         <size>0x200</size>
      </object_component>
      <object_component id="oc-219">
         <name>.common:xchOledCur</name>
         <uninitialized>true</uninitialized>
         <run_address>0x20000338</run_address>
         <size>0x4</size>
      </object_component>
      <object_component id="oc-21a">
         <name>.common:ychOledCur</name>
         <uninitialized>true</uninitialized>
         <run_address>0x20000344</run_address>
         <size>0x4</size>
      </object_component>
      <object_component id="oc-215">
         <name>.common:xchOledMax</name>
         <uninitialized>true</uninitialized>
         <run_address>0x2000033c</run_address>
         <size>0x4</size>
      </object_component>
      <object_component id="oc-218">
         <name>.common:ychOledMax</name>
         <uninitialized>true</uninitialized>
         <run_address>0x20000348</run_address>
         <size>0x4</size>
      </object_component>
      <object_component id="oc-264">
         <name>.common:rgbOledFontUser</name>
         <uninitialized>true</uninitialized>
         <run_address>0x20000200</run_address>
         <size>0x100</size>
      </object_component>
      <object_component id="oc-2f5">
         <name>.common:pfnDoRop</name>
         <uninitialized>true</uninitialized>
         <run_address>0x20000334</run_address>
         <size>0x4</size>
      </object_component>
      <object_component id="oc-2f2">
         <name>.common:modOledCur</name>
         <uninitialized>true</uninitialized>
         <run_address>0x20000320</run_address>
         <size>0x4</size>
      </object_component>
      <object_component id="oc-24">
         <name>.sysmem</name>
         <uninitialized>true</uninitialized>
         <run_address>0x20000558</run_address>
         <size>0x10</size>
         <input_file_ref idref="fl-d3"/>
      </object_component>
      <object_component id="oc-37b">
         <name>.sysmem</name>
         <uninitialized>true</uninitialized>
         <run_address>0x20000558</run_address>
         <size>0x0</size>
      </object_component>
      <object_component id="oc-27">
         <name>.stack</name>
         <uninitialized>true</uninitialized>
         <run_address>0x20000358</run_address>
         <size>0x4</size>
         <input_file_ref idref="fl-d4"/>
      </object_component>
      <object_component id="oc-37a">
         <name>.stack</name>
         <uninitialized>true</uninitialized>
         <run_address>0x20000358</run_address>
         <size>0x0</size>
      </object_component>
      <object_component id="oc-ca">
         <name>.debug_info</name>
         <load_address>0x0</load_address>
         <run_address>0x0</run_address>
         <size>0x4db</size>
         <input_file_ref idref="fl-2"/>
      </object_component>
      <object_component id="oc-f1">
         <name>.debug_info</name>
         <load_address>0x4db</load_address>
         <run_address>0x4db</run_address>
         <size>0x592</size>
         <input_file_ref idref="fl-2"/>
      </object_component>
      <object_component id="oc-102">
         <name>.debug_info</name>
         <load_address>0xa6d</load_address>
         <run_address>0xa6d</run_address>
         <size>0x72</size>
         <input_file_ref idref="fl-2"/>
      </object_component>
      <object_component id="oc-77">
         <name>.debug_info</name>
         <load_address>0xadf</load_address>
         <run_address>0xadf</run_address>
         <size>0x26b</size>
         <input_file_ref idref="fl-2"/>
      </object_component>
      <object_component id="oc-1e3">
         <name>.debug_info</name>
         <load_address>0xd4a</load_address>
         <run_address>0xd4a</run_address>
         <size>0x110</size>
         <input_file_ref idref="fl-2"/>
      </object_component>
      <object_component id="oc-c5">
         <name>.debug_info</name>
         <load_address>0xe5a</load_address>
         <run_address>0xe5a</run_address>
         <size>0x8b</size>
         <input_file_ref idref="fl-2"/>
      </object_component>
      <object_component id="oc-c0">
         <name>.debug_info</name>
         <load_address>0xee5</load_address>
         <run_address>0xee5</run_address>
         <size>0x2a4</size>
         <input_file_ref idref="fl-2"/>
      </object_component>
      <object_component id="oc-7c">
         <name>.debug_info</name>
         <load_address>0x1189</load_address>
         <run_address>0x1189</run_address>
         <size>0xbb</size>
         <input_file_ref idref="fl-2"/>
      </object_component>
      <object_component id="oc-17f">
         <name>.debug_info</name>
         <load_address>0x1244</load_address>
         <run_address>0x1244</run_address>
         <size>0x2c</size>
         <input_file_ref idref="fl-2"/>
      </object_component>
      <object_component id="oc-147">
         <name>.debug_info</name>
         <load_address>0x1270</load_address>
         <run_address>0x1270</run_address>
         <size>0x35</size>
         <input_file_ref idref="fl-2"/>
      </object_component>
      <object_component id="oc-1dc">
         <name>.debug_info</name>
         <load_address>0x12a5</load_address>
         <run_address>0x12a5</run_address>
         <size>0x36d</size>
         <input_file_ref idref="fl-3"/>
      </object_component>
      <object_component id="oc-1d3">
         <name>.debug_info</name>
         <load_address>0x1612</load_address>
         <run_address>0x1612</run_address>
         <size>0xd7</size>
         <input_file_ref idref="fl-3"/>
      </object_component>
      <object_component id="oc-1d6">
         <name>.debug_info</name>
         <load_address>0x16e9</load_address>
         <run_address>0x16e9</run_address>
         <size>0xd7</size>
         <input_file_ref idref="fl-3"/>
      </object_component>
      <object_component id="oc-1d9">
         <name>.debug_info</name>
         <load_address>0x17c0</load_address>
         <run_address>0x17c0</run_address>
         <size>0xd5</size>
         <input_file_ref idref="fl-3"/>
      </object_component>
      <object_component id="oc-1d0">
         <name>.debug_info</name>
         <load_address>0x1895</load_address>
         <run_address>0x1895</run_address>
         <size>0xd9</size>
         <input_file_ref idref="fl-3"/>
      </object_component>
      <object_component id="oc-f4">
         <name>.debug_info</name>
         <load_address>0x196e</load_address>
         <run_address>0x196e</run_address>
         <size>0x39f</size>
         <input_file_ref idref="fl-3"/>
      </object_component>
      <object_component id="oc-39">
         <name>.debug_info</name>
         <load_address>0x1d0d</load_address>
         <run_address>0x1d0d</run_address>
         <size>0x84</size>
         <input_file_ref idref="fl-4"/>
      </object_component>
      <object_component id="oc-2bb">
         <name>.debug_info</name>
         <load_address>0x1d91</load_address>
         <run_address>0x1d91</run_address>
         <size>0x3bf</size>
         <input_file_ref idref="fl-5"/>
      </object_component>
      <object_component id="oc-1aa">
         <name>.debug_info</name>
         <load_address>0x2150</load_address>
         <run_address>0x2150</run_address>
         <size>0x53e</size>
         <input_file_ref idref="fl-5"/>
      </object_component>
      <object_component id="oc-101">
         <name>.debug_info</name>
         <load_address>0x268e</load_address>
         <run_address>0x268e</run_address>
         <size>0x4b3</size>
         <input_file_ref idref="fl-6"/>
      </object_component>
      <object_component id="oc-a3">
         <name>.debug_info</name>
         <load_address>0x2b41</load_address>
         <run_address>0x2b41</run_address>
         <size>0x542</size>
         <input_file_ref idref="fl-6"/>
      </object_component>
      <object_component id="oc-32">
         <name>.debug_info</name>
         <load_address>0x3083</load_address>
         <run_address>0x3083</run_address>
         <size>0x2af</size>
         <input_file_ref idref="fl-7"/>
      </object_component>
      <object_component id="oc-13">
         <name>.debug_info</name>
         <load_address>0x3332</load_address>
         <run_address>0x3332</run_address>
         <size>0xee</size>
         <input_file_ref idref="fl-7"/>
      </object_component>
      <object_component id="oc-2d">
         <name>.debug_info</name>
         <load_address>0x3420</load_address>
         <run_address>0x3420</run_address>
         <size>0x26a</size>
         <input_file_ref idref="fl-7"/>
      </object_component>
      <object_component id="oc-179">
         <name>.debug_info</name>
         <load_address>0x368a</load_address>
         <run_address>0x368a</run_address>
         <size>0x2f0</size>
         <input_file_ref idref="fl-8"/>
      </object_component>
      <object_component id="oc-16d">
         <name>.debug_info</name>
         <load_address>0x397a</load_address>
         <run_address>0x397a</run_address>
         <size>0xf7</size>
         <input_file_ref idref="fl-8"/>
      </object_component>
      <object_component id="oc-170">
         <name>.debug_info</name>
         <load_address>0x3a71</load_address>
         <run_address>0x3a71</run_address>
         <size>0x108</size>
         <input_file_ref idref="fl-8"/>
      </object_component>
      <object_component id="oc-173">
         <name>.debug_info</name>
         <load_address>0x3b79</load_address>
         <run_address>0x3b79</run_address>
         <size>0x104</size>
         <input_file_ref idref="fl-8"/>
      </object_component>
      <object_component id="oc-176">
         <name>.debug_info</name>
         <load_address>0x3c7d</load_address>
         <run_address>0x3c7d</run_address>
         <size>0x104</size>
         <input_file_ref idref="fl-8"/>
      </object_component>
      <object_component id="oc-e8">
         <name>.debug_info</name>
         <load_address>0x3d81</load_address>
         <run_address>0x3d81</run_address>
         <size>0x1360</size>
         <input_file_ref idref="fl-8"/>
      </object_component>
      <object_component id="oc-17a">
         <name>.debug_info</name>
         <load_address>0x50e1</load_address>
         <run_address>0x50e1</run_address>
         <size>0x196</size>
         <input_file_ref idref="fl-8"/>
      </object_component>
      <object_component id="oc-166">
         <name>.debug_info</name>
         <load_address>0x5277</load_address>
         <run_address>0x5277</run_address>
         <size>0x36f</size>
         <input_file_ref idref="fl-9"/>
      </object_component>
      <object_component id="oc-e2">
         <name>.debug_info</name>
         <load_address>0x55e6</load_address>
         <run_address>0x55e6</run_address>
         <size>0x3a2</size>
         <input_file_ref idref="fl-9"/>
      </object_component>
      <object_component id="oc-31a">
         <name>.debug_info</name>
         <load_address>0x5988</load_address>
         <run_address>0x5988</run_address>
         <size>0x104</size>
         <input_file_ref idref="fl-a"/>
      </object_component>
      <object_component id="oc-262">
         <name>.debug_info</name>
         <load_address>0x5a8c</load_address>
         <run_address>0x5a8c</run_address>
         <size>0x118</size>
         <input_file_ref idref="fl-a"/>
      </object_component>
      <object_component id="oc-31d">
         <name>.debug_info</name>
         <load_address>0x5ba4</load_address>
         <run_address>0x5ba4</run_address>
         <size>0x101</size>
         <input_file_ref idref="fl-b"/>
      </object_component>
      <object_component id="oc-268">
         <name>.debug_info</name>
         <load_address>0x5ca5</load_address>
         <run_address>0x5ca5</run_address>
         <size>0x113</size>
         <input_file_ref idref="fl-b"/>
      </object_component>
      <object_component id="oc-21c">
         <name>.debug_info</name>
         <load_address>0x5db8</load_address>
         <run_address>0x5db8</run_address>
         <size>0x871</size>
         <input_file_ref idref="fl-c"/>
      </object_component>
      <object_component id="oc-161">
         <name>.debug_info</name>
         <load_address>0x6629</load_address>
         <run_address>0x6629</run_address>
         <size>0xe63</size>
         <input_file_ref idref="fl-c"/>
      </object_component>
      <object_component id="oc-216">
         <name>.debug_info</name>
         <load_address>0x748c</load_address>
         <run_address>0x748c</run_address>
         <size>0x4ee</size>
         <input_file_ref idref="fl-d"/>
      </object_component>
      <object_component id="oc-155">
         <name>.debug_info</name>
         <load_address>0x797a</load_address>
         <run_address>0x797a</run_address>
         <size>0xb36</size>
         <input_file_ref idref="fl-d"/>
      </object_component>
      <object_component id="oc-2f3">
         <name>.debug_info</name>
         <load_address>0x84b0</load_address>
         <run_address>0x84b0</run_address>
         <size>0x4c8</size>
         <input_file_ref idref="fl-e"/>
      </object_component>
      <object_component id="oc-211">
         <name>.debug_info</name>
         <load_address>0x8978</load_address>
         <run_address>0x8978</run_address>
         <size>0x2252</size>
         <input_file_ref idref="fl-e"/>
      </object_component>
      <object_component id="oc-226">
         <name>.debug_info</name>
         <load_address>0xabca</load_address>
         <run_address>0xabca</run_address>
         <size>0x2ed</size>
         <input_file_ref idref="fl-f"/>
      </object_component>
      <object_component id="oc-1be">
         <name>.debug_info</name>
         <load_address>0xaeb7</load_address>
         <run_address>0xaeb7</run_address>
         <size>0x13a</size>
         <input_file_ref idref="fl-ca"/>
      </object_component>
      <object_component id="oc-1b6">
         <name>.debug_info</name>
         <load_address>0xaff1</load_address>
         <run_address>0xaff1</run_address>
         <size>0x13a</size>
         <input_file_ref idref="fl-cb"/>
      </object_component>
      <object_component id="oc-1b9">
         <name>.debug_info</name>
         <load_address>0xb12b</load_address>
         <run_address>0xb12b</run_address>
         <size>0x12e</size>
         <input_file_ref idref="fl-cc"/>
      </object_component>
      <object_component id="oc-1af">
         <name>.debug_info</name>
         <load_address>0xb259</load_address>
         <run_address>0xb259</run_address>
         <size>0x12c</size>
         <input_file_ref idref="fl-cd"/>
      </object_component>
      <object_component id="oc-16a">
         <name>.debug_info</name>
         <load_address>0xb385</load_address>
         <run_address>0xb385</run_address>
         <size>0x142</size>
         <input_file_ref idref="fl-ce"/>
      </object_component>
      <object_component id="oc-99">
         <name>.debug_info</name>
         <load_address>0xb4c7</load_address>
         <run_address>0xb4c7</run_address>
         <size>0x147</size>
         <input_file_ref idref="fl-cf"/>
      </object_component>
      <object_component id="oc-95">
         <name>.debug_info</name>
         <load_address>0xb60e</load_address>
         <run_address>0xb60e</run_address>
         <size>0x2d4</size>
         <input_file_ref idref="fl-d0"/>
      </object_component>
      <object_component id="oc-4e">
         <name>.debug_info</name>
         <load_address>0xb8e2</load_address>
         <run_address>0xb8e2</run_address>
         <size>0x1d2</size>
         <input_file_ref idref="fl-d0"/>
      </object_component>
      <object_component id="oc-90">
         <name>.debug_info</name>
         <load_address>0xbab4</load_address>
         <run_address>0xbab4</run_address>
         <size>0x46</size>
         <input_file_ref idref="fl-d0"/>
      </object_component>
      <object_component id="oc-d2">
         <name>.debug_info</name>
         <load_address>0xbafa</load_address>
         <run_address>0xbafa</run_address>
         <size>0x2c</size>
         <input_file_ref idref="fl-d0"/>
      </object_component>
      <object_component id="oc-49">
         <name>.debug_info</name>
         <load_address>0xbb26</load_address>
         <run_address>0xbb26</run_address>
         <size>0x2a8</size>
         <input_file_ref idref="fl-d1"/>
      </object_component>
      <object_component id="oc-1c">
         <name>.debug_info</name>
         <load_address>0xbdce</load_address>
         <run_address>0xbdce</run_address>
         <size>0x1ea</size>
         <input_file_ref idref="fl-d1"/>
      </object_component>
      <object_component id="oc-44">
         <name>.debug_info</name>
         <load_address>0xbfb8</load_address>
         <run_address>0xbfb8</run_address>
         <size>0x46</size>
         <input_file_ref idref="fl-d1"/>
      </object_component>
      <object_component id="oc-88">
         <name>.debug_info</name>
         <load_address>0xbffe</load_address>
         <run_address>0xbffe</run_address>
         <size>0x2c</size>
         <input_file_ref idref="fl-d1"/>
      </object_component>
      <object_component id="oc-86">
         <name>.debug_info</name>
         <load_address>0xc02a</load_address>
         <run_address>0xc02a</run_address>
         <size>0x29e</size>
         <input_file_ref idref="fl-d2"/>
      </object_component>
      <object_component id="oc-17">
         <name>.debug_info</name>
         <load_address>0xc2c8</load_address>
         <run_address>0xc2c8</run_address>
         <size>0x250</size>
         <input_file_ref idref="fl-d2"/>
      </object_component>
      <object_component id="oc-34">
         <name>.debug_info</name>
         <load_address>0xc518</load_address>
         <run_address>0xc518</run_address>
         <size>0x60</size>
         <input_file_ref idref="fl-d2"/>
      </object_component>
      <object_component id="oc-cb">
         <name>.debug_info</name>
         <load_address>0xc578</load_address>
         <run_address>0xc578</run_address>
         <size>0x46</size>
         <input_file_ref idref="fl-d2"/>
      </object_component>
      <object_component id="oc-81">
         <name>.debug_info</name>
         <load_address>0xc5be</load_address>
         <run_address>0xc5be</run_address>
         <size>0x39</size>
         <input_file_ref idref="fl-d2"/>
      </object_component>
      <object_component id="oc-70">
         <name>.debug_info</name>
         <load_address>0xc5f7</load_address>
         <run_address>0xc5f7</run_address>
         <size>0x3b2</size>
         <input_file_ref idref="fl-d3"/>
      </object_component>
      <object_component id="oc-25">
         <name>.debug_info</name>
         <load_address>0xc9a9</load_address>
         <run_address>0xc9a9</run_address>
         <size>0x10c</size>
         <input_file_ref idref="fl-d3"/>
      </object_component>
      <object_component id="oc-bb">
         <name>.debug_info</name>
         <load_address>0xcab5</load_address>
         <run_address>0xcab5</run_address>
         <size>0xb2</size>
         <input_file_ref idref="fl-d3"/>
      </object_component>
      <object_component id="oc-b6">
         <name>.debug_info</name>
         <load_address>0xcb67</load_address>
         <run_address>0xcb67</run_address>
         <size>0x2c</size>
         <input_file_ref idref="fl-d3"/>
      </object_component>
      <object_component id="oc-28">
         <name>.debug_info</name>
         <load_address>0xcb93</load_address>
         <run_address>0xcb93</run_address>
         <size>0x10b</size>
         <input_file_ref idref="fl-d4"/>
      </object_component>
      <object_component id="oc-5e">
         <name>.debug_info</name>
         <load_address>0xcc9e</load_address>
         <run_address>0xcc9e</run_address>
         <size>0x1a9</size>
         <input_file_ref idref="fl-d4"/>
      </object_component>
      <object_component id="oc-26f">
         <name>.debug_info</name>
         <load_address>0xce47</load_address>
         <run_address>0xce47</run_address>
         <size>0x115</size>
         <input_file_ref idref="fl-d5"/>
      </object_component>
      <object_component id="oc-41">
         <name>.debug_info</name>
         <load_address>0xcf5c</load_address>
         <run_address>0xcf5c</run_address>
         <size>0x119</size>
         <input_file_ref idref="fl-d6"/>
      </object_component>
      <object_component id="oc-1f3">
         <name>.debug_info</name>
         <load_address>0xd075</load_address>
         <run_address>0xd075</run_address>
         <size>0x4b3</size>
         <input_file_ref idref="fl-d7"/>
      </object_component>
      <object_component id="oc-115">
         <name>.debug_info</name>
         <load_address>0xd528</load_address>
         <run_address>0xd528</run_address>
         <size>0x1a6</size>
         <input_file_ref idref="fl-d7"/>
      </object_component>
      <object_component id="oc-2de">
         <name>.debug_info</name>
         <load_address>0xd6ce</load_address>
         <run_address>0xd6ce</run_address>
         <size>0x39</size>
         <input_file_ref idref="fl-d7"/>
      </object_component>
      <object_component id="oc-332">
         <name>.debug_info</name>
         <load_address>0xd707</load_address>
         <run_address>0xd707</run_address>
         <size>0x39</size>
         <input_file_ref idref="fl-d7"/>
      </object_component>
      <object_component id="oc-2e3">
         <name>.debug_info</name>
         <load_address>0xd740</load_address>
         <run_address>0xd740</run_address>
         <size>0x39</size>
         <input_file_ref idref="fl-d7"/>
      </object_component>
      <object_component id="oc-2e8">
         <name>.debug_info</name>
         <load_address>0xd779</load_address>
         <run_address>0xd779</run_address>
         <size>0xcd</size>
         <input_file_ref idref="fl-d7"/>
      </object_component>
      <object_component id="oc-9f">
         <name>.debug_info</name>
         <load_address>0xd846</load_address>
         <run_address>0xd846</run_address>
         <size>0x153</size>
         <input_file_ref idref="fl-d8"/>
      </object_component>
      <object_component id="oc-108">
         <name>.debug_info</name>
         <load_address>0xd999</load_address>
         <run_address>0xd999</run_address>
         <size>0x122</size>
         <input_file_ref idref="fl-da"/>
      </object_component>
      <object_component id="oc-28c">
         <name>.debug_info</name>
         <load_address>0xdabb</load_address>
         <run_address>0xdabb</run_address>
         <size>0x240</size>
         <input_file_ref idref="fl-dd"/>
      </object_component>
      <object_component id="oc-289">
         <name>.debug_info</name>
         <load_address>0xdcfb</load_address>
         <run_address>0xdcfb</run_address>
         <size>0x15b</size>
         <input_file_ref idref="fl-dd"/>
      </object_component>
      <object_component id="oc-245">
         <name>.debug_info</name>
         <load_address>0xde56</load_address>
         <run_address>0xde56</run_address>
         <size>0x2a3</size>
         <input_file_ref idref="fl-dd"/>
      </object_component>
      <object_component id="oc-282">
         <name>.debug_info</name>
         <load_address>0xe0f9</load_address>
         <run_address>0xe0f9</run_address>
         <size>0x2b3</size>
         <input_file_ref idref="fl-dd"/>
      </object_component>
      <object_component id="oc-1c5">
         <name>.debug_info</name>
         <load_address>0xe3ac</load_address>
         <run_address>0xe3ac</run_address>
         <size>0x316</size>
         <input_file_ref idref="fl-dd"/>
      </object_component>
      <object_component id="oc-22c">
         <name>.debug_info</name>
         <load_address>0xe6c2</load_address>
         <run_address>0xe6c2</run_address>
         <size>0x279</size>
         <input_file_ref idref="fl-dd"/>
      </object_component>
      <object_component id="oc-191">
         <name>.debug_info</name>
         <load_address>0xe93b</load_address>
         <run_address>0xe93b</run_address>
         <size>0x27f</size>
         <input_file_ref idref="fl-dd"/>
      </object_component>
      <object_component id="oc-18b">
         <name>.debug_info</name>
         <load_address>0xebba</load_address>
         <run_address>0xebba</run_address>
         <size>0x279</size>
         <input_file_ref idref="fl-dd"/>
      </object_component>
      <object_component id="oc-24a">
         <name>.debug_info</name>
         <load_address>0xee33</load_address>
         <run_address>0xee33</run_address>
         <size>0x2b7</size>
         <input_file_ref idref="fl-dd"/>
      </object_component>
      <object_component id="oc-1a3">
         <name>.debug_info</name>
         <load_address>0xf0ea</load_address>
         <run_address>0xf0ea</run_address>
         <size>0x285</size>
         <input_file_ref idref="fl-dd"/>
      </object_component>
      <object_component id="oc-1ca">
         <name>.debug_info</name>
         <load_address>0xf36f</load_address>
         <run_address>0xf36f</run_address>
         <size>0x27b</size>
         <input_file_ref idref="fl-dd"/>
      </object_component>
      <object_component id="oc-197">
         <name>.debug_info</name>
         <load_address>0xf5ea</load_address>
         <run_address>0xf5ea</run_address>
         <size>0x280</size>
         <input_file_ref idref="fl-dd"/>
      </object_component>
      <object_component id="oc-14d">
         <name>.debug_info</name>
         <load_address>0xf86a</load_address>
         <run_address>0xf86a</run_address>
         <size>0x18b</size>
         <input_file_ref idref="fl-dd"/>
      </object_component>
      <object_component id="oc-294">
         <name>.debug_info</name>
         <load_address>0xf9f5</load_address>
         <run_address>0xf9f5</run_address>
         <size>0x231</size>
         <input_file_ref idref="fl-de"/>
      </object_component>
      <object_component id="oc-297">
         <name>.debug_info</name>
         <load_address>0xfc26</load_address>
         <run_address>0xfc26</run_address>
         <size>0x2ce</size>
         <input_file_ref idref="fl-de"/>
      </object_component>
      <object_component id="oc-28e">
         <name>.debug_info</name>
         <load_address>0xfef4</load_address>
         <run_address>0xfef4</run_address>
         <size>0x24e</size>
         <input_file_ref idref="fl-de"/>
      </object_component>
      <object_component id="oc-19d">
         <name>.debug_info</name>
         <load_address>0x10142</load_address>
         <run_address>0x10142</run_address>
         <size>0x2d5</size>
         <input_file_ref idref="fl-de"/>
      </object_component>
      <object_component id="oc-29d">
         <name>.debug_info</name>
         <load_address>0x10417</load_address>
         <run_address>0x10417</run_address>
         <size>0x27e</size>
         <input_file_ref idref="fl-de"/>
      </object_component>
      <object_component id="oc-2af">
         <name>.debug_info</name>
         <load_address>0x10695</load_address>
         <run_address>0x10695</run_address>
         <size>0x254</size>
         <input_file_ref idref="fl-de"/>
      </object_component>
      <object_component id="oc-2a3">
         <name>.debug_info</name>
         <load_address>0x108e9</load_address>
         <run_address>0x108e9</run_address>
         <size>0x27e</size>
         <input_file_ref idref="fl-de"/>
      </object_component>
      <object_component id="oc-2a9">
         <name>.debug_info</name>
         <load_address>0x10b67</load_address>
         <run_address>0x10b67</run_address>
         <size>0x24e</size>
         <input_file_ref idref="fl-de"/>
      </object_component>
      <object_component id="oc-2b5">
         <name>.debug_info</name>
         <load_address>0x10db5</load_address>
         <run_address>0x10db5</run_address>
         <size>0x254</size>
         <input_file_ref idref="fl-de"/>
      </object_component>
      <object_component id="oc-310">
         <name>.debug_info</name>
         <load_address>0x11009</load_address>
         <run_address>0x11009</run_address>
         <size>0x21c</size>
         <input_file_ref idref="fl-e0"/>
      </object_component>
      <object_component id="oc-23e">
         <name>.debug_info</name>
         <load_address>0x11225</load_address>
         <run_address>0x11225</run_address>
         <size>0x242</size>
         <input_file_ref idref="fl-e0"/>
      </object_component>
      <object_component id="oc-256">
         <name>.debug_info</name>
         <load_address>0x11467</load_address>
         <run_address>0x11467</run_address>
         <size>0x276</size>
         <input_file_ref idref="fl-e0"/>
      </object_component>
      <object_component id="oc-25c">
         <name>.debug_info</name>
         <load_address>0x116dd</load_address>
         <run_address>0x116dd</run_address>
         <size>0x27a</size>
         <input_file_ref idref="fl-e0"/>
      </object_component>
      <object_component id="oc-238">
         <name>.debug_info</name>
         <load_address>0x11957</load_address>
         <run_address>0x11957</run_address>
         <size>0x3d9</size>
         <input_file_ref idref="fl-e0"/>
      </object_component>
      <object_component id="oc-232">
         <name>.debug_info</name>
         <load_address>0x11d30</load_address>
         <run_address>0x11d30</run_address>
         <size>0x28c</size>
         <input_file_ref idref="fl-e0"/>
      </object_component>
      <object_component id="oc-250">
         <name>.debug_info</name>
         <load_address>0x11fbc</load_address>
         <run_address>0x11fbc</run_address>
         <size>0x242</size>
         <input_file_ref idref="fl-e0"/>
      </object_component>
      <object_component id="oc-152">
         <name>.debug_info</name>
         <load_address>0x121fe</load_address>
         <run_address>0x121fe</run_address>
         <size>0x298</size>
         <input_file_ref idref="fl-e1"/>
      </object_component>
      <object_component id="oc-1de">
         <name>.debug_info</name>
         <load_address>0x12496</load_address>
         <run_address>0x12496</run_address>
         <size>0x14d</size>
         <input_file_ref idref="fl-e1"/>
      </object_component>
      <object_component id="oc-185">
         <name>.debug_info</name>
         <load_address>0x125e3</load_address>
         <run_address>0x125e3</run_address>
         <size>0x295</size>
         <input_file_ref idref="fl-e1"/>
      </object_component>
      <object_component id="oc-15a">
         <name>.debug_info</name>
         <load_address>0x12878</load_address>
         <run_address>0x12878</run_address>
         <size>0x27d</size>
         <input_file_ref idref="fl-e1"/>
      </object_component>
      <object_component id="oc-dc">
         <name>.debug_info</name>
         <load_address>0x12af5</load_address>
         <run_address>0x12af5</run_address>
         <size>0x2db</size>
         <input_file_ref idref="fl-e1"/>
      </object_component>
      <object_component id="oc-fa">
         <name>.debug_info</name>
         <load_address>0x12dd0</load_address>
         <run_address>0x12dd0</run_address>
         <size>0x2b5</size>
         <input_file_ref idref="fl-e1"/>
      </object_component>
      <object_component id="oc-20a">
         <name>.debug_info</name>
         <load_address>0x13085</load_address>
         <run_address>0x13085</run_address>
         <size>0x5f</size>
         <input_file_ref idref="fl-e1"/>
      </object_component>
      <object_component id="oc-341">
         <name>.debug_info</name>
         <load_address>0x130e4</load_address>
         <run_address>0x130e4</run_address>
         <size>0x223</size>
         <input_file_ref idref="fl-e2"/>
      </object_component>
      <object_component id="oc-308">
         <name>.debug_info</name>
         <load_address>0x13307</load_address>
         <run_address>0x13307</run_address>
         <size>0x28a</size>
         <input_file_ref idref="fl-e2"/>
      </object_component>
      <object_component id="oc-302">
         <name>.debug_info</name>
         <load_address>0x13591</load_address>
         <run_address>0x13591</run_address>
         <size>0x27f</size>
         <input_file_ref idref="fl-e2"/>
      </object_component>
      <object_component id="oc-2fc">
         <name>.debug_info</name>
         <load_address>0x13810</load_address>
         <run_address>0x13810</run_address>
         <size>0x28c</size>
         <input_file_ref idref="fl-e2"/>
      </object_component>
      <object_component id="oc-37c">
         <name>.debug_info</name>
         <load_address>0x13a9c</load_address>
         <run_address>0x13a9c</run_address>
         <size>0xa1</size>
      </object_component>
      <object_component id="oc-146">
         <name>.debug_line</name>
         <load_address>0x0</load_address>
         <run_address>0x0</run_address>
         <size>0xd6</size>
         <input_file_ref idref="fl-2"/>
      </object_component>
      <object_component id="oc-ee">
         <name>.debug_line</name>
         <load_address>0xd6</load_address>
         <run_address>0xd6</run_address>
         <size>0xc9</size>
         <input_file_ref idref="fl-2"/>
      </object_component>
      <object_component id="oc-105">
         <name>.debug_line</name>
         <load_address>0x19f</load_address>
         <run_address>0x19f</run_address>
         <size>0x2c</size>
         <input_file_ref idref="fl-2"/>
      </object_component>
      <object_component id="oc-7a">
         <name>.debug_line</name>
         <load_address>0x1cb</load_address>
         <run_address>0x1cb</run_address>
         <size>0x6f</size>
         <input_file_ref idref="fl-2"/>
      </object_component>
      <object_component id="oc-1e6">
         <name>.debug_line</name>
         <load_address>0x23a</load_address>
         <run_address>0x23a</run_address>
         <size>0x6b</size>
         <input_file_ref idref="fl-2"/>
      </object_component>
      <object_component id="oc-c8">
         <name>.debug_line</name>
         <load_address>0x2a5</load_address>
         <run_address>0x2a5</run_address>
         <size>0x20</size>
         <input_file_ref idref="fl-2"/>
      </object_component>
      <object_component id="oc-c3">
         <name>.debug_line</name>
         <load_address>0x2c5</load_address>
         <run_address>0x2c5</run_address>
         <size>0x73</size>
         <input_file_ref idref="fl-2"/>
      </object_component>
      <object_component id="oc-7f">
         <name>.debug_line</name>
         <load_address>0x338</load_address>
         <run_address>0x338</run_address>
         <size>0x70</size>
         <input_file_ref idref="fl-2"/>
      </object_component>
      <object_component id="oc-182">
         <name>.debug_line</name>
         <load_address>0x3a8</load_address>
         <run_address>0x3a8</run_address>
         <size>0x6b</size>
         <input_file_ref idref="fl-2"/>
      </object_component>
      <object_component id="oc-14a">
         <name>.debug_line</name>
         <load_address>0x413</load_address>
         <run_address>0x413</run_address>
         <size>0x72</size>
         <input_file_ref idref="fl-2"/>
      </object_component>
      <object_component id="oc-2cb">
         <name>.debug_line</name>
         <load_address>0x485</load_address>
         <run_address>0x485</run_address>
         <size>0x8e</size>
         <input_file_ref idref="fl-3"/>
      </object_component>
      <object_component id="oc-2c5">
         <name>.debug_line</name>
         <load_address>0x513</load_address>
         <run_address>0x513</run_address>
         <size>0x31</size>
         <input_file_ref idref="fl-3"/>
      </object_component>
      <object_component id="oc-2c7">
         <name>.debug_line</name>
         <load_address>0x544</load_address>
         <run_address>0x544</run_address>
         <size>0x31</size>
         <input_file_ref idref="fl-3"/>
      </object_component>
      <object_component id="oc-2c9">
         <name>.debug_line</name>
         <load_address>0x575</load_address>
         <run_address>0x575</run_address>
         <size>0x31</size>
         <input_file_ref idref="fl-3"/>
      </object_component>
      <object_component id="oc-2c3">
         <name>.debug_line</name>
         <load_address>0x5a6</load_address>
         <run_address>0x5a6</run_address>
         <size>0x31</size>
         <input_file_ref idref="fl-3"/>
      </object_component>
      <object_component id="oc-f7">
         <name>.debug_line</name>
         <load_address>0x5d7</load_address>
         <run_address>0x5d7</run_address>
         <size>0xd8</size>
         <input_file_ref idref="fl-3"/>
      </object_component>
      <object_component id="oc-3c">
         <name>.debug_line</name>
         <load_address>0x6af</load_address>
         <run_address>0x6af</run_address>
         <size>0x20</size>
         <input_file_ref idref="fl-4"/>
      </object_component>
      <object_component id="oc-32e">
         <name>.debug_line</name>
         <load_address>0x6cf</load_address>
         <run_address>0x6cf</run_address>
         <size>0x55</size>
         <input_file_ref idref="fl-5"/>
      </object_component>
      <object_component id="oc-1a9">
         <name>.debug_line</name>
         <load_address>0x724</load_address>
         <run_address>0x724</run_address>
         <size>0x11b</size>
         <input_file_ref idref="fl-5"/>
      </object_component>
      <object_component id="oc-1e2">
         <name>.debug_line</name>
         <load_address>0x83f</load_address>
         <run_address>0x83f</run_address>
         <size>0xd2</size>
         <input_file_ref idref="fl-6"/>
      </object_component>
      <object_component id="oc-a6">
         <name>.debug_line</name>
         <load_address>0x911</load_address>
         <run_address>0x911</run_address>
         <size>0xe9</size>
         <input_file_ref idref="fl-6"/>
      </object_component>
      <object_component id="oc-76">
         <name>.debug_line</name>
         <load_address>0x9fa</load_address>
         <run_address>0x9fa</run_address>
         <size>0x41</size>
         <input_file_ref idref="fl-7"/>
      </object_component>
      <object_component id="oc-31">
         <name>.debug_line</name>
         <load_address>0xa3b</load_address>
         <run_address>0xa3b</run_address>
         <size>0x41</size>
         <input_file_ref idref="fl-7"/>
      </object_component>
      <object_component id="oc-2b">
         <name>.debug_line</name>
         <load_address>0xa7c</load_address>
         <run_address>0xa7c</run_address>
         <size>0xa1</size>
         <input_file_ref idref="fl-7"/>
      </object_component>
      <object_component id="oc-27e">
         <name>.debug_line</name>
         <load_address>0xb1d</load_address>
         <run_address>0xb1d</run_address>
         <size>0x20</size>
         <input_file_ref idref="fl-8"/>
      </object_component>
      <object_component id="oc-276">
         <name>.debug_line</name>
         <load_address>0xb3d</load_address>
         <run_address>0xb3d</run_address>
         <size>0x55</size>
         <input_file_ref idref="fl-8"/>
      </object_component>
      <object_component id="oc-278">
         <name>.debug_line</name>
         <load_address>0xb92</load_address>
         <run_address>0xb92</run_address>
         <size>0x55</size>
         <input_file_ref idref="fl-8"/>
      </object_component>
      <object_component id="oc-27a">
         <name>.debug_line</name>
         <load_address>0xbe7</load_address>
         <run_address>0xbe7</run_address>
         <size>0x55</size>
         <input_file_ref idref="fl-8"/>
      </object_component>
      <object_component id="oc-27c">
         <name>.debug_line</name>
         <load_address>0xc3c</load_address>
         <run_address>0xc3c</run_address>
         <size>0x55</size>
         <input_file_ref idref="fl-8"/>
      </object_component>
      <object_component id="oc-eb">
         <name>.debug_line</name>
         <load_address>0xc91</load_address>
         <run_address>0xc91</run_address>
         <size>0x642</size>
         <input_file_ref idref="fl-8"/>
      </object_component>
      <object_component id="oc-17d">
         <name>.debug_line</name>
         <load_address>0x12d3</load_address>
         <run_address>0x12d3</run_address>
         <size>0x69</size>
         <input_file_ref idref="fl-8"/>
      </object_component>
      <object_component id="oc-26d">
         <name>.debug_line</name>
         <load_address>0x133c</load_address>
         <run_address>0x133c</run_address>
         <size>0xf4</size>
         <input_file_ref idref="fl-9"/>
      </object_component>
      <object_component id="oc-e5">
         <name>.debug_line</name>
         <load_address>0x1430</load_address>
         <run_address>0x1430</run_address>
         <size>0xa0</size>
         <input_file_ref idref="fl-9"/>
      </object_component>
      <object_component id="oc-347">
         <name>.debug_line</name>
         <load_address>0x14d0</load_address>
         <run_address>0x14d0</run_address>
         <size>0x20</size>
         <input_file_ref idref="fl-a"/>
      </object_component>
      <object_component id="oc-319">
         <name>.debug_line</name>
         <load_address>0x14f0</load_address>
         <run_address>0x14f0</run_address>
         <size>0x6b</size>
         <input_file_ref idref="fl-a"/>
      </object_component>
      <object_component id="oc-349">
         <name>.debug_line</name>
         <load_address>0x155b</load_address>
         <run_address>0x155b</run_address>
         <size>0x20</size>
         <input_file_ref idref="fl-b"/>
      </object_component>
      <object_component id="oc-31c">
         <name>.debug_line</name>
         <load_address>0x157b</load_address>
         <run_address>0x157b</run_address>
         <size>0x6a</size>
         <input_file_ref idref="fl-b"/>
      </object_component>
      <object_component id="oc-2fa">
         <name>.debug_line</name>
         <load_address>0x15e5</load_address>
         <run_address>0x15e5</run_address>
         <size>0x1f7</size>
         <input_file_ref idref="fl-c"/>
      </object_component>
      <object_component id="oc-164">
         <name>.debug_line</name>
         <load_address>0x17dc</load_address>
         <run_address>0x17dc</run_address>
         <size>0x1da</size>
         <input_file_ref idref="fl-c"/>
      </object_component>
      <object_component id="oc-2f8">
         <name>.debug_line</name>
         <load_address>0x19b6</load_address>
         <run_address>0x19b6</run_address>
         <size>0x10c</size>
         <input_file_ref idref="fl-d"/>
      </object_component>
      <object_component id="oc-154">
         <name>.debug_line</name>
         <load_address>0x1ac2</load_address>
         <run_address>0x1ac2</run_address>
         <size>0x1b5</size>
         <input_file_ref idref="fl-d"/>
      </object_component>
      <object_component id="oc-33f">
         <name>.debug_line</name>
         <load_address>0x1c77</load_address>
         <run_address>0x1c77</run_address>
         <size>0x70</size>
         <input_file_ref idref="fl-e"/>
      </object_component>
      <object_component id="oc-210">
         <name>.debug_line</name>
         <load_address>0x1ce7</load_address>
         <run_address>0x1ce7</run_address>
         <size>0x50f</size>
         <input_file_ref idref="fl-e"/>
      </object_component>
      <object_component id="oc-229">
         <name>.debug_line</name>
         <load_address>0x21f6</load_address>
         <run_address>0x21f6</run_address>
         <size>0xab</size>
         <input_file_ref idref="fl-f"/>
      </object_component>
      <object_component id="oc-1c1">
         <name>.debug_line</name>
         <load_address>0x22a1</load_address>
         <run_address>0x22a1</run_address>
         <size>0xa8</size>
         <input_file_ref idref="fl-ca"/>
      </object_component>
      <object_component id="oc-1b5">
         <name>.debug_line</name>
         <load_address>0x2349</load_address>
         <run_address>0x2349</run_address>
         <size>0x8e</size>
         <input_file_ref idref="fl-cb"/>
      </object_component>
      <object_component id="oc-1bc">
         <name>.debug_line</name>
         <load_address>0x23d7</load_address>
         <run_address>0x23d7</run_address>
         <size>0x5a</size>
         <input_file_ref idref="fl-cc"/>
      </object_component>
      <object_component id="oc-1b2">
         <name>.debug_line</name>
         <load_address>0x2431</load_address>
         <run_address>0x2431</run_address>
         <size>0x50</size>
         <input_file_ref idref="fl-cd"/>
      </object_component>
      <object_component id="oc-169">
         <name>.debug_line</name>
         <load_address>0x2481</load_address>
         <run_address>0x2481</run_address>
         <size>0x5b</size>
         <input_file_ref idref="fl-ce"/>
      </object_component>
      <object_component id="oc-98">
         <name>.debug_line</name>
         <load_address>0x24dc</load_address>
         <run_address>0x24dc</run_address>
         <size>0x79</size>
         <input_file_ref idref="fl-cf"/>
      </object_component>
      <object_component id="oc-d8">
         <name>.debug_line</name>
         <load_address>0x2555</load_address>
         <run_address>0x2555</run_address>
         <size>0x92</size>
         <input_file_ref idref="fl-d0"/>
      </object_component>
      <object_component id="oc-4c">
         <name>.debug_line</name>
         <load_address>0x25e7</load_address>
         <run_address>0x25e7</run_address>
         <size>0x56</size>
         <input_file_ref idref="fl-d0"/>
      </object_component>
      <object_component id="oc-93">
         <name>.debug_line</name>
         <load_address>0x263d</load_address>
         <run_address>0x263d</run_address>
         <size>0x34</size>
         <input_file_ref idref="fl-d0"/>
      </object_component>
      <object_component id="oc-d5">
         <name>.debug_line</name>
         <load_address>0x2671</load_address>
         <run_address>0x2671</run_address>
         <size>0x92</size>
         <input_file_ref idref="fl-d0"/>
      </object_component>
      <object_component id="oc-8e">
         <name>.debug_line</name>
         <load_address>0x2703</load_address>
         <run_address>0x2703</run_address>
         <size>0x20</size>
         <input_file_ref idref="fl-d1"/>
      </object_component>
      <object_component id="oc-1f">
         <name>.debug_line</name>
         <load_address>0x2723</load_address>
         <run_address>0x2723</run_address>
         <size>0x55</size>
         <input_file_ref idref="fl-d1"/>
      </object_component>
      <object_component id="oc-47">
         <name>.debug_line</name>
         <load_address>0x2778</load_address>
         <run_address>0x2778</run_address>
         <size>0x3a</size>
         <input_file_ref idref="fl-d1"/>
      </object_component>
      <object_component id="oc-8b">
         <name>.debug_line</name>
         <load_address>0x27b2</load_address>
         <run_address>0x27b2</run_address>
         <size>0x92</size>
         <input_file_ref idref="fl-d1"/>
      </object_component>
      <object_component id="oc-d1">
         <name>.debug_line</name>
         <load_address>0x2844</load_address>
         <run_address>0x2844</run_address>
         <size>0x20</size>
         <input_file_ref idref="fl-d2"/>
      </object_component>
      <object_component id="oc-1a">
         <name>.debug_line</name>
         <load_address>0x2864</load_address>
         <run_address>0x2864</run_address>
         <size>0xa9</size>
         <input_file_ref idref="fl-d2"/>
      </object_component>
      <object_component id="oc-37">
         <name>.debug_line</name>
         <load_address>0x290d</load_address>
         <run_address>0x290d</run_address>
         <size>0x3a</size>
         <input_file_ref idref="fl-d2"/>
[...]
      <symbol id="sm-243">
         <name>rgbOledFont0</name>
         <value>0x3240</value>
         <object_component_ref idref="oc-261"/>
      </symbol>
      <symbol id="sm-24e">
         <name>rgbFillPat</name>
         <value>0x363c</value>
         <object_component_ref idref="oc-267"/>
      </symbol>
      <symbol id="sm-287">
         <name>xcoOledCur</name>
         <value>0x20000340</value>
      </symbol>
      <symbol id="sm-288">
         <name>ycoOledCur</name>
         <value>0x2000034c</value>
      </symbol>
      <symbol id="sm-289">
         <name>pbOledCur</name>
         <value>0x20000324</value>
      </symbol>
      <symbol id="sm-28a">
         <name>bnOledCur</name>
         <value>0x20000310</value>
      </symbol>
      <symbol id="sm-28b">
         <name>clrOledCur</name>
         <value>0x20000350</value>
      </symbol>
      <symbol id="sm-28c">
         <name>pbOledPatCur</name>
         <value>0x20000330</value>
      </symbol>
      <symbol id="sm-28d">
         <name>fOledCharUpdate</name>
         <value>0x2000031c</value>
      </symbol>
      <symbol id="sm-28e">
         <name>dxcoOledFontCur</name>
         <value>0x20000314</value>
      </symbol>
      <symbol id="sm-28f">
         <name>dycoOledFontCur</name>
         <value>0x20000318</value>
      </symbol>
      <symbol id="sm-290">
         <name>pbOledFontCur</name>
         <value>0x20000328</value>
      </symbol>
      <symbol id="sm-291">
         <name>pbOledFontUser</name>
         <value>0x2000032c</value>
      </symbol>
      <symbol id="sm-292">
         <name>rgbOledBmp</name>
         <value>0x20000000</value>
      </symbol>
      <symbol id="sm-293">
         <name>OrbitOledDvrInit</name>
         <value>0x191f</value>
         <object_component_ref idref="oc-15f"/>
      </symbol>
      <symbol id="sm-294">
         <name>OrbitOledUpdate</name>
         <value>0x1a59</value>
         <object_component_ref idref="oc-15f"/>
      </symbol>
      <symbol id="sm-295">
         <name>OrbitOledClear</name>
         <value>0x1a1d</value>
         <object_component_ref idref="oc-15f"/>
      </symbol>
      <symbol id="sm-296">
         <name>OrbitOledPutBuffer</name>
         <value>0x1ab3</value>
         <object_component_ref idref="oc-15f"/>
      </symbol>
      <symbol id="sm-297">
         <name>OrbitOledDevInit</name>
         <value>0x1999</value>
         <object_component_ref idref="oc-15f"/>
      </symbol>
      <symbol id="sm-298">
         <name>OrbitOledClearBuffer</name>
         <value>0x1a29</value>
         <object_component_ref idref="oc-15f"/>
      </symbol>
      <symbol id="sm-299">
         <name>OrbitOledHostInit</name>
         <value>0x1855</value>
         <object_component_ref idref="oc-15f"/>
      </symbol>
      <symbol id="sm-29a">
         <name>OrbitOledInit</name>
         <value>0x1841</value>
         <object_component_ref idref="oc-15f"/>
      </symbol>
      <symbol id="sm-29b">
         <name>Ssi3PutByte</name>
         <value>0x1b19</value>
         <object_component_ref idref="oc-15f"/>
      </symbol>
      <symbol id="sm-2ce">
         <name>xchOledCur</name>
         <value>0x20000338</value>
      </symbol>
      <symbol id="sm-2cf">
         <name>ychOledCur</name>
         <value>0x20000344</value>
      </symbol>
      <symbol id="sm-2d0">
         <name>xchOledMax</name>
         <value>0x2000033c</value>
      </symbol>
      <symbol id="sm-2d1">
         <name>ychOledMax</name>
         <value>0x20000348</value>
      </symbol>
      <symbol id="sm-2d2">
         <name>rgbOledFontUser</name>
         <value>0x20000200</value>
      </symbol>
      <symbol id="sm-2d3">
         <name>OrbitOledPutString</name>
         <value>0x21e1</value>
         <object_component_ref idref="oc-153"/>
      </symbol>
      <symbol id="sm-2d4">
         <name>OrbitOledGetCharUpdate</name>
         <value>0x21bd</value>
         <object_component_ref idref="oc-153"/>
      </symbol>
      <symbol id="sm-2d5">
         <name>OrbitOledSetCharUpdate</name>
         <value>0x21a5</value>
         <object_component_ref idref="oc-153"/>
      </symbol>
      <symbol id="sm-2d6">
         <name>OrbitOledDrawGlyph</name>
         <value>0x220d</value>
         <object_component_ref idref="oc-153"/>
      </symbol>
      <symbol id="sm-2d7">
         <name>OrbitOledDefUserChar</name>
         <value>0x2155</value>
         <object_component_ref idref="oc-153"/>
      </symbol>
      <symbol id="sm-2d8">
         <name>OrbitOledGetCursor</name>
         <value>0x2139</value>
         <object_component_ref idref="oc-153"/>
      </symbol>
      <symbol id="sm-2d9">
         <name>OrbitOledSetCursor</name>
         <value>0x20ed</value>
         <object_component_ref idref="oc-153"/>
      </symbol>
      <symbol id="sm-2da">
         <name>OrbitOledPutChar</name>
         <value>0x21c3</value>
         <object_component_ref idref="oc-153"/>
      </symbol>
      <symbol id="sm-2db">
         <name>OrbitOledAdvanceCursor</name>
         <value>0x2285</value>
         <object_component_ref idref="oc-153"/>
      </symbol>
      <symbol id="sm-378">
         <name>pfnDoRop</name>
         <value>0x20000334</value>
      </symbol>
      <symbol id="sm-379">
         <name>modOledCur</name>
         <value>0x20000320</value>
      </symbol>
      <symbol id="sm-37a">
         <name>OrbitOledGetPixel</name>
         <value>0x1013</value>
         <object_component_ref idref="oc-20f"/>
      </symbol>
      <symbol id="sm-37b">
         <name>OrbitOledMoveUp</name>
         <value>0x1741</value>
         <object_component_ref idref="oc-20f"/>
      </symbol>
      <symbol id="sm-37c">
         <name>OrbitOledMoveTo</name>
         <value>0xef1</value>
         <object_component_ref idref="oc-20f"/>
      </symbol>
      <symbol id="sm-37d">
         <name>OrbitOledGetDrawMode</name>
         <value>0xfe1</value>
         <object_component_ref idref="oc-20f"/>
      </symbol>
      <symbol id="sm-37e">
         <name>OrbitOledDrawPixel</name>
         <value>0xfe7</value>
         <object_component_ref idref="oc-20f"/>
      </symbol>
      <symbol id="sm-37f">
         <name>OrbitOledDrawString</name>
         <value>0x1683</value>
         <object_component_ref idref="oc-20f"/>
      </symbol>
      <symbol id="sm-380">
         <name>OrbitOledDrawChar</name>
         <value>0x1623</value>
         <object_component_ref idref="oc-20f"/>
      </symbol>
      <symbol id="sm-381">
         <name>OrbitOledMoveDown</name>
         <value>0x1779</value>
         <object_component_ref idref="oc-20f"/>
      </symbol>
      <symbol id="sm-382">
         <name>OrbitOledMoveRight</name>
         <value>0x17c7</value>
         <object_component_ref idref="oc-20f"/>
      </symbol>
      <symbol id="sm-383">
         <name>OrbitOledFillRect</name>
         <value>0x11b1</value>
         <object_component_ref idref="oc-20f"/>
      </symbol>
      <symbol id="sm-384">
         <name>OrbitOledLineTo</name>
         <value>0x102d</value>
         <object_component_ref idref="oc-20f"/>
      </symbol>
      <symbol id="sm-385">
         <name>OrbitOledGetStdPattern</name>
         <value>0xf6b</value>
         <object_component_ref idref="oc-20f"/>
      </symbol>
      <symbol id="sm-386">
         <name>OrbitOledSetDrawColor</name>
         <value>0xf53</value>
         <object_component_ref idref="oc-20f"/>
      </symbol>
      <symbol id="sm-387">
         <name>OrbitOledDrawRect</name>
         <value>0x112d</value>
         <object_component_ref idref="oc-20f"/>
      </symbol>
      <symbol id="sm-388">
         <name>OrbitOledClampYco</name>
         <value>0x1801</value>
         <object_component_ref idref="oc-20f"/>
      </symbol>
      <symbol id="sm-389">
         <name>OrbitOledGetPos</name>
         <value>0xf37</value>
         <object_component_ref idref="oc-20f"/>
      </symbol>
      <symbol id="sm-38a">
         <name>OrbitOledRopSet</name>
         <value>0x16a1</value>
         <object_component_ref idref="oc-20f"/>
      </symbol>
      <symbol id="sm-38b">
         <name>OrbitOledRopXor</name>
         <value>0x1713</value>
         <object_component_ref idref="oc-20f"/>
      </symbol>
      <symbol id="sm-38c">
         <name>OrbitOledGetBmp</name>
         <value>0x12f5</value>
         <object_component_ref idref="oc-20f"/>
      </symbol>
      <symbol id="sm-38d">
         <name>OrbitOledMoveLeft</name>
         <value>0x17af</value>
         <object_component_ref idref="oc-20f"/>
      </symbol>
      <symbol id="sm-38e">
         <name>OrbitOledRopAnd</name>
         <value>0x16ef</value>
         <object_component_ref idref="oc-20f"/>
      </symbol>
      <symbol id="sm-38f">
         <name>OrbitOledPutBmp</name>
         <value>0x1455</value>
         <object_component_ref idref="oc-20f"/>
      </symbol>
      <symbol id="sm-390">
         <name>OrbitOledSetDrawMode</name>
         <value>0xf8d</value>
         <object_component_ref idref="oc-20f"/>
      </symbol>
      <symbol id="sm-391">
         <name>OrbitOledClampXco</name>
         <value>0x17e1</value>
         <object_component_ref idref="oc-20f"/>
      </symbol>
      <symbol id="sm-392">
         <name>OrbitOledSetFillPattern</name>
         <value>0xf7d</value>
         <object_component_ref idref="oc-20f"/>
      </symbol>
      <symbol id="sm-393">
         <name>OrbitOledRopOr</name>
         <value>0x16cb</value>
         <object_component_ref idref="oc-20f"/>
      </symbol>
      <symbol id="sm-3a5">
         <name>DelayMs</name>
         <value>0x2deb</value>
         <object_component_ref idref="oc-225"/>
      </symbol>
      <symbol id="sm-3a6">
         <name>DelayInit</name>
         <value>0x2dd1</value>
         <object_component_ref idref="oc-225"/>
      </symbol>
      <symbol id="sm-3ba">
         <name>__aeabi_ddiv</name>
         <value>0x2689</value>
         <object_component_ref idref="oc-1bd"/>
      </symbol>
      <symbol id="sm-3c5">
         <name>__aeabi_dmul</name>
         <value>0x2a01</value>
         <object_component_ref idref="oc-1b3"/>
      </symbol>
      <symbol id="sm-3cf">
         <name>__aeabi_d2iz</name>
         <value>0x2f11</value>
         <object_component_ref idref="oc-1b8"/>
      </symbol>
      <symbol id="sm-3d9">
         <name>__aeabi_i2d</name>
         <value>0x30c5</value>
         <object_component_ref idref="oc-1ae"/>
      </symbol>
      <symbol id="sm-3e8">
         <name>__aeabi_uidivmod</name>
         <value>0x2fe1</value>
         <object_component_ref idref="oc-167"/>
      </symbol>
      <symbol id="sm-3e9">
         <name>__aeabi_uidiv</name>
         <value>0x2fe1</value>
         <object_component_ref idref="oc-167"/>
      </symbol>
      <symbol id="sm-3f8">
         <name>__aeabi_memset</name>
         <value>0x2c8f</value>
         <object_component_ref idref="oc-96"/>
      </symbol>
      <symbol id="sm-3f9">
         <name>memset</name>
         <value>0x2c95</value>
         <object_component_ref idref="oc-96"/>
      </symbol>
      <symbol id="sm-3fa">
         <name>__aeabi_memset8</name>
         <value>0x2c8f</value>
         <object_component_ref idref="oc-96"/>
      </symbol>
      <symbol id="sm-3fb">
         <name>__aeabi_memset4</name>
         <value>0x2c8f</value>
         <object_component_ref idref="oc-96"/>
      </symbol>
      <symbol id="sm-3fc">
         <name>__aeabi_memclr8</name>
         <value>0x2c8d</value>
         <object_component_ref idref="oc-96"/>
      </symbol>
      <symbol id="sm-3fd">
         <name>__aeabi_memclr4</name>
         <value>0x2c8d</value>
         <object_component_ref idref="oc-96"/>
      </symbol>
      <symbol id="sm-3fe">
         <name>__aeabi_memclr</name>
         <value>0x2c8d</value>
         <object_component_ref idref="oc-96"/>
      </symbol>
      <symbol id="sm-417">
         <name>__TI_zero_init_nomemset</name>
         <value>0x311d</value>
         <object_component_ref idref="oc-4a"/>
      </symbol>
      <symbol id="sm-42e">
         <name>__TI_decompress_none</name>
         <value>0x31a7</value>
         <object_component_ref idref="oc-1b"/>
      </symbol>
      <symbol id="sm-451">
         <name>__TI_decompress_lzss</name>
         <value>0x2d07</value>
         <object_component_ref idref="oc-15"/>
      </symbol>
      <symbol id="sm-466">
         <name>_sys_memory</name>
         <value>0x20000558</value>
         <object_component_ref idref="oc-24"/>
      </symbol>
      <symbol id="sm-479">
         <name>__stack</name>
         <value>0x20000358</value>
         <object_component_ref idref="oc-27"/>
      </symbol>
      <symbol id="sm-47a">
         <name>_c_int00_noargs</name>
         <value>0x3091</value>
         <object_component_ref idref="oc-5c"/>
      </symbol>
      <symbol id="sm-484">
         <name>__aeabi_idiv0</name>
         <value>0x2d6f</value>
         <object_component_ref idref="oc-26e"/>
      </symbol>
      <symbol id="sm-485">
         <name>__aeabi_ldiv0</name>
         <value>0x2d6f</value>
         <object_component_ref idref="oc-26e"/>
      </symbol>
      <symbol id="sm-4a0">
         <name>memcpy</name>
         <value>0x2bf1</value>
         <object_component_ref idref="oc-3e"/>
      </symbol>
      <symbol id="sm-4a1">
         <name>__aeabi_memcpy</name>
         <value>0x2bf1</value>
         <object_component_ref idref="oc-3e"/>
      </symbol>
      <symbol id="sm-4a2">
         <name>__aeabi_memcpy8</name>
         <value>0x2bf1</value>
         <object_component_ref idref="oc-3e"/>
      </symbol>
      <symbol id="sm-4a3">
         <name>__aeabi_memcpy4</name>
         <value>0x2bf1</value>
         <object_component_ref idref="oc-3e"/>
      </symbol>
      <symbol id="sm-4cb">
         <name>__TI_auto_init_nobinit_nopinit</name>
         <value>0x2f9d</value>
         <object_component_ref idref="oc-113"/>
      </symbol>
      <symbol id="sm-4d5">
         <name>_system_pre_init</name>
         <value>0x3239</value>
         <object_component_ref idref="oc-9c"/>
      </symbol>
      <symbol id="sm-4e1">
         <name>C$$EXIT</name>
         <value>0x323d</value>
         <object_component_ref idref="oc-107"/>
      </symbol>
      <symbol id="sm-4e2">
         <name>abort</name>
         <value>0x323d</value>
         <object_component_ref idref="oc-107"/>
      </symbol>
      <symbol id="sm-54b">
         <name>GPIOPinConfigure</name>
         <value>0x2ec9</value>
         <object_component_ref idref="oc-196"/>
      </symbol>
      <symbol id="sm-54c">
         <name>GPIOPinTypeI2CSCL</name>
         <value>0x3175</value>
         <object_component_ref idref="oc-190"/>
      </symbol>
      <symbol id="sm-54d">
         <name>GPIOPinTypeI2C</name>
         <value>0x3163</value>
         <object_component_ref idref="oc-18a"/>
      </symbol>
      <symbol id="sm-54e">
         <name>GPIOPinTypeGPIOInput</name>
         <value>0x3151</value>
         <object_component_ref idref="oc-1a2"/>
      </symbol>
      <symbol id="sm-54f">
         <name>GPIOPinTypeGPIOOutput</name>
         <value>0x3139</value>
         <object_component_ref idref="oc-249"/>
      </symbol>
      <symbol id="sm-550">
         <name>GPIOPinRead</name>
         <value>0x3215</value>
         <object_component_ref idref="oc-1c9"/>
      </symbol>
      <symbol id="sm-551">
         <name>GPIODirModeSet</name>
         <value>0x30f3</value>
         <object_component_ref idref="oc-280"/>
      </symbol>
      <symbol id="sm-552">
         <name>GPIOPinWrite</name>
         <value>0x321b</value>
         <object_component_ref idref="oc-243"/>
      </symbol>
      <symbol id="sm-553">
         <name>GPIOPadConfigSet</name>
         <value>0x27bf</value>
         <object_component_ref idref="oc-1c3"/>
      </symbol>
      <symbol id="sm-554">
         <name>GPIOPinTypeSSI</name>
         <value>0x3187</value>
         <object_component_ref idref="oc-22b"/>
      </symbol>
      <symbol id="sm-59d">
         <name>I2CMasterBusBusy</name>
         <value>0x31f5</value>
         <object_component_ref idref="oc-2b4"/>
      </symbol>
      <symbol id="sm-59e">
         <name>I2CMasterDataPut</name>
         <value>0x3235</value>
         <object_component_ref idref="oc-29c"/>
      </symbol>
      <symbol id="sm-59f">
         <name>I2CMasterInitExpClk</name>
         <value>0x2e7d</value>
         <object_component_ref idref="oc-19c"/>
      </symbol>
      <symbol id="sm-5a0">
         <name>I2CMasterSlaveAddrSet</name>
         <value>0x3205</value>
         <object_component_ref idref="oc-296"/>
      </symbol>
      <symbol id="sm-5a1">
         <name>I2CMasterDataGet</name>
         <value>0x3231</value>
         <object_component_ref idref="oc-2ae"/>
      </symbol>
      <symbol id="sm-5a2">
         <name>I2CMasterControl</name>
         <value>0x322d</value>
         <object_component_ref idref="oc-2a2"/>
      </symbol>
      <symbol id="sm-5a3">
         <name>I2CMasterBusy</name>
         <value>0x31fd</value>
         <object_component_ref idref="oc-2a8"/>
      </symbol>
      <symbol id="sm-5a4">
         <name>I2CMasterEnable</name>
         <value>0x31cd</value>
         <object_component_ref idref="oc-28d"/>
      </symbol>
      <symbol id="sm-5dd">
         <name>SSIDataPut</name>
         <value>0x31d7</value>
         <object_component_ref idref="oc-255"/>
      </symbol>
      <symbol id="sm-5de">
         <name>SSIDataGet</name>
         <value>0x31b5</value>
         <object_component_ref idref="oc-25b"/>
      </symbol>
      <symbol id="sm-5df">
         <name>SSIConfigSetExpClk</name>
         <value>0x3021</value>
         <object_component_ref idref="oc-237"/>
      </symbol>
      <symbol id="sm-5e0">
         <name>SSIEnable</name>
         <value>0x31e1</value>
         <object_component_ref idref="oc-23d"/>
      </symbol>
      <symbol id="sm-5e1">
         <name>SSIClockSourceSet</name>
         <value>0x3221</value>
         <object_component_ref idref="oc-231"/>
      </symbol>
      <symbol id="sm-5e2">
         <name>SSIBusy</name>
         <value>0x320d</value>
         <object_component_ref idref="oc-24f"/>
      </symbol>
      <symbol id="sm-640">
         <name>SysCtlClockSet</name>
         <value>0x2afd</value>
         <object_component_ref idref="oc-db"/>
      </symbol>
      <symbol id="sm-641">
         <name>SysCtlDelay</name>
         <value>0x3227</value>
         <object_component_ref idref="oc-ff"/>
      </symbol>
      <symbol id="sm-642">
         <name>SysCtlPeripheralEnable</name>
         <value>0x305d</value>
         <object_component_ref idref="oc-159"/>
      </symbol>
      <symbol id="sm-643">
         <name>SysCtlClockGet</name>
         <value>0x28f1</value>
         <object_component_ref idref="oc-f9"/>
      </symbol>
      <symbol id="sm-644">
         <name>SysCtlPeripheralReset</name>
         <value>0x2e2d</value>
         <object_component_ref idref="oc-184"/>
      </symbol>
      <symbol id="sm-668">
         <name>TimerEnable</name>
         <value>0x3199</value>
         <object_component_ref idref="oc-301"/>
      </symbol>
      <symbol id="sm-669">
         <name>TimerValueGet</name>
         <value>0x31eb</value>
         <object_component_ref idref="oc-307"/>
      </symbol>
      <symbol id="sm-66a">
         <name>TimerConfigure</name>
         <value>0x2d71</value>
         <object_component_ref idref="oc-2fb"/>
      </symbol>
      <symbol id="sm-66c">
         <name>__TI_static_base__</name>
         <value>0x0</value>
      </symbol>
      <symbol id="sm-66f">
         <name>__mpu_init</name>
         <value>0x0</value>
      </symbol>
      <symbol id="sm-670">
         <name>_system_post_cinit</name>
         <value>0x0</value>
      </symbol>
   </symbol_table>
   <title>Link successful</title>
</link_info>
