******************************************************************************
                  TI ARM Linker PC v20.2.5                     
******************************************************************************
>> Linked Sun Mar 20 13:15:55 2022

OUTPUT FILE NAME:   <project.out>
ENTRY POINT SYMBOL: "_c_int00_noargs"  address: 00003091


MEMORY CONFIGURATION

         name            origin    length      used     unused   attr    fill
----------------------  --------  ---------  --------  --------  ----  --------
  FLASH                 00000000   00040000  0000370c  0003c8f4  R  X
  SRAM                  20000000   00008000  00000655  000079ab  RW X


SEGMENT ALLOCATION MAP

run origin  load origin   length   init length attrs members
----------  ----------- ---------- ----------- ----- -------
00000000    00000000    00003710   00003710    r-x
  00000000    00000000    0000026c   0000026c    r-- .intvecs
  0000026c    0000026c    00002fd4   00002fd4    r-x .text
  00003240    00003240    0000049c   0000049c    r-- .const
  000036e0    000036e0    00000030   00000030    r-- .cinit
20000000    20000000    00000658   00000000    rw-
  20000000    20000000    00000351   00000000    rw- .bss
  20000354    20000354    00000004   00000000    rw- .data
  20000358    20000358    00000200   00000000    rw- .stack
  20000558    20000558    00000100   00000000    rw- .sysmem


SECTION ALLOCATION MAP

 output                                  attributes/
section   page    origin      length       input sections
--------  ----  ----------  ----------   ----------------
.intvecs   0    00000000    0000026c     
                  00000000    0000026c     tm4c123gh6pm_startup_ccs.obj (.intvecs)

.text      0    0000026c    00002fd4     
                  0000026c    00000c84     ustdlib.obj (.text)
                  00000ef0    00000950     OrbitOledGrph.obj (.text)
                  00001840    0000037c     OrbitOled.obj (.text)
                  00001bbc    00000310     acc.obj (.text)
                  00001ecc    00000220     buttons4.obj (.text)
                  000020ec    00000204     OrbitOledChar.obj (.text)
                  000022f0    00000204     i2c_driver.obj (.text)
                  000024f4    00000194     main.obj (.text)
                  00002688    00000136     rtsv7M4_T_le_v4SPD16_eabi.lib : fd_div_t2.asm.obj (.text)
                  000027be    00000132     driverlib.lib : gpio.obj (.text:GPIOPadConfigSet)
                  000028f0    00000110                   : sysctl.obj (.text:SysCtlClockGet)
                  00002a00    000000fc     rtsv7M4_T_le_v4SPD16_eabi.lib : fd_mul_t2.asm.obj (.text)
                  00002afc    000000f4     driverlib.lib : sysctl.obj (.text:SysCtlClockSet)
                  00002bf0    0000009c     rtsv7M4_T_le_v4SPD16_eabi.lib : memcpy_t2.asm.obj (.text)
                  00002c8c    0000007a                                   : memset_t2.asm.obj (.text)
                  00002d06    00000068                                   : copy_decompress_lzss.c.obj (.text:decompress:lzss:__TI_decompress_lzss)
                  00002d6e    00000002                                   : div0.asm.obj (.text)
                  00002d70    00000060     driverlib.lib : timer.obj (.text:TimerConfigure)
                  00002dd0    0000005c     delay.obj (.text)
                  00002e2c    00000050     driverlib.lib : sysctl.obj (.text:SysCtlPeripheralReset)
                  00002e7c    0000004c                   : i2c.obj (.text:I2CMasterInitExpClk)
                  00002ec8    00000048                   : gpio.obj (.text:GPIOPinConfigure)
                  00002f10    00000048     rtsv7M4_T_le_v4SPD16_eabi.lib : fd_toi_t2.asm.obj (.text)
                  00002f58    00000044     OrbitOLEDInterface.obj (.text)
                  00002f9c    00000044     rtsv7M4_T_le_v4SPD16_eabi.lib : autoinit.c.obj (.text:__TI_auto_init_nobinit_nopinit:__TI_auto_init_nobinit_nopinit)
                  00002fe0    00000040                                   : u_divt2.asm.obj (.text)
                  00003020    0000003c     driverlib.lib : ssi.obj (.text:SSIConfigSetExpClk)
                  0000305c    00000034                   : sysctl.obj (.text:SysCtlPeripheralEnable)
                  00003090    00000034     rtsv7M4_T_le_v4SPD16_eabi.lib : boot_cortex_m.c.obj (.text:_c_int00_noargs:_c_int00_noargs)
                  000030c4    0000002e                                   : i_tofd_t2.asm.obj (.text)
                  000030f2    0000002a     driverlib.lib : gpio.obj (.text:GPIODirModeSet)
                  0000311c    0000001c     rtsv7M4_T_le_v4SPD16_eabi.lib : copy_zero_init.c.obj (.text:decompress:ZI:__TI_zero_init_nomemset:__TI_zero_init_nomemset)
                  00003138    00000018     driverlib.lib : gpio.obj (.text:GPIOPinTypeGPIOOutput)
                  00003150    00000012                   : gpio.obj (.text:GPIOPinTypeGPIOInput)
                  00003162    00000012                   : gpio.obj (.text:GPIOPinTypeI2C)
                  00003174    00000012                   : gpio.obj (.text:GPIOPinTypeI2CSCL)
                  00003186    00000012                   : gpio.obj (.text:GPIOPinTypeSSI)
                  00003198    0000000e                   : timer.obj (.text:TimerEnable)
                  000031a6    0000000e     rtsv7M4_T_le_v4SPD16_eabi.lib : copy_decompress_none.c.obj (.text:decompress:none:__TI_decompress_none)
                  000031b4    0000000c     driverlib.lib : ssi.obj (.text:SSIDataGet)
                  000031c0    0000000c     tm4c123gh6pm_startup_ccs.obj (.text)
                  000031cc    0000000a     driverlib.lib : i2c.obj (.text:I2CMasterEnable)
                  000031d6    0000000a                   : ssi.obj (.text:SSIDataPut)
                  000031e0    0000000a                   : ssi.obj (.text:SSIEnable)
                  000031ea    0000000a                   : timer.obj (.text:TimerValueGet)
                  000031f4    00000008                   : i2c.obj (.text:I2CMasterBusBusy)
                  000031fc    00000008                   : i2c.obj (.text:I2CMasterBusy)
                  00003204    00000008                   : i2c.obj (.text:I2CMasterSlaveAddrSet)
                  0000320c    00000008                   : ssi.obj (.text:SSIBusy)
                  00003214    00000006                   : gpio.obj (.text:GPIOPinRead)
                  0000321a    00000006                   : gpio.obj (.text:GPIOPinWrite)
                  00003220    00000006                   : ssi.obj (.text:SSIClockSourceSet)
                  00003226    00000006                   : sysctl.obj (.text:SysCtlDelay)
                  0000322c    00000004                   : i2c.obj (.text:I2CMasterControl)
                  00003230    00000004                   : i2c.obj (.text:I2CMasterDataGet)
                  00003234    00000004                   : i2c.obj (.text:I2CMasterDataPut)
                  00003238    00000004     rtsv7M4_T_le_v4SPD16_eabi.lib : pre_init.c.obj (.text:_system_pre_init)
                  0000323c    00000004                                   : exit.c.obj (.text:abort:abort)

.const     0    00003240    0000049c     
                  00003240    00000300     ChrFont0.obj (.const:.string:rgbOledFont0)
                  00003540    00000090     driverlib.lib : gpio.obj (.const:g_pui32GPIOBaseAddrs)
                  000035d0    0000006c                   : sysctl.obj (.const:g_pui32Xtals)
                  0000363c    00000040     FillPat.obj (.const:.string:rgbFillPat)
                  0000367c    00000030     ustdlib.obj (.const:g_psDaysToMonth)
                  000036ac    00000018     ustdlib.obj (.const:g_pfExponents)
                  000036c4    00000012     ustdlib.obj (.const:.string)
                  000036d6    00000002     --HOLE-- [fill = 0]
                  000036d8    00000004     ustdlib.obj (.const)

.cinit     0    000036e0    00000030     
                  000036e0    0000000c     (__TI_handler_table)
                  000036ec    00000004     --HOLE-- [fill = 0]
                  000036f0    00000008     (.cinit..bss.load) [load image, compression = zero_init]
                  000036f8    00000008     (.cinit..data.load) [load image, compression = lzss]
                  00003700    00000010     (__TI_cinit_table)

.init_array 
*          0    00000000    00000000     UNINITIALIZED

.bss       0    20000000    00000351     UNINITIALIZED
                  20000000    00000200     (.common:rgbOledBmp)
                  20000200    00000100     (.common:rgbOledFontUser)
                  20000300    00000004     buttons4.obj (.bss:but_count)
                  20000304    00000004     buttons4.obj (.bss:but_flag)
                  20000308    00000004     buttons4.obj (.bss:but_normal)
                  2000030c    00000004     buttons4.obj (.bss:but_state)
                  20000310    00000004     (.common:bnOledCur)
                  20000314    00000004     (.common:dxcoOledFontCur)
                  20000318    00000004     (.common:dycoOledFontCur)
                  2000031c    00000004     (.common:fOledCharUpdate)
                  20000320    00000004     (.common:modOledCur)
                  20000324    00000004     (.common:pbOledCur)
                  20000328    00000004     (.common:pbOledFontCur)
                  2000032c    00000004     (.common:pbOledFontUser)
                  20000330    00000004     (.common:pbOledPatCur)
                  20000334    00000004     (.common:pfnDoRop)
                  20000338    00000004     (.common:xchOledCur)
                  2000033c    00000004     (.common:xchOledMax)
                  20000340    00000004     (.common:xcoOledCur)
                  20000344    00000004     (.common:ychOledCur)
                  20000348    00000004     (.common:ychOledMax)
                  2000034c    00000004     (.common:ycoOledCur)
                  20000350    00000001     (.common:clrOledCur)

.data      0    20000354    00000004     UNINITIALIZED
                  20000354    00000004     ustdlib.obj (.data)

.stack     0    20000358    00000200     UNINITIALIZED
                  20000358    00000004     rtsv7M4_T_le_v4SPD16_eabi.lib : boot_cortex_m.c.obj (.stack)
                  2000035c    000001fc     --HOLE--

.sysmem    0    20000558    00000100     UNINITIALIZED
                  20000558    00000010     rtsv7M4_T_le_v4SPD16_eabi.lib : memory.c.obj (.sysmem)
                  20000568    000000f0     --HOLE--

__llvm_prf_cnts 
*          0    20000000    00000000     UNINITIALIZED

MODULE SUMMARY

       Module                         code    ro data   rw data
       ------                         ----    -------   -------
    .\
       ustdlib.obj                    3204    94        4      
       acc.obj                        784     0         0      
       tm4c123gh6pm_startup_ccs.obj   12      620       0      
       buttons4.obj                   544     0         16     
       i2c_driver.obj                 516     0         0      
       main.obj                       404     0         0      
    +--+------------------------------+-------+---------+---------+
       Total:                         5464    714       20     
                                                               
    .\OrbitOLED\
       OrbitOLEDInterface.obj         68      0         0      
    +--+------------------------------+-------+---------+---------+
       Total:                         68      0         0      
                                                               
    .\OrbitOLED\lib_OrbitOled\
       OrbitOledGrph.obj              2384    0         8      
       OrbitOled.obj                  892     0         553    
       OrbitOledChar.obj              516     0         272    
       ChrFont0.obj                   0       768       0      
       delay.obj                      92      0         0      
       FillPat.obj                    0       64        0      
    +--+------------------------------+-------+---------+---------+
       Total:                         3884    832       833    
                                                               
    C:/ti/TivaWare_C_Series-2.1.4.178/driverlib/ccs/Debug/driverlib.lib
       sysctl.obj                     654     108       0      
       gpio.obj                       528     144       0      
       i2c.obj                        122     0         0      
       timer.obj                      120     0         0      
       ssi.obj                        106     0         0      
    +--+------------------------------+-------+---------+---------+
       Total:                         1530    252       0      
                                                               
    C:\ti\ccs1110\ccs\tools\compiler\ti-cgt-arm_20.2.5.LTS\lib\rtsv7M4_T_le_v4SPD16_eabi.lib
       fd_div_t2.asm.obj              310     0         0      
       fd_mul_t2.asm.obj              252     0         0      
       memcpy_t2.asm.obj              156     0         0      
       memset_t2.asm.obj              122     0         0      
       copy_decompress_lzss.c.obj     104     0         0      
       fd_toi_t2.asm.obj              72      0         0      
       autoinit.c.obj                 68      0         0      
       u_divt2.asm.obj                64      0         0      
       boot_cortex_m.c.obj            52      0         0      
       i_tofd_t2.asm.obj              46      0         0      
       copy_zero_init.c.obj           28      0         0      
       copy_decompress_none.c.obj     14      0         0      
       exit.c.obj                     4       0         0      
       pre_init.c.obj                 4       0         0      
       div0.asm.obj                   2       0         0      
    +--+------------------------------+-------+---------+---------+
       Total:                         1298    0         0      
                                                               
       Heap:                          0       0         256    
       Stack:                         0       0         512    
       Linker Generated:              0       44        0      
    +--+------------------------------+-------+---------+---------+
       Grand Total:                   12244   1842      1621   


LINKER GENERATED COPY TABLES

__TI_cinit_table @ 00003700 records: 2, size/record: 8, table size: 16
	.bss: load addr=000036f0, load size=00000008 bytes, run addr=20000000, run size=00000351 bytes, compression=zero_init
	.data: load addr=000036f8, load size=00000008 bytes, run addr=20000354, run size=00000004 bytes, compression=lzss


LINKER GENERATED HANDLER TABLE

__TI_handler_table @ 000036e0 records: 3, size/record: 4, table size: 12
	index: 0, handler: __TI_decompress_lzss
	index: 1, handler: __TI_decompress_none
	index: 2, handler: __TI_zero_init


GLOBAL SYMBOLS: SORTED ALPHABETICALLY BY Name 

address   name                          
-------   ----                          
0000323d  C$$EXIT                       
00002dd1  DelayInit                     
00002deb  DelayMs                       
000022f1  Delay_us                      
000030f3  GPIODirModeSet                
000027bf  GPIOPadConfigSet              
00002ec9  GPIOPinConfigure              
00003215  GPIOPinRead                   
00003151  GPIOPinTypeGPIOInput          
00003139  GPIOPinTypeGPIOOutput         
00003163  GPIOPinTypeI2C                
00003175  GPIOPinTypeI2CSCL             
00003187  GPIOPinTypeSSI                
0000321b  GPIOPinWrite                  
000024d3  I2CGenIsNotIdle               
00002323  I2CGenTransmit                
000031f5  I2CMasterBusBusy              
000031fd  I2CMasterBusy                 
0000322d  I2CMasterControl              
00003231  I2CMasterDataGet              
00003235  I2CMasterDataPut              
000031cd  I2CMasterEnable               
00002e7d  I2CMasterInitExpClk           
00003205  I2CMasterSlaveAddrSet         
00002f7f  OLEDInitialise                
00002f59  OLEDStringDraw                
00002285  OrbitOledAdvanceCursor        
000017e1  OrbitOledClampXco             
00001801  OrbitOledClampYco             
00001a1d  OrbitOledClear                
00001a29  OrbitOledClearBuffer          
00002155  OrbitOledDefUserChar          
00001999  OrbitOledDevInit              
00001623  OrbitOledDrawChar             
0000220d  OrbitOledDrawGlyph            
00000fe7  OrbitOledDrawPixel            
0000112d  OrbitOledDrawRect             
00001683  OrbitOledDrawString           
0000191f  OrbitOledDvrInit              
000011b1  OrbitOledFillRect             
000012f5  OrbitOledGetBmp               
000021bd  OrbitOledGetCharUpdate        
00002139  OrbitOledGetCursor            
00000fe1  OrbitOledGetDrawMode          
00001013  OrbitOledGetPixel             
00000f37  OrbitOledGetPos               
00000f6b  OrbitOledGetStdPattern        
00001855  OrbitOledHostInit             
00001841  OrbitOledInit                 
0000102d  OrbitOledLineTo               
00001779  OrbitOledMoveDown             
000017af  OrbitOledMoveLeft             
000017c7  OrbitOledMoveRight            
00000ef1  OrbitOledMoveTo               
00001741  OrbitOledMoveUp               
00001455  OrbitOledPutBmp               
00001ab3  OrbitOledPutBuffer            
000021c3  OrbitOledPutChar              
000021e1  OrbitOledPutString            
000016ef  OrbitOledRopAnd               
000016cb  OrbitOledRopOr                
000016a1  OrbitOledRopSet               
00001713  OrbitOledRopXor               
000021a5  OrbitOledSetCharUpdate        
000020ed  OrbitOledSetCursor            
00000f53  OrbitOledSetDrawColor         
00000f8d  OrbitOledSetDrawMode          
00000f7d  OrbitOledSetFillPattern       
00001a59  OrbitOledUpdate               
000031c1  ResetISR                      
0000320d  SSIBusy                       
00003221  SSIClockSourceSet             
00003021  SSIConfigSetExpClk            
000031b5  SSIDataGet                    
000031d7  SSIDataPut                    
000031e1  SSIEnable                     
00001b19  Ssi3PutByte                   
000028f1  SysCtlClockGet                
00002afd  SysCtlClockSet                
00003227  SysCtlDelay                   
0000305d  SysCtlPeripheralEnable        
00002e2d  SysCtlPeripheralReset         
00002d71  TimerConfigure                
00003199  TimerEnable                   
000031eb  TimerValueGet                 
20000558  __STACK_END                   
00000200  __STACK_SIZE                  
20000558  __STACK_TOP                   
00000100  __SYSMEM_SIZE                 
00003700  __TI_CINIT_Base               
00003710  __TI_CINIT_Limit              
000036e0  __TI_Handler_Table_Base       
000036ec  __TI_Handler_Table_Limit      
00002f9d  __TI_auto_init_nobinit_nopinit
00002d07  __TI_decompress_lzss          
000031a7  __TI_decompress_none          
ffffffff  __TI_pprof_out_hndl           
ffffffff  __TI_prof_data_size           
ffffffff  __TI_prof_data_start          
00000000  __TI_static_base__            
0000311d  __TI_zero_init_nomemset       
00002f11  __aeabi_d2iz                  
00002689  __aeabi_ddiv                  
00002a01  __aeabi_dmul                  
000030c5  __aeabi_i2d                   
00002d6f  __aeabi_idiv0                 
00002d6f  __aeabi_ldiv0                 
00002c8d  __aeabi_memclr                
00002c8d  __aeabi_memclr4               
00002c8d  __aeabi_memclr8               
00002bf1  __aeabi_memcpy                
00002bf1  __aeabi_memcpy4               
00002bf1  __aeabi_memcpy8               
00002c8f  __aeabi_memset                
00002c8f  __aeabi_memset4               
00002c8f  __aeabi_memset8               
00002fe1  __aeabi_uidiv                 
00002fe1  __aeabi_uidivmod              
ffffffff  __binit__                     
ffffffff  __c_args__                    
UNDEFED   __mpu_init                    
20000358  __stack                       
20000000  __start___llvm_prf_cnts       
20000000  __stop___llvm_prf_cnts        
00003091  _c_int00_noargs               
20000558  _sys_memory                   
UNDEFED   _system_post_cinit            
00003239  _system_pre_init              
0000323d  abort                         
00001d29  adjustData                    
ffffffff  binit                         
20000310  bnOledCur                     
00002553  changeUnits                   
0000206f  checkButton                   
20000350  clrOledCur                    
00002507  displayUpdate                 
20000314  dxcoOledFontCur               
20000318  dycoOledFontCur               
2000031c  fOledCharUpdate               
00000000  g_pfnVectors                  
00001cbd  getAcclData                   
00001bbd  initAccl                      
00001ecd  initButtons                   
000024f5  initClock                     
000024ff  initDisplay                   
00002585  main                          
00002bf1  memcpy                        
00002c95  memset                        
20000320  modOledCur                    
20000324  pbOledCur                     
20000328  pbOledFontCur                 
2000032c  pbOledFontUser                
20000330  pbOledPatCur                  
20000334  pfnDoRop                      
0000363c  rgbFillPat                    
20000000  rgbOledBmp                    
00003240  rgbOledFont0                  
20000200  rgbOledFontUser               
00000751  ulocaltime                    
0000094f  umktime                       
00001f9b  updateButtons                 
00000ec9  urand                         
00000721  usnprintf                     
000006ef  usprintf                      
00000eb9  usrand                        
00000e31  ustrcasecmp                   
00000ea5  ustrcmp                       
00000d35  ustrlen                       
00000d8d  ustrncasecmp                  
00000e45  ustrncmp                      
0000026d  ustrncpy                      
00000d57  ustrstr                       
00000afd  ustrtof                       
000009c5  ustrtoul                      
000002c5  uvsnprintf                    
20000338  xchOledCur                    
2000033c  xchOledMax                    
20000340  xcoOledCur                    
20000344  ychOledCur                    
20000348  ychOledMax                    
2000034c  ycoOledCur                    


GLOBAL SYMBOLS: SORTED BY Symbol Address 

address   name                          
-------   ----                          
00000000  __TI_static_base__            
00000000  g_pfnVectors                  
00000100  __SYSMEM_SIZE                 
00000200  __STACK_SIZE                  
0000026d  ustrncpy                      
000002c5  uvsnprintf                    
000006ef  usprintf                      
00000721  usnprintf                     
00000751  ulocaltime                    
0000094f  umktime                       
000009c5  ustrtoul                      
00000afd  ustrtof                       
00000d35  ustrlen                       
00000d57  ustrstr                       
00000d8d  ustrncasecmp                  
00000e31  ustrcasecmp                   
00000e45  ustrncmp                      
00000ea5  ustrcmp                       
00000eb9  usrand                        
00000ec9  urand                         
00000ef1  OrbitOledMoveTo               
00000f37  OrbitOledGetPos               
00000f53  OrbitOledSetDrawColor         
00000f6b  OrbitOledGetStdPattern        
00000f7d  OrbitOledSetFillPattern       
00000f8d  OrbitOledSetDrawMode          
00000fe1  OrbitOledGetDrawMode          
00000fe7  OrbitOledDrawPixel            
00001013  OrbitOledGetPixel             
0000102d  OrbitOledLineTo               
0000112d  OrbitOledDrawRect             
000011b1  OrbitOledFillRect             
000012f5  OrbitOledGetBmp               
00001455  OrbitOledPutBmp               
00001623  OrbitOledDrawChar             
00001683  OrbitOledDrawString           
000016a1  OrbitOledRopSet               
000016cb  OrbitOledRopOr                
000016ef  OrbitOledRopAnd               
00001713  OrbitOledRopXor               
00001741  OrbitOledMoveUp               
00001779  OrbitOledMoveDown             
000017af  OrbitOledMoveLeft             
000017c7  OrbitOledMoveRight            
000017e1  OrbitOledClampXco             
00001801  OrbitOledClampYco             
00001841  OrbitOledInit                 
00001855  OrbitOledHostInit             
0000191f  OrbitOledDvrInit              
00001999  OrbitOledDevInit              
00001a1d  OrbitOledClear                
00001a29  OrbitOledClearBuffer          
00001a59  OrbitOledUpdate               
00001ab3  OrbitOledPutBuffer            
00001b19  Ssi3PutByte                   
00001bbd  initAccl                      
00001cbd  getAcclData                   
00001d29  adjustData                    
00001ecd  initButtons                   
00001f9b  updateButtons                 
0000206f  checkButton                   
000020ed  OrbitOledSetCursor            
00002139  OrbitOledGetCursor            
00002155  OrbitOledDefUserChar          
000021a5  OrbitOledSetCharUpdate        
000021bd  OrbitOledGetCharUpdate        
000021c3  OrbitOledPutChar              
000021e1  OrbitOledPutString            
0000220d  OrbitOledDrawGlyph            
00002285  OrbitOledAdvanceCursor        
000022f1  Delay_us                      
00002323  I2CGenTransmit                
000024d3  I2CGenIsNotIdle               
000024f5  initClock                     
000024ff  initDisplay                   
00002507  displayUpdate                 
00002553  changeUnits                   
00002585  main                          
00002689  __aeabi_ddiv                  
000027bf  GPIOPadConfigSet              
000028f1  SysCtlClockGet                
00002a01  __aeabi_dmul                  
00002afd  SysCtlClockSet                
00002bf1  __aeabi_memcpy                
00002bf1  __aeabi_memcpy4               
00002bf1  __aeabi_memcpy8               
00002bf1  memcpy                        
00002c8d  __aeabi_memclr                
00002c8d  __aeabi_memclr4               
00002c8d  __aeabi_memclr8               
00002c8f  __aeabi_memset                
00002c8f  __aeabi_memset4               
00002c8f  __aeabi_memset8               
00002c95  memset                        
00002d07  __TI_decompress_lzss          
00002d6f  __aeabi_idiv0                 
00002d6f  __aeabi_ldiv0                 
00002d71  TimerConfigure                
00002dd1  DelayInit                     
00002deb  DelayMs                       
00002e2d  SysCtlPeripheralReset         
00002e7d  I2CMasterInitExpClk           
00002ec9  GPIOPinConfigure              
00002f11  __aeabi_d2iz                  
00002f59  OLEDStringDraw                
00002f7f  OLEDInitialise                
00002f9d  __TI_auto_init_nobinit_nopinit
00002fe1  __aeabi_uidiv                 
00002fe1  __aeabi_uidivmod              
00003021  SSIConfigSetExpClk            
0000305d  SysCtlPeripheralEnable        
00003091  _c_int00_noargs               
000030c5  __aeabi_i2d                   
000030f3  GPIODirModeSet                
0000311d  __TI_zero_init_nomemset       
00003139  GPIOPinTypeGPIOOutput         
00003151  GPIOPinTypeGPIOInput          
00003163  GPIOPinTypeI2C                
00003175  GPIOPinTypeI2CSCL             
00003187  GPIOPinTypeSSI                
00003199  TimerEnable                   
000031a7  __TI_decompress_none          
000031b5  SSIDataGet                    
000031c1  ResetISR                      
000031cd  I2CMasterEnable               
000031d7  SSIDataPut                    
000031e1  SSIEnable                     
000031eb  TimerValueGet                 
000031f5  I2CMasterBusBusy              
000031fd  I2CMasterBusy                 
00003205  I2CMasterSlaveAddrSet         
0000320d  SSIBusy                       
00003215  GPIOPinRead                   
0000321b  GPIOPinWrite                  
00003221  SSIClockSourceSet             
00003227  SysCtlDelay                   
0000322d  I2CMasterControl              
00003231  I2CMasterDataGet              
00003235  I2CMasterDataPut              
00003239  _system_pre_init              
0000323d  C$$EXIT                       
0000323d  abort                         
00003240  rgbOledFont0                  
0000363c  rgbFillPat                    
000036e0  __TI_Handler_Table_Base       
000036ec  __TI_Handler_Table_Limit      
00003700  __TI_CINIT_Base               
00003710  __TI_CINIT_Limit              
20000000  __start___llvm_prf_cnts       
20000000  __stop___llvm_prf_cnts        
20000000  rgbOledBmp                    
20000200  rgbOledFontUser               
20000310  bnOledCur                     
20000314  dxcoOledFontCur               
20000318  dycoOledFontCur               
2000031c  fOledCharUpdate               
20000320  modOledCur                    
20000324  pbOledCur                     
20000328  pbOledFontCur                 
2000032c  pbOledFontUser                
20000330  pbOledPatCur                  
20000334  pfnDoRop                      
20000338  xchOledCur                    
2000033c  xchOledMax                    
20000340  xcoOledCur                    
20000344  ychOledCur                    
20000348  ychOledMax                    
2000034c  ycoOledCur                    
20000350  clrOledCur                    
20000358  __stack                       
20000558  __STACK_END                   
20000558  __STACK_TOP                   
20000558  _sys_memory                   
ffffffff  __TI_pprof_out_hndl           
ffffffff  __TI_prof_data_size           
ffffffff  __TI_prof_data_start          
ffffffff  __binit__                     
ffffffff  __c_args__                    
ffffffff  binit                         
UNDEFED   __mpu_init                    
UNDEFED   _system_post_cinit            

[181 symbols]
