******************************************************************************
                  TI ARM Linker PC v20.2.5                     
******************************************************************************
>> Linked Mon May 16 14:54:53 2022

OUTPUT FILE NAME:   <project.out>
ENTRY POINT SYMBOL: "_c_int00_noargs"  address: 000051bd


MEMORY CONFIGURATION

         name            origin    length      used     unused   attr    fill
----------------------  --------  ---------  --------  --------  ----  --------
  FLASH                 00000000   00040000  00005af6  0003a50a  R  X
  SRAM                  20000000   00008000  00000a34  000075cc  RW X


SEGMENT ALLOCATION MAP

run origin  load origin   length   init length attrs members
----------  ----------- ---------- ----------- ----- -------
00000000    00000000    00005b00   00005b00    r-x
  00000000    00000000    0000026c   0000026c    r-- .intvecs
  0000026c    0000026c    00005268   00005268    r-x .text
  000054d8    000054d8    000005d2   000005d2    r-- .const
  00005ab0    00005ab0    00000050   00000050    r-- .cinit
20000000    20000000    00000a38   00000000    rw-
  20000000    20000000    0000026c   00000000    rw- .vtable
  2000026c    2000026c    000003a0   00000000    rw- .bss
  20000610    20000610    00000200   00000000    rw- .stack
  20000810    20000810    00000200   00000000    rw- .sysmem
  20000a10    20000a10    00000028   00000000    rw- .data


SECTION ALLOCATION MAP

 output                                  attributes/
section   page    origin      length       input sections
--------  ----  ----------  ----------   ----------------
.intvecs   0    00000000    0000026c     
                  00000000    0000026c     tm4c123gh6pm_startup_ccs.obj (.intvecs)

.text      0    0000026c    00005268     
                  0000026c    00000c84     ustdlib.obj (.text)
                  00000ef0    000009d0     rtsv7M4_T_le_v4SPD16_eabi.lib : e_pow.c.obj (.text:pow)
                  000018c0    00000950     OrbitOledGrph.obj (.text)
                  00002210    00000678     main.obj (.text)
                  00002888    000005fc     acc.obj (.text)
                  00002e84    0000037c     OrbitOled.obj (.text)
                  00003200    000002f0     buttons4.obj (.text)
                  000034f0    000002ec     rtsv7M4_T_le_v4SPD16_eabi.lib : s_atan.c.obj (.text:atan)
                  000037dc    00000204     OrbitOledChar.obj (.text)
                  000039e0    00000204     i2c_driver.obj (.text)
                  00003be4    000001b6     rtsv7M4_T_le_v4SPD16_eabi.lib : fd_add_t2.asm.obj (.text)
                  00003d9a    00000002                                   : _lock.c.obj (.text:_nop)
                  00003d9c    00000158                                   : e_sqrt.c.obj (.text:sqrt)
                  00003ef4    00000136                                   : fd_div_t2.asm.obj (.text)
                  0000402a    00000132     driverlib.lib : gpio.obj (.text:GPIOPadConfigSet)
                  0000415c    00000110                   : sysctl.obj (.text:SysCtlClockGet)
                  0000426c    00000110     rtsv7M4_T_le_v4SPD16_eabi.lib : s_scalbn.c.obj (.text:scalbn)
                  0000437c    00000100                                   : memory.c.obj (.text:aligned_alloc)
                  0000447c    000000fc                                   : fd_mul_t2.asm.obj (.text)
                  00004578    000000f4     driverlib.lib : sysctl.obj (.text:SysCtlClockSet)
                  0000466c    000000e4     rtsv7M4_T_le_v4SPD16_eabi.lib : memory.c.obj (.text:free)
                  00004750    000000c0     ADC.obj (.text)
                  00004810    000000b8     circBufT.obj (.text)
                  000048c8    0000009c     rtsv7M4_T_le_v4SPD16_eabi.lib : memcpy_t2.asm.obj (.text)
                  00004964    00000086                                   : fd_cmp_t2.asm.obj (.text:__aeabi_cdcmple)
                  000049ea    00000086                                   : fd_cmp_t2.asm.obj (.text:__aeabi_cdrcmple)
                  00004a70    0000007a     driverlib.lib : adc.obj (.text:ADCSequenceStepConfigure)
                  00004aea    0000007a     rtsv7M4_T_le_v4SPD16_eabi.lib : memset_t2.asm.obj (.text)
                  00004b64    00000070                                   : memory.c.obj (.text:split)
                  00004bd4    0000006e                                   : fd_tos_t2.asm.obj (.text)
                  00004c42    00000002                                   : div0.asm.obj (.text)
                  00004c44    00000068     driverlib.lib : interrupt.obj (.text:IntEnable)
                  00004cac    00000068     rtsv7M4_T_le_v4SPD16_eabi.lib : copy_decompress_lzss.c.obj (.text:decompress:lzss:__TI_decompress_lzss)
                  00004d14    00000060     driverlib.lib : timer.obj (.text:TimerConfigure)
                  00004d74    0000005c     delay.obj (.text)
                  00004dd0    00000050     driverlib.lib : adc.obj (.text:ADCSequenceConfigure)
                  00004e20    00000050                   : sysctl.obj (.text:SysCtlPeripheralReset)
                  00004e70    00000050                   : adc.obj (.text:_ADCIntNumberGet)
                  00004ec0    0000004c                   : i2c.obj (.text:I2CMasterInitExpClk)
                  00004f0c    00000048                   : gpio.obj (.text:GPIOPinConfigure)
                  00004f54    00000048     rtsv7M4_T_le_v4SPD16_eabi.lib : fd_toi_t2.asm.obj (.text)
                  00004f9c    00000044     OrbitOLEDInterface.obj (.text)
                  00004fe0    00000044     rtsv7M4_T_le_v4SPD16_eabi.lib : autoinit.c.obj (.text:__TI_auto_init_nobinit_nopinit:__TI_auto_init_nobinit_nopinit)
                  00005024    00000044                                   : fd_tou_t2.asm.obj (.text)
                  00005068    00000040                                   : u_divt2.asm.obj (.text)
                  000050a8    0000003c     driverlib.lib : ssi.obj (.text:SSIConfigSetExpClk)
                  000050e4    00000038     rtsv7M4_T_le_v4SPD16_eabi.lib : memory.c.obj (.text:calloc)
                  0000511c    00000038                                   : fs_tod_t2.asm.obj (.text)
                  00005154    00000034     driverlib.lib : interrupt.obj (.text:IntRegister)
                  00005188    00000034                   : sysctl.obj (.text:SysCtlPeripheralEnable)
                  000051bc    00000034     rtsv7M4_T_le_v4SPD16_eabi.lib : boot_cortex_m.c.obj (.text:_c_int00_noargs:_c_int00_noargs)
                  000051f0    0000002e                                   : i_tofd_t2.asm.obj (.text)
                  0000521e    0000002a     driverlib.lib : gpio.obj (.text:GPIODirModeSet)
                  00005248    00000028     rtsv7M4_T_le_v4SPD16_eabi.lib : memory.c.obj (.text:free_list_insert)
                  00005270    00000020                                   : u_tofd_t2.asm.obj (.text)
                  00005290    0000001e     driverlib.lib : adc.obj (.text:ADCSequenceDataGet)
                  000052ae    00000002     --HOLE-- [fill = 0]
                  000052b0    0000001c                   : systick.obj (.text:SysTickIntRegister)
                  000052cc    0000001c     rtsv7M4_T_le_v4SPD16_eabi.lib : memory.c.obj (.text:free_list_remove)
                  000052e8    0000001a                                   : s_copysign.c.obj (.text:copysign)
                  00005302    00000018     driverlib.lib : adc.obj (.text:ADCIntRegister)
                  0000531a    00000018                   : adc.obj (.text:ADCProcessorTrigger)
                  00005332    00000018                   : gpio.obj (.text:GPIOPinTypeGPIOOutput)
                  0000534a    00000002     --HOLE-- [fill = 0]
                  0000534c    00000014                   : systick.obj (.text:SysTickEnable)
                  00005360    00000014                   : systick.obj (.text:SysTickIntEnable)
                  00005374    00000012                   : gpio.obj (.text:GPIOPinTypeGPIOInput)
                  00005386    00000012                   : gpio.obj (.text:GPIOPinTypeI2C)
                  00005398    00000012                   : gpio.obj (.text:GPIOPinTypeI2CSCL)
                  000053aa    00000012                   : gpio.obj (.text:GPIOPinTypeSSI)
                  000053bc    00000010                   : adc.obj (.text:ADCIntEnable)
                  000053cc    00000010                   : interrupt.obj (.text:IntMasterEnable)
                  000053dc    00000010                   : systick.obj (.text:SysTickPeriodSet)
                  000053ec    0000000e                   : adc.obj (.text:ADCSequenceEnable)
                  000053fa    0000000e                   : timer.obj (.text:TimerEnable)
                  00005408    0000000e     rtsv7M4_T_le_v4SPD16_eabi.lib : copy_decompress_none.c.obj (.text:decompress:none:__TI_decompress_none)
                  00005416    0000000c     driverlib.lib : cpu.obj (.text:CPUcpsie)
                  00005422    0000000c                   : ssi.obj (.text:SSIDataGet)
                  0000542e    0000000c     rtsv7M4_T_le_v4SPD16_eabi.lib : copy_zero_init.c.obj (.text:decompress:ZI:__TI_zero_init)
                  0000543a    0000000c     tm4c123gh6pm_startup_ccs.obj (.text)
                  00005446    0000000a     driverlib.lib : adc.obj (.text:ADCIntClear)
                  00005450    0000000a                   : i2c.obj (.text:I2CMasterEnable)
                  0000545a    0000000a                   : ssi.obj (.text:SSIDataPut)
                  00005464    0000000a                   : ssi.obj (.text:SSIEnable)
                  0000546e    0000000a                   : timer.obj (.text:TimerValueGet)
                  00005478    00000008                   : i2c.obj (.text:I2CMasterBusBusy)
                  00005480    00000008                   : i2c.obj (.text:I2CMasterBusy)
                  00005488    00000008                   : i2c.obj (.text:I2CMasterSlaveAddrSet)
                  00005490    00000008                   : ssi.obj (.text:SSIBusy)
                  00005498    00000008     rtsv7M4_T_le_v4SPD16_eabi.lib : errno.c.obj (.text:__aeabi_errno_addr)
                  000054a0    00000008                                   : memory.c.obj (.text:malloc)
                  000054a8    00000006     driverlib.lib : gpio.obj (.text:GPIOPinRead)
                  000054ae    00000006                   : gpio.obj (.text:GPIOPinWrite)
                  000054b4    00000006                   : ssi.obj (.text:SSIClockSourceSet)
                  000054ba    00000006                   : sysctl.obj (.text:SysCtlDelay)
                  000054c0    00000004                   : i2c.obj (.text:I2CMasterControl)
                  000054c4    00000004                   : i2c.obj (.text:I2CMasterDataGet)
                  000054c8    00000004                   : i2c.obj (.text:I2CMasterDataPut)
                  000054cc    00000004     rtsv7M4_T_le_v4SPD16_eabi.lib : pre_init.c.obj (.text:_system_pre_init)
                  000054d0    00000004                                   : exit.c.obj (.text:abort:abort)

.const     0    000054d8    000005d2     
                  000054d8    00000300     ChrFont0.obj (.const:.string:rgbOledFont0)
                  000057d8    00000098     rtsv7M4_T_le_v4SPD16_eabi.lib : s_atan.c.obj (.const:$O1$$)
                  00005870    00000090     driverlib.lib : gpio.obj (.const:g_pui32GPIOBaseAddrs)
                  00005900    00000070                   : interrupt.obj (.const)
                  00005970    0000006c                   : sysctl.obj (.const:g_pui32Xtals)
                  000059dc    00000040     FillPat.obj (.const:.string:rgbFillPat)
                  00005a1c    00000004     ustdlib.obj (.const)
                  00005a20    00000030     rtsv7M4_T_le_v4SPD16_eabi.lib : e_pow.c.obj (.const:$O1$$)
                  00005a50    00000030     ustdlib.obj (.const:g_psDaysToMonth)
                  00005a80    00000018     ustdlib.obj (.const:g_pfExponents)
                  00005a98    00000012     ustdlib.obj (.const:.string)

.cinit     0    00005ab0    00000050     
                  00005ab0    0000001b     (.cinit..data.load) [load image, compression = lzss]
                  00005acb    00000001     --HOLE-- [fill = 0]
                  00005acc    0000000c     (__TI_handler_table)
                  00005ad8    00000008     (.cinit..bss.load) [load image, compression = zero_init]
                  00005ae0    00000008     (.cinit..vtable.load) [load image, compression = zero_init]
                  00005ae8    00000018     (__TI_cinit_table)

.init_array 
*          0    00000000    00000000     UNINITIALIZED

.vtable    0    20000000    0000026c     UNINITIALIZED
                  20000000    0000026c     driverlib.lib : interrupt.obj (.vtable)

.bss       0    2000026c    000003a0     UNINITIALIZED
                  2000026c    00000200     (.common:rgbOledBmp)
                  2000046c    00000100     (.common:rgbOledFontUser)
                  2000056c    00000010     ADC.obj (.bss:g_adcBuffer)
                  2000057c    00000010     (.common:bufferX)
                  2000058c    00000010     (.common:bufferY)
                  2000059c    00000010     (.common:bufferZ)
                  200005ac    00000004     buttons4.obj (.bss:but_count)
                  200005b0    00000004     buttons4.obj (.bss:but_count_long)
                  200005b4    00000004     buttons4.obj (.bss:but_flag)
                  200005b8    00000004     buttons4.obj (.bss:but_flag_long)
                  200005bc    00000004     buttons4.obj (.bss:but_normal)
                  200005c0    00000004     buttons4.obj (.bss:but_state)
                  200005c4    00000004     (.common:bnOledCur)
                  200005c8    00000004     (.common:dxcoOledFontCur)
                  200005cc    00000004     (.common:dycoOledFontCur)
                  200005d0    00000004     (.common:fOledCharUpdate)
                  200005d4    00000004     (.common:modOledCur)
                  200005d8    00000004     (.common:pbOledCur)
                  200005dc    00000004     (.common:pbOledFontCur)
                  200005e0    00000004     (.common:pbOledFontUser)
                  200005e4    00000004     (.common:pbOledPatCur)
                  200005e8    00000004     (.common:pfnDoRop)
                  200005ec    00000004     (.common:xchOledCur)
                  200005f0    00000004     (.common:xchOledMax)
                  200005f4    00000004     (.common:xcoOledCur)
                  200005f8    00000004     (.common:ychOledCur)
                  200005fc    00000004     (.common:ychOledMax)
                  20000600    00000004     (.common:ycoOledCur)
                  20000604    00000002     (.common:step_count)
                  20000606    00000002     (.common:step_goal)
                  20000608    00000001     (.common:clrOledCur)
                  20000609    00000001     (.common:display_state)
                  2000060a    00000001     (.common:dist_unit)
                  2000060b    00000001     (.common:step_unit)

.stack     0    20000610    00000200     UNINITIALIZED
                  20000610    00000004     rtsv7M4_T_le_v4SPD16_eabi.lib : boot_cortex_m.c.obj (.stack)
                  20000614    000001fc     --HOLE--

.sysmem    0    20000810    00000200     UNINITIALIZED
                  20000810    00000010     rtsv7M4_T_le_v4SPD16_eabi.lib : memory.c.obj (.sysmem)
                  20000820    000001f0     --HOLE--

.data      0    20000a10    00000028     UNINITIALIZED
                  20000a10    0000000d     main.obj (.data)
                  20000a1d    00000001     acc.obj (.data)
                  20000a1e    00000002     --HOLE--
                  20000a20    00000008     rtsv7M4_T_le_v4SPD16_eabi.lib : _lock.c.obj (.data:$O1$$)
                  20000a28    00000008                                   : memory.c.obj (.data:$O1$$)
                  20000a30    00000004                                   : errno.c.obj (.data)
                  20000a34    00000004     ustdlib.obj (.data)

__llvm_prf_cnts 
*          0    20000000    00000000     UNINITIALIZED

MODULE SUMMARY

       Module                         code    ro data   rw data
       ------                         ----    -------   -------
    .\
       ustdlib.obj                    3204    94        4      
       main.obj                       1656    0         20     
       acc.obj                        1532    0         49     
       buttons4.obj                   752     0         24     
       tm4c123gh6pm_startup_ccs.obj   12      620       0      
       i2c_driver.obj                 516     0         0      
       ADC.obj                        192     0         16     
       circBufT.obj                   184     0         0      
    +--+------------------------------+-------+---------+---------+
       Total:                         8048    714       113    
                                                               
    .\OrbitOLED\
       OrbitOLEDInterface.obj         68      0         0      
    +--+------------------------------+-------+---------+---------+
       Total:                         68      0         0      
                                                               
    .\OrbitOLED\lib_OrbitOled\
       OrbitOledGrph.obj              2384    0         8      
       OrbitOled.obj                  892     0         553    
       OrbitOledChar.obj              516     0         272    
       ChrFont0.obj                   0       768       0      
       delay.obj                      92      0         0      
       FillPat.obj                    0       64        0      
    +--+------------------------------+-------+---------+---------+
       Total:                         3884    832       833    
                                                               
    C:/ti/TivaWare_C_Series-2.1.4.178/driverlib/ccs/Debug/driverlib.lib
       interrupt.obj                  172     112       620    
       sysctl.obj                     654     108       0      
       gpio.obj                       528     144       0      
       adc.obj                        400     0         0      
       i2c.obj                        122     0         0      
       timer.obj                      120     0         0      
       ssi.obj                        106     0         0      
       systick.obj                    84      0         0      
       cpu.obj                        12      0         0      
    +--+------------------------------+-------+---------+---------+
       Total:                         2198    364       620    
                                                               
    C:\ti\ccs1110\ccs\tools\compiler\ti-cgt-arm_20.2.5.LTS\lib\rtsv7M4_T_le_v4SPD16_eabi.lib
       e_pow.c.obj                    2512    48        0      
       s_atan.c.obj                   748     152       0      
       memory.c.obj                   728     0         8      
       fd_add_t2.asm.obj              438     0         0      
       e_sqrt.c.obj                   344     0         0      
       fd_div_t2.asm.obj              310     0         0      
       s_scalbn.c.obj                 272     0         0      
       fd_cmp_t2.asm.obj              268     0         0      
       fd_mul_t2.asm.obj              252     0         0      
       memcpy_t2.asm.obj              156     0         0      
       memset_t2.asm.obj              122     0         0      
       fd_tos_t2.asm.obj              110     0         0      
       copy_decompress_lzss.c.obj     104     0         0      
       fd_toi_t2.asm.obj              72      0         0      
       autoinit.c.obj                 68      0         0      
       fd_tou_t2.asm.obj              68      0         0      
       u_divt2.asm.obj                64      0         0      
       fs_tod_t2.asm.obj              56      0         0      
       boot_cortex_m.c.obj            52      0         0      
       i_tofd_t2.asm.obj              46      0         0      
       u_tofd_t2.asm.obj              32      0         0      
       s_copysign.c.obj               26      0         0      
       copy_decompress_none.c.obj     14      0         0      
       copy_zero_init.c.obj           12      0         0      
       errno.c.obj                    8       0         4      
       _lock.c.obj                    2       0         8      
       exit.c.obj                     4       0         0      
       pre_init.c.obj                 4       0         0      
       div0.asm.obj                   2       0         0      
    +--+------------------------------+-------+---------+---------+
       Total:                         6894    200       20     
                                                               
       Heap:                          0       0         512    
       Stack:                         0       0         512    
       Linker Generated:              0       79        0      
    +--+------------------------------+-------+---------+---------+
       Grand Total:                   21092   2189      2610   


LINKER GENERATED COPY TABLES

__TI_cinit_table @ 00005ae8 records: 3, size/record: 8, table size: 24
	.data: load addr=00005ab0, load size=0000001b bytes, run addr=20000a10, run size=00000028 bytes, compression=lzss
	.bss: load addr=00005ad8, load size=00000008 bytes, run addr=2000026c, run size=000003a0 bytes, compression=zero_init
	.vtable: load addr=00005ae0, load size=00000008 bytes, run addr=20000000, run size=0000026c bytes, compression=zero_init


LINKER GENERATED HANDLER TABLE

__TI_handler_table @ 00005acc records: 3, size/record: 4, table size: 12
	index: 0, handler: __TI_zero_init
	index: 1, handler: __TI_decompress_lzss
	index: 2, handler: __TI_decompress_none


GLOBAL SYMBOLS: SORTED ALPHABETICALLY BY Name 

address   name                          
-------   ----                          
00005447  ADCIntClear                   
000053bd  ADCIntEnable                  
00004751  ADCIntHandler                 
00005303  ADCIntRegister                
0000531b  ADCProcessorTrigger           
00004dd1  ADCSequenceConfigure          
00005291  ADCSequenceDataGet            
000053ed  ADCSequenceEnable             
00004a71  ADCSequenceStepConfigure      
20000a1d  BUFF_SIZE                     
000054d1  C$$EXIT                       
00005417  CPUcpsie                      
00004d75  DelayInit                     
00004d8f  DelayMs                       
000039e1  Delay_us                      
0000521f  GPIODirModeSet                
0000402b  GPIOPadConfigSet              
00004f0d  GPIOPinConfigure              
000054a9  GPIOPinRead                   
00005375  GPIOPinTypeGPIOInput          
00005333  GPIOPinTypeGPIOOutput         
00005387  GPIOPinTypeI2C                
00005399  GPIOPinTypeI2CSCL             
000053ab  GPIOPinTypeSSI                
000054af  GPIOPinWrite                  
00003bc3  I2CGenIsNotIdle               
00003a13  I2CGenTransmit                
00005479  I2CMasterBusBusy              
00005481  I2CMasterBusy                 
000054c1  I2CMasterControl              
000054c5  I2CMasterDataGet              
000054c9  I2CMasterDataPut              
00005451  I2CMasterEnable               
00004ec1  I2CMasterInitExpClk           
00005489  I2CMasterSlaveAddrSet         
00004c45  IntEnable                     
000053cd  IntMasterEnable               
00005155  IntRegister                   
00004fc3  OLEDInitialise                
00004f9d  OLEDStringDraw                
00003975  OrbitOledAdvanceCursor        
000021b1  OrbitOledClampXco             
000021d1  OrbitOledClampYco             
00003061  OrbitOledClear                
0000306d  OrbitOledClearBuffer          
00003845  OrbitOledDefUserChar          
00002fdd  OrbitOledDevInit              
00001ff3  OrbitOledDrawChar             
000038fd  OrbitOledDrawGlyph            
000019b7  OrbitOledDrawPixel            
00001afd  OrbitOledDrawRect             
00002053  OrbitOledDrawString           
00002f63  OrbitOledDvrInit              
00001b81  OrbitOledFillRect             
00001cc5  OrbitOledGetBmp               
000038ad  OrbitOledGetCharUpdate        
00003829  OrbitOledGetCursor            
000019b1  OrbitOledGetDrawMode          
000019e3  OrbitOledGetPixel             
00001907  OrbitOledGetPos               
0000193b  OrbitOledGetStdPattern        
00002e99  OrbitOledHostInit             
00002e85  OrbitOledInit                 
000019fd  OrbitOledLineTo               
00002149  OrbitOledMoveDown             
0000217f  OrbitOledMoveLeft             
00002197  OrbitOledMoveRight            
000018c1  OrbitOledMoveTo               
00002111  OrbitOledMoveUp               
00001e25  OrbitOledPutBmp               
000030f7  OrbitOledPutBuffer            
000038b3  OrbitOledPutChar              
000038d1  OrbitOledPutString            
000020bf  OrbitOledRopAnd               
0000209b  OrbitOledRopOr                
00002071  OrbitOledRopSet               
000020e3  OrbitOledRopXor               
00003895  OrbitOledSetCharUpdate        
000037dd  OrbitOledSetCursor            
00001923  OrbitOledSetDrawColor         
0000195d  OrbitOledSetDrawMode          
0000194d  OrbitOledSetFillPattern       
0000309d  OrbitOledUpdate               
0000543b  ResetISR                      
00005491  SSIBusy                       
000054b5  SSIClockSourceSet             
000050a9  SSIConfigSetExpClk            
00005423  SSIDataGet                    
0000545b  SSIDataPut                    
00005465  SSIEnable                     
0000315d  Ssi3PutByte                   
0000415d  SysCtlClockGet                
00004579  SysCtlClockSet                
000054bb  SysCtlDelay                   
00005189  SysCtlPeripheralEnable        
00004e21  SysCtlPeripheralReset         
0000534d  SysTickEnable                 
00005361  SysTickIntEnable              
00002637  SysTickIntHandler             
000052b1  SysTickIntRegister            
000053dd  SysTickPeriodSet              
00004d15  TimerConfigure                
000053fb  TimerEnable                   
0000546f  TimerValueGet                 
20000810  __STACK_END                   
00000200  __STACK_SIZE                  
20000810  __STACK_TOP                   
00000200  __SYSMEM_SIZE                 
00005ae8  __TI_CINIT_Base               
00005b00  __TI_CINIT_Limit              
00005acc  __TI_Handler_Table_Base       
00005ad8  __TI_Handler_Table_Limit      
00004fe1  __TI_auto_init_nobinit_nopinit
00004cad  __TI_decompress_lzss          
00005409  __TI_decompress_none          
ffffffff  __TI_pprof_out_hndl           
ffffffff  __TI_prof_data_size           
ffffffff  __TI_prof_data_start          
00000000  __TI_static_base__            
0000542f  __TI_zero_init                
00004965  __aeabi_cdcmpeq               
00004965  __aeabi_cdcmple               
000049eb  __aeabi_cdrcmple              
00004bd5  __aeabi_d2f                   
00004f55  __aeabi_d2iz                  
00005025  __aeabi_d2uiz                 
00003bef  __aeabi_dadd                  
00003ef5  __aeabi_ddiv                  
0000447d  __aeabi_dmul                  
00003be5  __aeabi_dsub                  
00005499  __aeabi_errno_addr            
0000511d  __aeabi_f2d                   
000051f1  __aeabi_i2d                   
00004c43  __aeabi_idiv0                 
00004c43  __aeabi_ldiv0                 
00004aeb  __aeabi_memclr                
00004aeb  __aeabi_memclr4               
00004aeb  __aeabi_memclr8               
000048c9  __aeabi_memcpy                
000048c9  __aeabi_memcpy4               
000048c9  __aeabi_memcpy8               
00004aed  __aeabi_memset                
00004aed  __aeabi_memset4               
00004aed  __aeabi_memset8               
00005271  __aeabi_ui2d                  
00005069  __aeabi_uidiv                 
00005069  __aeabi_uidivmod              
ffffffff  __binit__                     
ffffffff  __c_args__                    
UNDEFED   __mpu_init                    
20000610  __stack                       
20000000  __start___llvm_prf_cnts       
20000000  __stop___llvm_prf_cnts        
000051bd  _c_int00_noargs               
20000a20  _lock                         
00003d9b  _nop                          
20000810  _sys_memory                   
UNDEFED   _system_post_cinit            
000054cd  _system_pre_init              
20000a24  _unlock                       
000054d1  abort                         
0000437d  aligned_alloc                 
000034f1  atan                          
000034f1  atanl                         
00002dc1  averageData                   
ffffffff  binit                         
200005c4  bnOledCur                     
2000057c  bufferX                       
2000058c  bufferY                       
2000059c  bufferZ                       
000050e5  calloc                        
000026c3  checkBump                     
00003411  checkButton                   
0000344f  checkLongPush                 
20000608  clrOledCur                    
00002a13  convert                       
000052e9  copysign                      
000052e9  copysignl                     
00002259  displayUpdate                 
20000609  display_state                 
20000a10  display_update_flag           
2000060a  dist_unit                     
200005c8  dxcoOledFontCur               
200005cc  dycoOledFontCur               
20000a30  errno                         
200005d0  fOledCharUpdate               
0000466d  free                          
000048a3  freeCircBuf                   
20000000  g_pfnRAMVectors               
00000000  g_pfnVectors                  
000047b3  getADCMean                    
000029a7  getAcclData                   
00002b23  getAcclUnitStr                
00002d75  getAverage                    
00002bc5  getOrientation                
0000476f  initADC                       
00002889  initAccl                      
00003201  initButtons                   
00004811  initCircBuf                   
0000426d  ldexp                         
0000426d  ldexpl                        
00002211  lineUpdate                    
0000273b  main                          
000054a1  malloc                        
0000437d  memalign                      
000048c9  memcpy                        
00004af3  memset                        
200005d4  modOledCur                    
200005d8  pbOledCur                     
200005dc  pbOledFontCur                 
200005e0  pbOledFontUser                
200005e4  pbOledPatCur                  
200005e8  pfnDoRop                      
00000ef1  pow                           
00000ef1  powl                          
00002489  processUserInput              
00002b4b  radiansToDegrees              
0000486f  readCircBuf                   
000059dc  rgbFillPat                    
2000026c  rgbOledBmp                    
000054d8  rgbOledFont0                  
2000046c  rgbOledFontUser               
0000426d  scalbn                        
0000426d  scalbnl                       
20000a12  skip_frame_flag               
00003d9d  sqrt                          
00003d9d  sqrtl                         
20000604  step_count                    
20000606  step_goal                     
2000060b  step_unit                     
20000a13  step_update_flag              
00002609  switchInit                    
00000751  ulocaltime                    
0000094f  umktime                       
00002e11  updateAccBuffers              
000032df  updateButtons                 
00000ec9  urand                         
20000a11  user_input_flag               
00000721  usnprintf                     
000006ef  usprintf                      
00000eb9  usrand                        
00000e31  ustrcasecmp                   
00000ea5  ustrcmp                       
00000d35  ustrlen                       
00000d8d  ustrncasecmp                  
00000e45  ustrncmp                      
0000026d  ustrncpy                      
00000d57  ustrstr                       
00000afd  ustrtof                       
000009c5  ustrtoul                      
000002c5  uvsnprintf                    
0000483b  writeCircBuf                  
200005ec  xchOledCur                    
200005f0  xchOledMax                    
200005f4  xcoOledCur                    
200005f8  ychOledCur                    
200005fc  ychOledMax                    
20000600  ycoOledCur                    


GLOBAL SYMBOLS: SORTED BY Symbol Address 

address   name                          
-------   ----                          
00000000  __TI_static_base__            
00000000  g_pfnVectors                  
00000200  __STACK_SIZE                  
00000200  __SYSMEM_SIZE                 
0000026d  ustrncpy                      
000002c5  uvsnprintf                    
000006ef  usprintf                      
00000721  usnprintf                     
00000751  ulocaltime                    
0000094f  umktime                       
000009c5  ustrtoul                      
00000afd  ustrtof                       
00000d35  ustrlen                       
00000d57  ustrstr                       
00000d8d  ustrncasecmp                  
00000e31  ustrcasecmp                   
00000e45  ustrncmp                      
00000ea5  ustrcmp                       
00000eb9  usrand                        
00000ec9  urand                         
00000ef1  pow                           
00000ef1  powl                          
000018c1  OrbitOledMoveTo               
00001907  OrbitOledGetPos               
00001923  OrbitOledSetDrawColor         
0000193b  OrbitOledGetStdPattern        
0000194d  OrbitOledSetFillPattern       
0000195d  OrbitOledSetDrawMode          
000019b1  OrbitOledGetDrawMode          
000019b7  OrbitOledDrawPixel            
000019e3  OrbitOledGetPixel             
000019fd  OrbitOledLineTo               
00001afd  OrbitOledDrawRect             
00001b81  OrbitOledFillRect             
00001cc5  OrbitOledGetBmp               
00001e25  OrbitOledPutBmp               
00001ff3  OrbitOledDrawChar             
00002053  OrbitOledDrawString           
00002071  OrbitOledRopSet               
0000209b  OrbitOledRopOr                
000020bf  OrbitOledRopAnd               
000020e3  OrbitOledRopXor               
00002111  OrbitOledMoveUp               
00002149  OrbitOledMoveDown             
0000217f  OrbitOledMoveLeft             
00002197  OrbitOledMoveRight            
000021b1  OrbitOledClampXco             
000021d1  OrbitOledClampYco             
00002211  lineUpdate                    
00002259  displayUpdate                 
00002489  processUserInput              
00002609  switchInit                    
00002637  SysTickIntHandler             
000026c3  checkBump                     
0000273b  main                          
00002889  initAccl                      
000029a7  getAcclData                   
00002a13  convert                       
00002b23  getAcclUnitStr                
00002b4b  radiansToDegrees              
00002bc5  getOrientation                
00002d75  getAverage                    
00002dc1  averageData                   
00002e11  updateAccBuffers              
00002e85  OrbitOledInit                 
00002e99  OrbitOledHostInit             
00002f63  OrbitOledDvrInit              
00002fdd  OrbitOledDevInit              
00003061  OrbitOledClear                
0000306d  OrbitOledClearBuffer          
0000309d  OrbitOledUpdate               
000030f7  OrbitOledPutBuffer            
0000315d  Ssi3PutByte                   
00003201  initButtons                   
000032df  updateButtons                 
00003411  checkButton                   
0000344f  checkLongPush                 
000034f1  atan                          
000034f1  atanl                         
000037dd  OrbitOledSetCursor            
00003829  OrbitOledGetCursor            
00003845  OrbitOledDefUserChar          
00003895  OrbitOledSetCharUpdate        
000038ad  OrbitOledGetCharUpdate        
000038b3  OrbitOledPutChar              
000038d1  OrbitOledPutString            
000038fd  OrbitOledDrawGlyph            
00003975  OrbitOledAdvanceCursor        
000039e1  Delay_us                      
00003a13  I2CGenTransmit                
00003bc3  I2CGenIsNotIdle               
00003be5  __aeabi_dsub                  
00003bef  __aeabi_dadd                  
00003d9b  _nop                          
00003d9d  sqrt                          
00003d9d  sqrtl                         
00003ef5  __aeabi_ddiv                  
0000402b  GPIOPadConfigSet              
0000415d  SysCtlClockGet                
0000426d  ldexp                         
0000426d  ldexpl                        
0000426d  scalbn                        
0000426d  scalbnl                       
0000437d  aligned_alloc                 
0000437d  memalign                      
0000447d  __aeabi_dmul                  
00004579  SysCtlClockSet                
0000466d  free                          
00004751  ADCIntHandler                 
0000476f  initADC                       
000047b3  getADCMean                    
00004811  initCircBuf                   
0000483b  writeCircBuf                  
0000486f  readCircBuf                   
000048a3  freeCircBuf                   
000048c9  __aeabi_memcpy                
000048c9  __aeabi_memcpy4               
000048c9  __aeabi_memcpy8               
000048c9  memcpy                        
00004965  __aeabi_cdcmpeq               
00004965  __aeabi_cdcmple               
000049eb  __aeabi_cdrcmple              
00004a71  ADCSequenceStepConfigure      
00004aeb  __aeabi_memclr                
00004aeb  __aeabi_memclr4               
00004aeb  __aeabi_memclr8               
00004aed  __aeabi_memset                
00004aed  __aeabi_memset4               
00004aed  __aeabi_memset8               
00004af3  memset                        
00004bd5  __aeabi_d2f                   
00004c43  __aeabi_idiv0                 
00004c43  __aeabi_ldiv0                 
00004c45  IntEnable                     
00004cad  __TI_decompress_lzss          
00004d15  TimerConfigure                
00004d75  DelayInit                     
00004d8f  DelayMs                       
00004dd1  ADCSequenceConfigure          
00004e21  SysCtlPeripheralReset         
00004ec1  I2CMasterInitExpClk           
00004f0d  GPIOPinConfigure              
00004f55  __aeabi_d2iz                  
00004f9d  OLEDStringDraw                
00004fc3  OLEDInitialise                
00004fe1  __TI_auto_init_nobinit_nopinit
00005025  __aeabi_d2uiz                 
00005069  __aeabi_uidiv                 
00005069  __aeabi_uidivmod              
000050a9  SSIConfigSetExpClk            
000050e5  calloc                        
0000511d  __aeabi_f2d                   
00005155  IntRegister                   
00005189  SysCtlPeripheralEnable        
000051bd  _c_int00_noargs               
000051f1  __aeabi_i2d                   
0000521f  GPIODirModeSet                
00005271  __aeabi_ui2d                  
00005291  ADCSequenceDataGet            
000052b1  SysTickIntRegister            
000052e9  copysign                      
000052e9  copysignl                     
00005303  ADCIntRegister                
0000531b  ADCProcessorTrigger           
00005333  GPIOPinTypeGPIOOutput         
0000534d  SysTickEnable                 
00005361  SysTickIntEnable              
00005375  GPIOPinTypeGPIOInput          
00005387  GPIOPinTypeI2C                
00005399  GPIOPinTypeI2CSCL             
000053ab  GPIOPinTypeSSI                
000053bd  ADCIntEnable                  
000053cd  IntMasterEnable               
000053dd  SysTickPeriodSet              
000053ed  ADCSequenceEnable             
000053fb  TimerEnable                   
00005409  __TI_decompress_none          
00005417  CPUcpsie                      
00005423  SSIDataGet                    
0000542f  __TI_zero_init                
0000543b  ResetISR                      
00005447  ADCIntClear                   
00005451  I2CMasterEnable               
0000545b  SSIDataPut                    
00005465  SSIEnable                     
0000546f  TimerValueGet                 
00005479  I2CMasterBusBusy              
00005481  I2CMasterBusy                 
00005489  I2CMasterSlaveAddrSet         
00005491  SSIBusy                       
00005499  __aeabi_errno_addr            
000054a1  malloc                        
000054a9  GPIOPinRead                   
000054af  GPIOPinWrite                  
000054b5  SSIClockSourceSet             
000054bb  SysCtlDelay                   
000054c1  I2CMasterControl              
000054c5  I2CMasterDataGet              
000054c9  I2CMasterDataPut              
000054cd  _system_pre_init              
000054d1  C$$EXIT                       
000054d1  abort                         
000054d8  rgbOledFont0                  
000059dc  rgbFillPat                    
00005acc  __TI_Handler_Table_Base       
00005ad8  __TI_Handler_Table_Limit      
00005ae8  __TI_CINIT_Base               
00005b00  __TI_CINIT_Limit              
20000000  __start___llvm_prf_cnts       
20000000  __stop___llvm_prf_cnts        
20000000  g_pfnRAMVectors               
2000026c  rgbOledBmp                    
2000046c  rgbOledFontUser               
2000057c  bufferX                       
2000058c  bufferY                       
2000059c  bufferZ                       
200005c4  bnOledCur                     
200005c8  dxcoOledFontCur               
200005cc  dycoOledFontCur               
200005d0  fOledCharUpdate               
200005d4  modOledCur                    
200005d8  pbOledCur                     
200005dc  pbOledFontCur                 
200005e0  pbOledFontUser                
200005e4  pbOledPatCur                  
200005e8  pfnDoRop                      
200005ec  xchOledCur                    
200005f0  xchOledMax                    
200005f4  xcoOledCur                    
200005f8  ychOledCur                    
200005fc  ychOledMax                    
20000600  ycoOledCur                    
20000604  step_count                    
20000606  step_goal                     
20000608  clrOledCur                    
20000609  display_state                 
2000060a  dist_unit                     
2000060b  step_unit                     
20000610  __stack                       
20000810  __STACK_END                   
20000810  __STACK_TOP                   
20000810  _sys_memory                   
20000a10  display_update_flag           
20000a11  user_input_flag               
20000a12  skip_frame_flag               
20000a13  step_update_flag              
20000a1d  BUFF_SIZE                     
20000a20  _lock                         
20000a24  _unlock                       
20000a30  errno                         
ffffffff  __TI_pprof_out_hndl           
ffffffff  __TI_prof_data_size           
ffffffff  __TI_prof_data_start          
ffffffff  __binit__                     
ffffffff  __c_args__                    
ffffffff  binit                         
UNDEFED   __mpu_init                    
UNDEFED   _system_post_cinit            

[258 symbols]
