<?xml version="1.0" encoding="ISO-8859-1" ?>
<link_info>
   <banner>TI ARM Linker PC v20.2.5.LTS</banner>
   <copyright>Copyright (c) 1996-2018 Texas Instruments Incorporated</copyright>
   <link_time>0x6281bcfd</link_time>
   <link_errors>0x0</link_errors>
   <output_file>project.out</output_file>
   <entry_point>
      <name>_c_int00_noargs</name>
      <address>0x51bd</address>
   </entry_point>
   <input_file_list>
      <input_file id="fl-2">
         <path>.\</path>
         <kind>object</kind>
         <file>ADC.obj</file>
         <name>ADC.obj</name>
      </input_file>
      <input_file id="fl-3">
         <path>.\</path>
         <kind>object</kind>
         <file>acc.obj</file>
         <name>acc.obj</name>
      </input_file>
      <input_file id="fl-4">
         <path>.\</path>
         <kind>object</kind>
         <file>buttons4.obj</file>
         <name>buttons4.obj</name>
      </input_file>
      <input_file id="fl-5">
         <path>.\</path>
         <kind>object</kind>
         <file>circBufT.obj</file>
         <name>circBufT.obj</name>
      </input_file>
      <input_file id="fl-6">
         <path>.\</path>
         <kind>object</kind>
         <file>i2c_driver.obj</file>
         <name>i2c_driver.obj</name>
      </input_file>
      <input_file id="fl-7">
         <path>.\</path>
         <kind>object</kind>
         <file>main.obj</file>
         <name>main.obj</name>
      </input_file>
      <input_file id="fl-8">
         <path>.\</path>
         <kind>object</kind>
         <file>tm4c123gh6pm_startup_ccs.obj</file>
         <name>tm4c123gh6pm_startup_ccs.obj</name>
      </input_file>
      <input_file id="fl-9">
         <path>.\</path>
         <kind>object</kind>
         <file>ustdlib.obj</file>
         <name>ustdlib.obj</name>
      </input_file>
      <input_file id="fl-a">
         <path>.\OrbitOLED\</path>
         <kind>object</kind>
         <file>OrbitOLEDInterface.obj</file>
         <name>OrbitOLEDInterface.obj</name>
      </input_file>
      <input_file id="fl-b">
         <path>.\OrbitOLED\lib_OrbitOled\</path>
         <kind>object</kind>
         <file>ChrFont0.obj</file>
         <name>ChrFont0.obj</name>
      </input_file>
      <input_file id="fl-c">
         <path>.\OrbitOLED\lib_OrbitOled\</path>
         <kind>object</kind>
         <file>FillPat.obj</file>
         <name>FillPat.obj</name>
      </input_file>
      <input_file id="fl-d">
         <path>.\OrbitOLED\lib_OrbitOled\</path>
         <kind>object</kind>
         <file>OrbitOled.obj</file>
         <name>OrbitOled.obj</name>
      </input_file>
      <input_file id="fl-e">
         <path>.\OrbitOLED\lib_OrbitOled\</path>
         <kind>object</kind>
         <file>OrbitOledChar.obj</file>
         <name>OrbitOledChar.obj</name>
      </input_file>
      <input_file id="fl-f">
         <path>.\OrbitOLED\lib_OrbitOled\</path>
         <kind>object</kind>
         <file>OrbitOledGrph.obj</file>
         <name>OrbitOledGrph.obj</name>
      </input_file>
      <input_file id="fl-10">
         <path>.\OrbitOLED\lib_OrbitOled\</path>
         <kind>object</kind>
         <file>delay.obj</file>
         <name>delay.obj</name>
      </input_file>
      <input_file id="fl-15">
         <kind>object</kind>
         <file>&lt;internal&gt;</file>
         <name>&lt;internal&gt;</name>
      </input_file>
      <input_file id="fl-cb">
         <path>C:\ti\ccs1110\ccs\tools\compiler\ti-cgt-arm_20.2.5.LTS\lib\</path>
         <kind>archive</kind>
         <file>rtsv7M4_T_le_v4SPD16_eabi.lib</file>
         <name>e_pow.c.obj</name>
      </input_file>
      <input_file id="fl-cc">
         <path>C:\ti\ccs1110\ccs\tools\compiler\ti-cgt-arm_20.2.5.LTS\lib\</path>
         <kind>archive</kind>
         <file>rtsv7M4_T_le_v4SPD16_eabi.lib</file>
         <name>e_sqrt.c.obj</name>
      </input_file>
      <input_file id="fl-cd">
         <path>C:\ti\ccs1110\ccs\tools\compiler\ti-cgt-arm_20.2.5.LTS\lib\</path>
         <kind>archive</kind>
         <file>rtsv7M4_T_le_v4SPD16_eabi.lib</file>
         <name>s_atan.c.obj</name>
      </input_file>
      <input_file id="fl-ce">
         <path>C:\ti\ccs1110\ccs\tools\compiler\ti-cgt-arm_20.2.5.LTS\lib\</path>
         <kind>archive</kind>
         <file>rtsv7M4_T_le_v4SPD16_eabi.lib</file>
         <name>s_scalbn.c.obj</name>
      </input_file>
      <input_file id="fl-cf">
         <path>C:\ti\ccs1110\ccs\tools\compiler\ti-cgt-arm_20.2.5.LTS\lib\</path>
         <kind>archive</kind>
         <file>rtsv7M4_T_le_v4SPD16_eabi.lib</file>
         <name>fd_add_t2.asm.obj</name>
      </input_file>
      <input_file id="fl-d0">
         <path>C:\ti\ccs1110\ccs\tools\compiler\ti-cgt-arm_20.2.5.LTS\lib\</path>
         <kind>archive</kind>
         <file>rtsv7M4_T_le_v4SPD16_eabi.lib</file>
         <name>fd_cmp_t2.asm.obj</name>
      </input_file>
      <input_file id="fl-d1">
         <path>C:\ti\ccs1110\ccs\tools\compiler\ti-cgt-arm_20.2.5.LTS\lib\</path>
         <kind>archive</kind>
         <file>rtsv7M4_T_le_v4SPD16_eabi.lib</file>
         <name>fd_div_t2.asm.obj</name>
      </input_file>
      <input_file id="fl-d2">
         <path>C:\ti\ccs1110\ccs\tools\compiler\ti-cgt-arm_20.2.5.LTS\lib\</path>
         <kind>archive</kind>
         <file>rtsv7M4_T_le_v4SPD16_eabi.lib</file>
         <name>fd_mul_t2.asm.obj</name>
      </input_file>
      <input_file id="fl-d3">
         <path>C:\ti\ccs1110\ccs\tools\compiler\ti-cgt-arm_20.2.5.LTS\lib\</path>
         <kind>archive</kind>
         <file>rtsv7M4_T_le_v4SPD16_eabi.lib</file>
         <name>fd_toi_t2.asm.obj</name>
      </input_file>
      <input_file id="fl-d4">
         <path>C:\ti\ccs1110\ccs\tools\compiler\ti-cgt-arm_20.2.5.LTS\lib\</path>
         <kind>archive</kind>
         <file>rtsv7M4_T_le_v4SPD16_eabi.lib</file>
         <name>fd_tos_t2.asm.obj</name>
      </input_file>
      <input_file id="fl-d5">
         <path>C:\ti\ccs1110\ccs\tools\compiler\ti-cgt-arm_20.2.5.LTS\lib\</path>
         <kind>archive</kind>
         <file>rtsv7M4_T_le_v4SPD16_eabi.lib</file>
         <name>fd_tou_t2.asm.obj</name>
      </input_file>
      <input_file id="fl-d6">
         <path>C:\ti\ccs1110\ccs\tools\compiler\ti-cgt-arm_20.2.5.LTS\lib\</path>
         <kind>archive</kind>
         <file>rtsv7M4_T_le_v4SPD16_eabi.lib</file>
         <name>fs_tod_t2.asm.obj</name>
      </input_file>
      <input_file id="fl-d7">
         <path>C:\ti\ccs1110\ccs\tools\compiler\ti-cgt-arm_20.2.5.LTS\lib\</path>
         <kind>archive</kind>
         <file>rtsv7M4_T_le_v4SPD16_eabi.lib</file>
         <name>i_tofd_t2.asm.obj</name>
      </input_file>
      <input_file id="fl-d8">
         <path>C:\ti\ccs1110\ccs\tools\compiler\ti-cgt-arm_20.2.5.LTS\lib\</path>
         <kind>archive</kind>
         <file>rtsv7M4_T_le_v4SPD16_eabi.lib</file>
         <name>u_tofd_t2.asm.obj</name>
      </input_file>
      <input_file id="fl-d9">
         <path>C:\ti\ccs1110\ccs\tools\compiler\ti-cgt-arm_20.2.5.LTS\lib\</path>
         <kind>archive</kind>
         <file>rtsv7M4_T_le_v4SPD16_eabi.lib</file>
         <name>u_divt2.asm.obj</name>
      </input_file>
      <input_file id="fl-da">
         <path>C:\ti\ccs1110\ccs\tools\compiler\ti-cgt-arm_20.2.5.LTS\lib\</path>
         <kind>archive</kind>
         <file>rtsv7M4_T_le_v4SPD16_eabi.lib</file>
         <name>memset_t2.asm.obj</name>
      </input_file>
      <input_file id="fl-db">
         <path>C:\ti\ccs1110\ccs\tools\compiler\ti-cgt-arm_20.2.5.LTS\lib\</path>
         <kind>archive</kind>
         <file>rtsv7M4_T_le_v4SPD16_eabi.lib</file>
         <name>copy_zero_init.c.obj</name>
      </input_file>
      <input_file id="fl-dc">
         <path>C:\ti\ccs1110\ccs\tools\compiler\ti-cgt-arm_20.2.5.LTS\lib\</path>
         <kind>archive</kind>
         <file>rtsv7M4_T_le_v4SPD16_eabi.lib</file>
         <name>copy_decompress_none.c.obj</name>
      </input_file>
      <input_file id="fl-dd">
         <path>C:\ti\ccs1110\ccs\tools\compiler\ti-cgt-arm_20.2.5.LTS\lib\</path>
         <kind>archive</kind>
         <file>rtsv7M4_T_le_v4SPD16_eabi.lib</file>
         <name>copy_decompress_lzss.c.obj</name>
      </input_file>
      <input_file id="fl-de">
         <path>C:\ti\ccs1110\ccs\tools\compiler\ti-cgt-arm_20.2.5.LTS\lib\</path>
         <kind>archive</kind>
         <file>rtsv7M4_T_le_v4SPD16_eabi.lib</file>
         <name>memory.c.obj</name>
      </input_file>
      <input_file id="fl-df">
         <path>C:\ti\ccs1110\ccs\tools\compiler\ti-cgt-arm_20.2.5.LTS\lib\</path>
         <kind>archive</kind>
         <file>rtsv7M4_T_le_v4SPD16_eabi.lib</file>
         <name>errno.c.obj</name>
      </input_file>
      <input_file id="fl-e0">
         <path>C:\ti\ccs1110\ccs\tools\compiler\ti-cgt-arm_20.2.5.LTS\lib\</path>
         <kind>archive</kind>
         <file>rtsv7M4_T_le_v4SPD16_eabi.lib</file>
         <name>boot_cortex_m.c.obj</name>
      </input_file>
      <input_file id="fl-e1">
         <path>C:\ti\ccs1110\ccs\tools\compiler\ti-cgt-arm_20.2.5.LTS\lib\</path>
         <kind>archive</kind>
         <file>rtsv7M4_T_le_v4SPD16_eabi.lib</file>
         <name>s_copysign.c.obj</name>
      </input_file>
      <input_file id="fl-e2">
         <path>C:\ti\ccs1110\ccs\tools\compiler\ti-cgt-arm_20.2.5.LTS\lib\</path>
         <kind>archive</kind>
         <file>rtsv7M4_T_le_v4SPD16_eabi.lib</file>
         <name>div0.asm.obj</name>
      </input_file>
      <input_file id="fl-e3">
         <path>C:\ti\ccs1110\ccs\tools\compiler\ti-cgt-arm_20.2.5.LTS\lib\</path>
         <kind>archive</kind>
         <file>rtsv7M4_T_le_v4SPD16_eabi.lib</file>
         <name>memcpy_t2.asm.obj</name>
      </input_file>
      <input_file id="fl-e4">
         <path>C:\ti\ccs1110\ccs\tools\compiler\ti-cgt-arm_20.2.5.LTS\lib\</path>
         <kind>archive</kind>
         <file>rtsv7M4_T_le_v4SPD16_eabi.lib</file>
         <name>autoinit.c.obj</name>
      </input_file>
      <input_file id="fl-e5">
         <path>C:\ti\ccs1110\ccs\tools\compiler\ti-cgt-arm_20.2.5.LTS\lib\</path>
         <kind>archive</kind>
         <file>rtsv7M4_T_le_v4SPD16_eabi.lib</file>
         <name>pre_init.c.obj</name>
      </input_file>
      <input_file id="fl-e6">
         <path>C:\ti\ccs1110\ccs\tools\compiler\ti-cgt-arm_20.2.5.LTS\lib\</path>
         <kind>archive</kind>
         <file>rtsv7M4_T_le_v4SPD16_eabi.lib</file>
         <name>cpy_tbl.c.obj</name>
      </input_file>
      <input_file id="fl-e7">
         <path>C:\ti\ccs1110\ccs\tools\compiler\ti-cgt-arm_20.2.5.LTS\lib\</path>
         <kind>archive</kind>
         <file>rtsv7M4_T_le_v4SPD16_eabi.lib</file>
         <name>exit.c.obj</name>
      </input_file>
      <input_file id="fl-e8">
         <path>C:\ti\ccs1110\ccs\tools\compiler\ti-cgt-arm_20.2.5.LTS\lib\</path>
         <kind>archive</kind>
         <file>rtsv7M4_T_le_v4SPD16_eabi.lib</file>
         <name>_lock.c.obj</name>
      </input_file>
      <input_file id="fl-e9">
         <path>C:\ti\ccs1110\ccs\tools\compiler\ti-cgt-arm_20.2.5.LTS\lib\</path>
         <kind>archive</kind>
         <file>rtsv7M4_T_le_v4SPD16_eabi.lib</file>
         <name>args_main.c.obj</name>
      </input_file>
      <input_file id="fl-ea">
         <path>C:\ti\TivaWare_C_Series-2.1.4.178\driverlib\ccs\Debug\</path>
         <kind>archive</kind>
         <file>driverlib.lib</file>
         <name>adc.obj</name>
      </input_file>
      <input_file id="fl-eb">
         <path>C:\ti\TivaWare_C_Series-2.1.4.178\driverlib\ccs\Debug\</path>
         <kind>archive</kind>
         <file>driverlib.lib</file>
         <name>gpio.obj</name>
      </input_file>
      <input_file id="fl-ec">
         <path>C:\ti\TivaWare_C_Series-2.1.4.178\driverlib\ccs\Debug\</path>
         <kind>archive</kind>
         <file>driverlib.lib</file>
         <name>i2c.obj</name>
      </input_file>
      <input_file id="fl-ed">
         <path>C:\ti\TivaWare_C_Series-2.1.4.178\driverlib\ccs\Debug\</path>
         <kind>archive</kind>
         <file>driverlib.lib</file>
         <name>interrupt.obj</name>
      </input_file>
      <input_file id="fl-ee">
         <path>C:\ti\TivaWare_C_Series-2.1.4.178\driverlib\ccs\Debug\</path>
         <kind>archive</kind>
         <file>driverlib.lib</file>
         <name>ssi.obj</name>
      </input_file>
      <input_file id="fl-ef">
         <path>C:\ti\TivaWare_C_Series-2.1.4.178\driverlib\ccs\Debug\</path>
         <kind>archive</kind>
         <file>driverlib.lib</file>
         <name>sysctl.obj</name>
      </input_file>
      <input_file id="fl-f0">
         <path>C:\ti\TivaWare_C_Series-2.1.4.178\driverlib\ccs\Debug\</path>
         <kind>archive</kind>
         <file>driverlib.lib</file>
         <name>systick.obj</name>
      </input_file>
      <input_file id="fl-f1">
         <path>C:\ti\TivaWare_C_Series-2.1.4.178\driverlib\ccs\Debug\</path>
         <kind>archive</kind>
         <file>driverlib.lib</file>
         <name>timer.obj</name>
      </input_file>
      <input_file id="fl-f2">
         <path>C:\ti\TivaWare_C_Series-2.1.4.178\driverlib\ccs\Debug\</path>
         <kind>archive</kind>
         <file>driverlib.lib</file>
         <name>cpu.obj</name>
      </input_file>
   </input_file_list>
   <object_component_list>
      <object_component id="oc-12">
         <name>.intvecs</name>
         <load_address>0x0</load_address>
         <run_address>0x0</run_address>
         <size>0x26c</size>
         <input_file_ref idref="fl-8"/>
      </object_component>
      <object_component id="oc-dc">
         <name>.text</name>
         <load_address>0x26c</load_address>
         <run_address>0x26c</run_address>
         <size>0xc84</size>
         <input_file_ref idref="fl-9"/>
      </object_component>
      <object_component id="oc-28a">
         <name>.text:pow</name>
         <load_address>0xef0</load_address>
         <run_address>0xef0</run_address>
         <size>0x9d0</size>
         <input_file_ref idref="fl-cb"/>
      </object_component>
      <object_component id="oc-2ee">
         <name>.text</name>
         <load_address>0x18c0</load_address>
         <run_address>0x18c0</run_address>
         <size>0x950</size>
         <input_file_ref idref="fl-f"/>
      </object_component>
      <object_component id="oc-a2">
         <name>.text</name>
         <load_address>0x2210</load_address>
         <run_address>0x2210</run_address>
         <size>0x678</size>
         <input_file_ref idref="fl-7"/>
      </object_component>
      <object_component id="oc-12b">
         <name>.text</name>
         <load_address>0x2888</load_address>
         <run_address>0x2888</run_address>
         <size>0x5fc</size>
         <input_file_ref idref="fl-3"/>
      </object_component>
      <object_component id="oc-1cc">
         <name>.text</name>
         <load_address>0x2e84</load_address>
         <run_address>0x2e84</run_address>
         <size>0x37c</size>
         <input_file_ref idref="fl-d"/>
      </object_component>
      <object_component id="oc-fa">
         <name>.text</name>
         <load_address>0x3200</load_address>
         <run_address>0x3200</run_address>
         <size>0x2f0</size>
         <input_file_ref idref="fl-4"/>
      </object_component>
      <object_component id="oc-29f">
         <name>.text:atan</name>
         <load_address>0x34f0</load_address>
         <run_address>0x34f0</run_address>
         <size>0x2ec</size>
         <input_file_ref idref="fl-cd"/>
      </object_component>
      <object_component id="oc-1c6">
         <name>.text</name>
         <load_address>0x37dc</load_address>
         <run_address>0x37dc</run_address>
         <size>0x204</size>
         <input_file_ref idref="fl-e"/>
      </object_component>
      <object_component id="oc-277">
         <name>.text</name>
         <load_address>0x39e0</load_address>
         <run_address>0x39e0</run_address>
         <size>0x204</size>
         <input_file_ref idref="fl-6"/>
      </object_component>
      <object_component id="oc-290">
         <name>.text</name>
         <load_address>0x3be4</load_address>
         <run_address>0x3be4</run_address>
         <size>0x1b6</size>
         <input_file_ref idref="fl-cf"/>
      </object_component>
      <object_component id="oc-402">
         <name>.text:_nop</name>
         <load_address>0x3d9a</load_address>
         <run_address>0x3d9a</run_address>
         <size>0x2</size>
         <input_file_ref idref="fl-e8"/>
      </object_component>
      <object_component id="oc-136">
         <name>.text:sqrt</name>
         <load_address>0x3d9c</load_address>
         <run_address>0x3d9c</run_address>
         <size>0x158</size>
         <input_file_ref idref="fl-cc"/>
      </object_component>
      <object_component id="oc-27d">
         <name>.text</name>
         <load_address>0x3ef4</load_address>
         <run_address>0x3ef4</run_address>
         <size>0x136</size>
         <input_file_ref idref="fl-d1"/>
      </object_component>
      <object_component id="oc-11f">
         <name>.text:GPIOPadConfigSet</name>
         <load_address>0x402a</load_address>
         <run_address>0x402a</run_address>
         <size>0x132</size>
         <input_file_ref idref="fl-eb"/>
      </object_component>
      <object_component id="oc-147">
         <name>.text:SysCtlClockGet</name>
         <load_address>0x415c</load_address>
         <run_address>0x415c</run_address>
         <size>0x110</size>
         <input_file_ref idref="fl-ef"/>
      </object_component>
      <object_component id="oc-3da">
         <name>.text:scalbn</name>
         <load_address>0x426c</load_address>
         <run_address>0x426c</run_address>
         <size>0x110</size>
         <input_file_ref idref="fl-ce"/>
      </object_component>
      <object_component id="oc-4b2">
         <name>.text:aligned_alloc</name>
         <load_address>0x437c</load_address>
         <run_address>0x437c</run_address>
         <size>0x100</size>
         <input_file_ref idref="fl-de"/>
      </object_component>
      <object_component id="oc-e7">
         <name>.text</name>
         <load_address>0x447c</load_address>
         <run_address>0x447c</run_address>
         <size>0xfc</size>
         <input_file_ref idref="fl-d2"/>
      </object_component>
      <object_component id="oc-141">
         <name>.text:SysCtlClockSet</name>
         <load_address>0x4578</load_address>
         <run_address>0x4578</run_address>
         <size>0xf4</size>
         <input_file_ref idref="fl-ef"/>
      </object_component>
      <object_component id="oc-35e">
         <name>.text:free</name>
         <load_address>0x466c</load_address>
         <run_address>0x466c</run_address>
         <size>0xe4</size>
         <input_file_ref idref="fl-de"/>
      </object_component>
      <object_component id="oc-f1">
         <name>.text</name>
         <load_address>0x4750</load_address>
         <run_address>0x4750</run_address>
         <size>0xc0</size>
         <input_file_ref idref="fl-2"/>
      </object_component>
      <object_component id="oc-1fa">
         <name>.text</name>
         <load_address>0x4810</load_address>
         <run_address>0x4810</run_address>
         <size>0xb8</size>
         <input_file_ref idref="fl-5"/>
      </object_component>
      <object_component id="oc-3e">
         <name>.text</name>
         <load_address>0x48c8</load_address>
         <run_address>0x48c8</run_address>
         <size>0x9c</size>
         <input_file_ref idref="fl-e3"/>
      </object_component>
      <object_component id="oc-3d0">
         <name>.text:__aeabi_cdcmple</name>
         <load_address>0x4964</load_address>
         <run_address>0x4964</run_address>
         <size>0x86</size>
         <input_file_ref idref="fl-d0"/>
      </object_component>
      <object_component id="oc-3d5">
         <name>.text:__aeabi_cdrcmple</name>
         <load_address>0x49ea</load_address>
         <run_address>0x49ea</run_address>
         <size>0x86</size>
         <input_file_ref idref="fl-d0"/>
      </object_component>
      <object_component id="oc-20c">
         <name>.text:ADCSequenceStepConfigure</name>
         <load_address>0x4a70</load_address>
         <run_address>0x4a70</run_address>
         <size>0x7a</size>
         <input_file_ref idref="fl-ea"/>
      </object_component>
      <object_component id="oc-96">
         <name>.text</name>
         <load_address>0x4aea</load_address>
         <run_address>0x4aea</run_address>
         <size>0x7a</size>
         <input_file_ref idref="fl-da"/>
      </object_component>
      <object_component id="oc-4cc">
         <name>.text:split</name>
         <load_address>0x4b64</load_address>
         <run_address>0x4b64</run_address>
         <size>0x70</size>
         <input_file_ref idref="fl-de"/>
      </object_component>
      <object_component id="oc-295">
         <name>.text</name>
         <load_address>0x4bd4</load_address>
         <run_address>0x4bd4</run_address>
         <size>0x6e</size>
         <input_file_ref idref="fl-d4"/>
      </object_component>
      <object_component id="oc-346">
         <name>.text</name>
         <load_address>0x4c42</load_address>
         <run_address>0x4c42</run_address>
         <size>0x2</size>
         <input_file_ref idref="fl-e2"/>
      </object_component>
      <object_component id="oc-370">
         <name>.text:IntEnable</name>
         <load_address>0x4c44</load_address>
         <run_address>0x4c44</run_address>
         <size>0x68</size>
         <input_file_ref idref="fl-ed"/>
      </object_component>
      <object_component id="oc-15">
         <name>.text:decompress:lzss:__TI_decompress_lzss</name>
         <load_address>0x4cac</load_address>
         <run_address>0x4cac</run_address>
         <size>0x68</size>
         <input_file_ref idref="fl-dd"/>
      </object_component>
      <object_component id="oc-42d">
         <name>.text:TimerConfigure</name>
         <load_address>0x4d14</load_address>
         <run_address>0x4d14</run_address>
         <size>0x60</size>
         <input_file_ref idref="fl-f1"/>
      </object_component>
      <object_component id="oc-303">
         <name>.text</name>
         <load_address>0x4d74</load_address>
         <run_address>0x4d74</run_address>
         <size>0x5c</size>
         <input_file_ref idref="fl-10"/>
      </object_component>
      <object_component id="oc-206">
         <name>.text:ADCSequenceConfigure</name>
         <load_address>0x4dd0</load_address>
         <run_address>0x4dd0</run_address>
         <size>0x50</size>
         <input_file_ref idref="fl-ea"/>
      </object_component>
      <object_component id="oc-259">
         <name>.text:SysCtlPeripheralReset</name>
         <load_address>0x4e20</load_address>
         <run_address>0x4e20</run_address>
         <size>0x50</size>
         <input_file_ref idref="fl-ef"/>
      </object_component>
      <object_component id="oc-36a">
         <name>.text:_ADCIntNumberGet</name>
         <load_address>0x4e70</load_address>
         <run_address>0x4e70</run_address>
         <size>0x50</size>
         <input_file_ref idref="fl-ea"/>
      </object_component>
      <object_component id="oc-271">
         <name>.text:I2CMasterInitExpClk</name>
         <load_address>0x4ec0</load_address>
         <run_address>0x4ec0</run_address>
         <size>0x4c</size>
         <input_file_ref idref="fl-ec"/>
      </object_component>
      <object_component id="oc-26b">
         <name>.text:GPIOPinConfigure</name>
         <load_address>0x4f0c</load_address>
         <run_address>0x4f0c</run_address>
         <size>0x48</size>
         <input_file_ref idref="fl-eb"/>
      </object_component>
      <object_component id="oc-ec">
         <name>.text</name>
         <load_address>0x4f54</load_address>
         <run_address>0x4f54</run_address>
         <size>0x48</size>
         <input_file_ref idref="fl-d3"/>
      </object_component>
      <object_component id="oc-d6">
         <name>.text</name>
         <load_address>0x4f9c</load_address>
         <run_address>0x4f9c</run_address>
         <size>0x44</size>
         <input_file_ref idref="fl-a"/>
      </object_component>
      <object_component id="oc-188">
         <name>.text:__TI_auto_init_nobinit_nopinit:__TI_auto_init_nobinit_nopinit</name>
         <load_address>0x4fe0</load_address>
         <run_address>0x4fe0</run_address>
         <size>0x44</size>
         <input_file_ref idref="fl-e4"/>
      </object_component>
      <object_component id="oc-13c">
         <name>.text</name>
         <load_address>0x5024</load_address>
         <run_address>0x5024</run_address>
         <size>0x44</size>
         <input_file_ref idref="fl-d5"/>
      </object_component>
      <object_component id="oc-1d4">
         <name>.text</name>
         <load_address>0x5068</load_address>
         <run_address>0x5068</run_address>
         <size>0x40</size>
         <input_file_ref idref="fl-d9"/>
      </object_component>
      <object_component id="oc-315">
         <name>.text:SSIConfigSetExpClk</name>
         <load_address>0x50a8</load_address>
         <run_address>0x50a8</run_address>
         <size>0x3c</size>
         <input_file_ref idref="fl-ee"/>
      </object_component>
      <object_component id="oc-358">
         <name>.text:calloc</name>
         <load_address>0x50e4</load_address>
         <run_address>0x50e4</run_address>
         <size>0x38</size>
         <input_file_ref idref="fl-de"/>
      </object_component>
      <object_component id="oc-29a">
         <name>.text</name>
         <load_address>0x511c</load_address>
         <run_address>0x511c</run_address>
         <size>0x38</size>
         <input_file_ref idref="fl-d6"/>
      </object_component>
      <object_component id="oc-2bd">
         <name>.text:IntRegister</name>
         <load_address>0x5154</load_address>
         <run_address>0x5154</run_address>
         <size>0x34</size>
         <input_file_ref idref="fl-ed"/>
      </object_component>
      <object_component id="oc-113">
         <name>.text:SysCtlPeripheralEnable</name>
         <load_address>0x5188</load_address>
         <run_address>0x5188</run_address>
         <size>0x34</size>
         <input_file_ref idref="fl-ef"/>
      </object_component>
      <object_component id="oc-5c">
         <name>.text:_c_int00_noargs:_c_int00_noargs</name>
         <load_address>0x51bc</load_address>
         <run_address>0x51bc</run_address>
         <size>0x34</size>
         <input_file_ref idref="fl-e0"/>
      </object_component>
      <object_component id="oc-131">
         <name>.text</name>
         <load_address>0x51f0</load_address>
         <run_address>0x51f0</run_address>
         <size>0x2e</size>
         <input_file_ref idref="fl-d7"/>
      </object_component>
      <object_component id="oc-16b">
         <name>.text:GPIODirModeSet</name>
         <load_address>0x521e</load_address>
         <run_address>0x521e</run_address>
         <size>0x2a</size>
         <input_file_ref idref="fl-eb"/>
      </object_component>
      <object_component id="oc-45d">
         <name>.text:free_list_insert</name>
         <load_address>0x5248</load_address>
         <run_address>0x5248</run_address>
         <size>0x28</size>
         <input_file_ref idref="fl-de"/>
      </object_component>
      <object_component id="oc-e2">
         <name>.text</name>
         <load_address>0x5270</load_address>
         <run_address>0x5270</run_address>
         <size>0x20</size>
         <input_file_ref idref="fl-d8"/>
      </object_component>
      <object_component id="oc-1f4">
         <name>.text:ADCSequenceDataGet</name>
         <load_address>0x5290</load_address>
         <run_address>0x5290</run_address>
         <size>0x1e</size>
         <input_file_ref idref="fl-ea"/>
      </object_component>
      <object_component id="oc-153">
         <name>.text:SysTickIntRegister</name>
         <load_address>0x52b0</load_address>
         <run_address>0x52b0</run_address>
         <size>0x1c</size>
         <input_file_ref idref="fl-f0"/>
      </object_component>
      <object_component id="oc-457">
         <name>.text:free_list_remove</name>
         <load_address>0x52cc</load_address>
         <run_address>0x52cc</run_address>
         <size>0x1c</size>
         <input_file_ref idref="fl-de"/>
      </object_component>
      <object_component id="oc-47c">
         <name>.text:copysign</name>
         <load_address>0x52e8</load_address>
         <run_address>0x52e8</run_address>
         <size>0x1a</size>
         <input_file_ref idref="fl-e1"/>
      </object_component>
      <object_component id="oc-218">
         <name>.text:ADCIntRegister</name>
         <load_address>0x5302</load_address>
         <run_address>0x5302</run_address>
         <size>0x18</size>
         <input_file_ref idref="fl-ea"/>
      </object_component>
      <object_component id="oc-125">
         <name>.text:ADCProcessorTrigger</name>
         <load_address>0x531a</load_address>
         <run_address>0x531a</run_address>
         <size>0x18</size>
         <input_file_ref idref="fl-ea"/>
      </object_component>
      <object_component id="oc-321">
         <name>.text:GPIOPinTypeGPIOOutput</name>
         <load_address>0x5332</load_address>
         <run_address>0x5332</run_address>
         <size>0x18</size>
         <input_file_ref idref="fl-eb"/>
      </object_component>
      <object_component id="oc-15f">
         <name>.text:SysTickEnable</name>
         <load_address>0x534c</load_address>
         <run_address>0x534c</run_address>
         <size>0x14</size>
         <input_file_ref idref="fl-f0"/>
      </object_component>
      <object_component id="oc-159">
         <name>.text:SysTickIntEnable</name>
         <load_address>0x5360</load_address>
         <run_address>0x5360</run_address>
         <size>0x14</size>
         <input_file_ref idref="fl-f0"/>
      </object_component>
      <object_component id="oc-119">
         <name>.text:GPIOPinTypeGPIOInput</name>
         <load_address>0x5374</load_address>
         <run_address>0x5374</run_address>
         <size>0x12</size>
         <input_file_ref idref="fl-eb"/>
      </object_component>
      <object_component id="oc-25f">
         <name>.text:GPIOPinTypeI2C</name>
         <load_address>0x5386</load_address>
         <run_address>0x5386</run_address>
         <size>0x12</size>
         <input_file_ref idref="fl-eb"/>
      </object_component>
      <object_component id="oc-265">
         <name>.text:GPIOPinTypeI2CSCL</name>
         <load_address>0x5398</load_address>
         <run_address>0x5398</run_address>
         <size>0x12</size>
         <input_file_ref idref="fl-eb"/>
      </object_component>
      <object_component id="oc-309">
         <name>.text:GPIOPinTypeSSI</name>
         <load_address>0x53aa</load_address>
         <run_address>0x53aa</run_address>
         <size>0x12</size>
         <input_file_ref idref="fl-eb"/>
      </object_component>
      <object_component id="oc-21e">
         <name>.text:ADCIntEnable</name>
         <load_address>0x53bc</load_address>
         <run_address>0x53bc</run_address>
         <size>0x10</size>
         <input_file_ref idref="fl-ea"/>
      </object_component>
      <object_component id="oc-165">
         <name>.text:IntMasterEnable</name>
         <load_address>0x53cc</load_address>
         <run_address>0x53cc</run_address>
         <size>0x10</size>
         <input_file_ref idref="fl-ed"/>
      </object_component>
      <object_component id="oc-14d">
         <name>.text:SysTickPeriodSet</name>
         <load_address>0x53dc</load_address>
         <run_address>0x53dc</run_address>
         <size>0x10</size>
         <input_file_ref idref="fl-f0"/>
      </object_component>
      <object_component id="oc-212">
         <name>.text:ADCSequenceEnable</name>
         <load_address>0x53ec</load_address>
         <run_address>0x53ec</run_address>
         <size>0xe</size>
         <input_file_ref idref="fl-ea"/>
      </object_component>
      <object_component id="oc-433">
         <name>.text:TimerEnable</name>
         <load_address>0x53fa</load_address>
         <run_address>0x53fa</run_address>
         <size>0xe</size>
         <input_file_ref idref="fl-f1"/>
      </object_component>
      <object_component id="oc-1b">
         <name>.text:decompress:none:__TI_decompress_none</name>
         <load_address>0x5408</load_address>
         <run_address>0x5408</run_address>
         <size>0xe</size>
         <input_file_ref idref="fl-dc"/>
      </object_component>
      <object_component id="oc-2c6">
         <name>.text:CPUcpsie</name>
         <load_address>0x5416</load_address>
         <run_address>0x5416</run_address>
         <size>0xc</size>
         <input_file_ref idref="fl-f2"/>
      </object_component>
      <object_component id="oc-333">
         <name>.text:SSIDataGet</name>
         <load_address>0x5422</load_address>
         <run_address>0x5422</run_address>
         <size>0xc</size>
         <input_file_ref idref="fl-ee"/>
      </object_component>
      <object_component id="oc-50">
         <name>.text:decompress:ZI:__TI_zero_init</name>
         <load_address>0x542e</load_address>
         <run_address>0x542e</run_address>
         <size>0xc</size>
         <input_file_ref idref="fl-db"/>
      </object_component>
      <object_component id="oc-2a">
         <name>.text</name>
         <load_address>0x543a</load_address>
         <run_address>0x543a</run_address>
         <size>0xc</size>
         <input_file_ref idref="fl-8"/>
      </object_component>
      <object_component id="oc-200">
         <name>.text:ADCIntClear</name>
         <load_address>0x5446</load_address>
         <run_address>0x5446</run_address>
         <size>0xa</size>
         <input_file_ref idref="fl-ea"/>
      </object_component>
      <object_component id="oc-39a">
         <name>.text:I2CMasterEnable</name>
         <load_address>0x5450</load_address>
         <run_address>0x5450</run_address>
         <size>0xa</size>
         <input_file_ref idref="fl-ec"/>
      </object_component>
      <object_component id="oc-32d">
         <name>.text:SSIDataPut</name>
         <load_address>0x545a</load_address>
         <run_address>0x545a</run_address>
         <size>0xa</size>
         <input_file_ref idref="fl-ee"/>
      </object_component>
      <object_component id="oc-31b">
         <name>.text:SSIEnable</name>
         <load_address>0x5464</load_address>
         <run_address>0x5464</run_address>
         <size>0xa</size>
         <input_file_ref idref="fl-ee"/>
      </object_component>
      <object_component id="oc-439">
         <name>.text:TimerValueGet</name>
         <load_address>0x546e</load_address>
         <run_address>0x546e</run_address>
         <size>0xa</size>
         <input_file_ref idref="fl-f1"/>
      </object_component>
      <object_component id="oc-3c0">
         <name>.text:I2CMasterBusBusy</name>
         <load_address>0x5478</load_address>
         <run_address>0x5478</run_address>
         <size>0x8</size>
         <input_file_ref idref="fl-ec"/>
      </object_component>
      <object_component id="oc-3b4">
         <name>.text:I2CMasterBusy</name>
         <load_address>0x5480</load_address>
         <run_address>0x5480</run_address>
         <size>0x8</size>
         <input_file_ref idref="fl-ec"/>
      </object_component>
      <object_component id="oc-3a2">
         <name>.text:I2CMasterSlaveAddrSet</name>
         <load_address>0x5488</load_address>
         <run_address>0x5488</run_address>
         <size>0x8</size>
         <input_file_ref idref="fl-ec"/>
      </object_component>
      <object_component id="oc-327">
         <name>.text:SSIBusy</name>
         <load_address>0x5490</load_address>
         <run_address>0x5490</run_address>
         <size>0x8</size>
         <input_file_ref idref="fl-ee"/>
      </object_component>
      <object_component id="oc-2a7">
         <name>.text:__aeabi_errno_addr</name>
         <load_address>0x5498</load_address>
         <run_address>0x5498</run_address>
         <size>0x8</size>
         <input_file_ref idref="fl-df"/>
      </object_component>
      <object_component id="oc-450">
         <name>.text:malloc</name>
         <load_address>0x54a0</load_address>
         <run_address>0x54a0</run_address>
         <size>0x8</size>
         <input_file_ref idref="fl-de"/>
      </object_component>
      <object_component id="oc-100">
         <name>.text:GPIOPinRead</name>
         <load_address>0x54a8</load_address>
         <run_address>0x54a8</run_address>
         <size>0x6</size>
         <input_file_ref idref="fl-eb"/>
      </object_component>
      <object_component id="oc-106">
         <name>.text:GPIOPinWrite</name>
         <load_address>0x54ae</load_address>
         <run_address>0x54ae</run_address>
         <size>0x6</size>
         <input_file_ref idref="fl-eb"/>
      </object_component>
      <object_component id="oc-30f">
         <name>.text:SSIClockSourceSet</name>
         <load_address>0x54b4</load_address>
         <run_address>0x54b4</run_address>
         <size>0x6</size>
         <input_file_ref idref="fl-ee"/>
      </object_component>
      <object_component id="oc-2b5">
         <name>.text:SysCtlDelay</name>
         <load_address>0x54ba</load_address>
         <run_address>0x54ba</run_address>
         <size>0x6</size>
         <input_file_ref idref="fl-ef"/>
      </object_component>
      <object_component id="oc-3ae">
         <name>.text:I2CMasterControl</name>
         <load_address>0x54c0</load_address>
         <run_address>0x54c0</run_address>
         <size>0x4</size>
         <input_file_ref idref="fl-ec"/>
      </object_component>
      <object_component id="oc-3ba">
         <name>.text:I2CMasterDataGet</name>
         <load_address>0x54c4</load_address>
         <run_address>0x54c4</run_address>
         <size>0x4</size>
         <input_file_ref idref="fl-ec"/>
      </object_component>
      <object_component id="oc-3a8">
         <name>.text:I2CMasterDataPut</name>
         <load_address>0x54c8</load_address>
         <run_address>0x54c8</run_address>
         <size>0x4</size>
         <input_file_ref idref="fl-ec"/>
      </object_component>
      <object_component id="oc-9c">
         <name>.text:_system_pre_init</name>
         <load_address>0x54cc</load_address>
         <run_address>0x54cc</run_address>
         <size>0x4</size>
         <input_file_ref idref="fl-e5"/>
      </object_component>
      <object_component id="oc-17c">
         <name>.text:abort:abort</name>
         <load_address>0x54d0</load_address>
         <run_address>0x54d0</run_address>
         <size>0x4</size>
         <input_file_ref idref="fl-e7"/>
      </object_component>
      <object_component id="oc-339">
         <name>.const:.string:rgbOledFont0</name>
         <load_address>0x54d8</load_address>
         <run_address>0x54d8</run_address>
         <size>0x300</size>
         <input_file_ref idref="fl-b"/>
      </object_component>
      <object_component id="oc-3e6">
         <name>.const:$O1$$</name>
         <load_address>0x57d8</load_address>
         <run_address>0x57d8</run_address>
         <size>0x98</size>
         <input_file_ref idref="fl-cd"/>
      </object_component>
      <object_component id="oc-396">
         <name>.const:g_pui32GPIOBaseAddrs</name>
         <load_address>0x5870</load_address>
         <run_address>0x5870</run_address>
         <size>0x90</size>
         <input_file_ref idref="fl-eb"/>
      </object_component>
      <object_component id="oc-467">
         <name>.const</name>
         <load_address>0x5900</load_address>
         <run_address>0x5900</run_address>
         <size>0x70</size>
         <input_file_ref idref="fl-ed"/>
      </object_component>
      <object_component id="oc-2b7">
         <name>.const:g_pui32Xtals</name>
         <load_address>0x5970</load_address>
         <run_address>0x5970</run_address>
         <size>0x6c</size>
         <input_file_ref idref="fl-ef"/>
      </object_component>
      <object_component id="oc-33f">
         <name>.const:.string:rgbFillPat</name>
         <load_address>0x59dc</load_address>
         <run_address>0x59dc</run_address>
         <size>0x40</size>
         <input_file_ref idref="fl-c"/>
      </object_component>
      <object_component id="oc-1d9">
         <name>.const</name>
         <load_address>0x5a1c</load_address>
         <run_address>0x5a1c</run_address>
         <size>0x4</size>
         <input_file_ref idref="fl-9"/>
      </object_component>
      <object_component id="oc-3cd">
         <name>.const:$O1$$</name>
         <load_address>0x5a20</load_address>
         <run_address>0x5a20</run_address>
         <size>0x30</size>
         <input_file_ref idref="fl-cb"/>
      </object_component>
      <object_component id="oc-1dc">
         <name>.const:g_psDaysToMonth</name>
         <load_address>0x5a50</load_address>
         <run_address>0x5a50</run_address>
         <size>0x30</size>
         <input_file_ref idref="fl-9"/>
      </object_component>
      <object_component id="oc-1df">
         <name>.const:g_pfExponents</name>
         <load_address>0x5a80</load_address>
         <run_address>0x5a80</run_address>
         <size>0x18</size>
         <input_file_ref idref="fl-9"/>
      </object_component>
      <object_component id="oc-34c">
         <name>.const:.string</name>
         <load_address>0x5a98</load_address>
         <run_address>0x5a98</run_address>
         <size>0x12</size>
         <input_file_ref idref="fl-9"/>
      </object_component>
      <object_component id="oc-502">
         <name>.cinit..data.load</name>
         <load_address>0x5ab0</load_address>
         <run_address>0x5ab0</run_address>
         <size>0x1b</size>
      </object_component>
      <object_component id="oc-4ff">
         <name>__TI_handler_table</name>
         <load_address>0x5acc</load_address>
         <run_address>0x5acc</run_address>
         <size>0xc</size>
      </object_component>
      <object_component id="oc-503">
         <name>.cinit..bss.load</name>
         <load_address>0x5ad8</load_address>
         <run_address>0x5ad8</run_address>
         <size>0x8</size>
      </object_component>
      <object_component id="oc-501">
         <name>.cinit..vtable.load</name>
         <load_address>0x5ae0</load_address>
         <run_address>0x5ae0</run_address>
         <size>0x8</size>
      </object_component>
      <object_component id="oc-500">
         <name>__TI_cinit_table</name>
         <load_address>0x5ae8</load_address>
         <run_address>0x5ae8</run_address>
         <size>0x18</size>
      </object_component>
      <object_component id="oc-3fa">
         <name>.vtable</name>
         <uninitialized>true</uninitialized>
         <run_address>0x20000000</run_address>
         <size>0x26c</size>
         <input_file_ref idref="fl-ed"/>
      </object_component>
      <object_component id="oc-282">
         <name>.data</name>
         <load_address>0x20000a1d</load_address>
         <run_address>0x20000a1d</run_address>
         <size>0x1</size>
         <input_file_ref idref="fl-3"/>
      </object_component>
      <object_component id="oc-f7">
         <name>.data</name>
         <load_address>0x20000a10</load_address>
         <run_address>0x20000a10</run_address>
         <size>0xd</size>
         <input_file_ref idref="fl-7"/>
      </object_component>
      <object_component id="oc-1e2">
         <name>.data</name>
         <load_address>0x20000a34</load_address>
         <run_address>0x20000a34</run_address>
         <size>0x4</size>
         <input_file_ref idref="fl-9"/>
      </object_component>
      <object_component id="oc-4b9">
         <name>.data:$O1$$</name>
         <load_address>0x20000a28</load_address>
         <run_address>0x20000a28</run_address>
         <size>0x8</size>
         <input_file_ref idref="fl-de"/>
      </object_component>
      <object_component id="oc-3ea">
         <name>.data</name>
         <load_address>0x20000a30</load_address>
         <run_address>0x20000a30</run_address>
         <size>0x4</size>
         <input_file_ref idref="fl-df"/>
      </object_component>
      <object_component id="oc-2d2">
         <name>.data:$O1$$</name>
         <load_address>0x20000a20</load_address>
         <run_address>0x20000a20</run_address>
         <size>0x8</size>
         <input_file_ref idref="fl-e8"/>
      </object_component>
      <object_component id="oc-224">
         <name>.bss:g_adcBuffer</name>
         <uninitialized>true</uninitialized>
         <run_address>0x2000056c</run_address>
         <size>0x10</size>
         <input_file_ref idref="fl-2"/>
      </object_component>
      <object_component id="oc-22d">
         <name>.bss:but_state</name>
         <uninitialized>true</uninitialized>
         <run_address>0x200005c0</run_address>
         <size>0x4</size>
         <input_file_ref idref="fl-4"/>
      </object_component>
      <object_component id="oc-230">
         <name>.bss:but_count</name>
         <uninitialized>true</uninitialized>
         <run_address>0x200005ac</run_address>
         <size>0x4</size>
         <input_file_ref idref="fl-4"/>
      </object_component>
      <object_component id="oc-233">
         <name>.bss:but_count_long</name>
         <uninitialized>true</uninitialized>
         <run_address>0x200005b0</run_address>
         <size>0x4</size>
         <input_file_ref idref="fl-4"/>
      </object_component>
      <object_component id="oc-236">
         <name>.bss:but_flag</name>
         <uninitialized>true</uninitialized>
         <run_address>0x200005b4</run_address>
         <size>0x4</size>
         <input_file_ref idref="fl-4"/>
      </object_component>
      <object_component id="oc-239">
         <name>.bss:but_flag_long</name>
         <uninitialized>true</uninitialized>
         <run_address>0x200005b8</run_address>
         <size>0x4</size>
         <input_file_ref idref="fl-4"/>
      </object_component>
      <object_component id="oc-22a">
         <name>.bss:but_normal</name>
         <uninitialized>true</uninitialized>
         <run_address>0x200005bc</run_address>
         <size>0x4</size>
         <input_file_ref idref="fl-4"/>
      </object_component>
      <object_component id="oc-285">
         <name>.common:bufferZ</name>
         <uninitialized>true</uninitialized>
         <run_address>0x2000059c</run_address>
         <size>0x10</size>
      </object_component>
      <object_component id="oc-288">
         <name>.common:bufferX</name>
         <uninitialized>true</uninitialized>
         <run_address>0x2000057c</run_address>
         <size>0x10</size>
      </object_component>
      <object_component id="oc-289">
         <name>.common:bufferY</name>
         <uninitialized>true</uninitialized>
         <run_address>0x2000058c</run_address>
         <size>0x10</size>
      </object_component>
      <object_component id="oc-10c">
         <name>.common:display_state</name>
         <uninitialized>true</uninitialized>
         <run_address>0x20000609</run_address>
         <size>0x1</size>
      </object_component>
      <object_component id="oc-110">
         <name>.common:step_count</name>
         <uninitialized>true</uninitialized>
         <run_address>0x20000604</run_address>
         <size>0x2</size>
      </object_component>
      <object_component id="oc-111">
         <name>.common:step_goal</name>
         <uninitialized>true</uninitialized>
         <run_address>0x20000606</run_address>
         <size>0x2</size>
      </object_component>
      <object_component id="oc-10f">
         <name>.common:step_unit</name>
         <uninitialized>true</uninitialized>
         <run_address>0x2000060b</run_address>
         <size>0x1</size>
      </object_component>
      <object_component id="oc-112">
         <name>.common:dist_unit</name>
         <uninitialized>true</uninitialized>
         <run_address>0x2000060a</run_address>
         <size>0x1</size>
      </object_component>
      <object_component id="oc-421">
         <name>.common:xcoOledCur</name>
         <uninitialized>true</uninitialized>
         <run_address>0x200005f4</run_address>
         <size>0x4</size>
      </object_component>
      <object_component id="oc-422">
         <name>.common:ycoOledCur</name>
         <uninitialized>true</uninitialized>
         <run_address>0x20000600</run_address>
         <size>0x4</size>
      </object_component>
      <object_component id="oc-301">
         <name>.common:pbOledCur</name>
         <uninitialized>true</uninitialized>
         <run_address>0x200005d8</run_address>
         <size>0x4</size>
      </object_component>
      <object_component id="oc-423">
         <name>.common:bnOledCur</name>
         <uninitialized>true</uninitialized>
         <run_address>0x200005c4</run_address>
         <size>0x4</size>
      </object_component>
      <object_component id="oc-33d">
         <name>.common:clrOledCur</name>
         <uninitialized>true</uninitialized>
         <run_address>0x20000608</run_address>
         <size>0x1</size>
      </object_component>
      <object_component id="oc-33e">
         <name>.common:pbOledPatCur</name>
         <uninitialized>true</uninitialized>
         <run_address>0x200005e4</run_address>
         <size>0x4</size>
      </object_component>
      <object_component id="oc-2ff">
         <name>.common:fOledCharUpdate</name>
         <uninitialized>true</uninitialized>
         <run_address>0x200005d0</run_address>
         <size>0x4</size>
      </object_component>
      <object_component id="oc-2fa">
         <name>.common:dxcoOledFontCur</name>
         <uninitialized>true</uninitialized>
         <run_address>0x200005c8</run_address>
         <size>0x4</size>
      </object_component>
      <object_component id="oc-2fd">
         <name>.common:dycoOledFontCur</name>
         <uninitialized>true</uninitialized>
         <run_address>0x200005cc</run_address>
         <size>0x4</size>
      </object_component>
      <object_component id="oc-300">
         <name>.common:pbOledFontCur</name>
         <uninitialized>true</uninitialized>
         <run_address>0x200005dc</run_address>
         <size>0x4</size>
      </object_component>
      <object_component id="oc-2fe">
         <name>.common:pbOledFontUser</name>
         <uninitialized>true</uninitialized>
         <run_address>0x200005e0</run_address>
         <size>0x4</size>
      </object_component>
      <object_component id="oc-342">
         <name>.common:rgbOledBmp</name>
         <uninitialized>true</uninitialized>
         <run_address>0x2000026c</run_address>
         <size>0x200</size>
      </object_component>
      <object_component id="oc-2f8">
         <name>.common:xchOledCur</name>
         <uninitialized>true</uninitialized>
         <run_address>0x200005ec</run_address>
         <size>0x4</size>
      </object_component>
      <object_component id="oc-2f9">
         <name>.common:ychOledCur</name>
         <uninitialized>true</uninitialized>
         <run_address>0x200005f8</run_address>
         <size>0x4</size>
      </object_component>
      <object_component id="oc-2f4">
         <name>.common:xchOledMax</name>
         <uninitialized>true</uninitialized>
         <run_address>0x200005f0</run_address>
         <size>0x4</size>
      </object_component>
      <object_component id="oc-2f7">
         <name>.common:ychOledMax</name>
         <uninitialized>true</uninitialized>
         <run_address>0x200005fc</run_address>
         <size>0x4</size>
      </object_component>
      <object_component id="oc-33c">
         <name>.common:rgbOledFontUser</name>
         <uninitialized>true</uninitialized>
         <run_address>0x2000046c</run_address>
         <size>0x100</size>
      </object_component>
      <object_component id="oc-427">
         <name>.common:pfnDoRop</name>
         <uninitialized>true</uninitialized>
         <run_address>0x200005e8</run_address>
         <size>0x4</size>
      </object_component>
      <object_component id="oc-424">
         <name>.common:modOledCur</name>
         <uninitialized>true</uninitialized>
         <run_address>0x200005d4</run_address>
         <size>0x4</size>
      </object_component>
      <object_component id="oc-24">
         <name>.sysmem</name>
         <uninitialized>true</uninitialized>
         <run_address>0x20000810</run_address>
         <size>0x10</size>
         <input_file_ref idref="fl-de"/>
      </object_component>
      <object_component id="oc-506">
         <name>.sysmem</name>
         <uninitialized>true</uninitialized>
         <run_address>0x20000810</run_address>
         <size>0x0</size>
      </object_component>
      <object_component id="oc-27">
         <name>.stack</name>
         <uninitialized>true</uninitialized>
         <run_address>0x20000610</run_address>
         <size>0x4</size>
         <input_file_ref idref="fl-e0"/>
      </object_component>
      <object_component id="oc-505">
         <name>.stack</name>
         <uninitialized>true</uninitialized>
         <run_address>0x20000610</run_address>
         <size>0x0</size>
      </object_component>
      <object_component id="oc-c5">
         <name>.debug_info</name>
         <load_address>0x0</load_address>
         <run_address>0x0</run_address>
         <size>0x4fe</size>
         <input_file_ref idref="fl-2"/>
      </object_component>
      <object_component id="oc-225">
         <name>.debug_info</name>
         <load_address>0x4fe</load_address>
         <run_address>0x4fe</run_address>
         <size>0xd6</size>
         <input_file_ref idref="fl-2"/>
      </object_component>
      <object_component id="oc-f4">
         <name>.debug_info</name>
         <load_address>0x5d4</load_address>
         <run_address>0x5d4</run_address>
         <size>0x2b8</size>
         <input_file_ref idref="fl-2"/>
      </object_component>
      <object_component id="oc-1bc">
         <name>.debug_info</name>
         <load_address>0x88c</load_address>
         <run_address>0x88c</run_address>
         <size>0x86</size>
         <input_file_ref idref="fl-2"/>
      </object_component>
      <object_component id="oc-77">
         <name>.debug_info</name>
         <load_address>0x912</load_address>
         <run_address>0x912</run_address>
         <size>0x26b</size>
         <input_file_ref idref="fl-2"/>
      </object_component>
      <object_component id="oc-1e7">
         <name>.debug_info</name>
         <load_address>0xb7d</load_address>
         <run_address>0xb7d</run_address>
         <size>0x196</size>
         <input_file_ref idref="fl-2"/>
      </object_component>
      <object_component id="oc-39">
         <name>.debug_info</name>
         <load_address>0xd13</load_address>
         <run_address>0xd13</run_address>
         <size>0x84</size>
         <input_file_ref idref="fl-2"/>
      </object_component>
      <object_component id="oc-c0">
         <name>.debug_info</name>
         <load_address>0xd97</load_address>
         <run_address>0xd97</run_address>
         <size>0x2a4</size>
         <input_file_ref idref="fl-2"/>
      </object_component>
      <object_component id="oc-7c">
         <name>.debug_info</name>
         <load_address>0x103b</load_address>
         <run_address>0x103b</run_address>
         <size>0xbb</size>
         <input_file_ref idref="fl-2"/>
      </object_component>
      <object_component id="oc-1ec">
         <name>.debug_info</name>
         <load_address>0x10f6</load_address>
         <run_address>0x10f6</run_address>
         <size>0x2c</size>
         <input_file_ref idref="fl-2"/>
      </object_component>
      <object_component id="oc-1c1">
         <name>.debug_info</name>
         <load_address>0x1122</load_address>
         <run_address>0x1122</run_address>
         <size>0x35</size>
         <input_file_ref idref="fl-2"/>
      </object_component>
      <object_component id="oc-286">
         <name>.debug_info</name>
         <load_address>0x1157</load_address>
         <run_address>0x1157</run_address>
         <size>0x630</size>
         <input_file_ref idref="fl-3"/>
      </object_component>
      <object_component id="oc-283">
         <name>.debug_info</name>
         <load_address>0x1787</load_address>
         <run_address>0x1787</run_address>
         <size>0xd3</size>
         <input_file_ref idref="fl-3"/>
      </object_component>
      <object_component id="oc-12d">
         <name>.debug_info</name>
         <load_address>0x185a</load_address>
         <run_address>0x185a</run_address>
         <size>0xba6</size>
         <input_file_ref idref="fl-3"/>
      </object_component>
      <object_component id="oc-177">
         <name>.debug_info</name>
         <load_address>0x2400</load_address>
         <run_address>0x2400</run_address>
         <size>0xb1</size>
         <input_file_ref idref="fl-3"/>
      </object_component>
      <object_component id="oc-24d">
         <name>.debug_info</name>
         <load_address>0x24b1</load_address>
         <run_address>0x24b1</run_address>
         <size>0x110</size>
         <input_file_ref idref="fl-3"/>
      </object_component>
      <object_component id="oc-172">
         <name>.debug_info</name>
         <load_address>0x25c1</load_address>
         <run_address>0x25c1</run_address>
         <size>0x8b</size>
         <input_file_ref idref="fl-3"/>
      </object_component>
      <object_component id="oc-23d">
         <name>.debug_info</name>
         <load_address>0x264c</load_address>
         <run_address>0x264c</run_address>
         <size>0x36d</size>
         <input_file_ref idref="fl-4"/>
      </object_component>
      <object_component id="oc-22e">
         <name>.debug_info</name>
         <load_address>0x29b9</load_address>
         <run_address>0x29b9</run_address>
         <size>0xd7</size>
         <input_file_ref idref="fl-4"/>
      </object_component>
      <object_component id="oc-231">
         <name>.debug_info</name>
         <load_address>0x2a90</load_address>
         <run_address>0x2a90</run_address>
         <size>0xd7</size>
         <input_file_ref idref="fl-4"/>
      </object_component>
      <object_component id="oc-234">
         <name>.debug_info</name>
         <load_address>0x2b67</load_address>
         <run_address>0x2b67</run_address>
         <size>0xe1</size>
         <input_file_ref idref="fl-4"/>
      </object_component>
      <object_component id="oc-237">
         <name>.debug_info</name>
         <load_address>0x2c48</load_address>
         <run_address>0x2c48</run_address>
         <size>0xd5</size>
         <input_file_ref idref="fl-4"/>
      </object_component>
      <object_component id="oc-23a">
         <name>.debug_info</name>
         <load_address>0x2d1d</load_address>
         <run_address>0x2d1d</run_address>
         <size>0xdf</size>
         <input_file_ref idref="fl-4"/>
      </object_component>
      <object_component id="oc-22b">
         <name>.debug_info</name>
         <load_address>0x2dfc</load_address>
         <run_address>0x2dfc</run_address>
         <size>0xd9</size>
         <input_file_ref idref="fl-4"/>
      </object_component>
      <object_component id="oc-fb">
         <name>.debug_info</name>
         <load_address>0x2ed5</load_address>
         <run_address>0x2ed5</run_address>
         <size>0x441</size>
         <input_file_ref idref="fl-4"/>
      </object_component>
      <object_component id="oc-365">
         <name>.debug_info</name>
         <load_address>0x3316</load_address>
         <run_address>0x3316</run_address>
         <size>0x2dc</size>
         <input_file_ref idref="fl-5"/>
      </object_component>
      <object_component id="oc-1fc">
         <name>.debug_info</name>
         <load_address>0x35f2</load_address>
         <run_address>0x35f2</run_address>
         <size>0x32d</size>
         <input_file_ref idref="fl-5"/>
      </object_component>
      <object_component id="oc-3c7">
         <name>.debug_info</name>
         <load_address>0x391f</load_address>
         <run_address>0x391f</run_address>
         <size>0x3bf</size>
         <input_file_ref idref="fl-6"/>
      </object_component>
      <object_component id="oc-279">
         <name>.debug_info</name>
         <load_address>0x3cde</load_address>
         <run_address>0x3cde</run_address>
         <size>0x53e</size>
         <input_file_ref idref="fl-6"/>
      </object_component>
      <object_component id="oc-10d">
         <name>.debug_info</name>
         <load_address>0x421c</load_address>
         <run_address>0x421c</run_address>
         <size>0x83c</size>
         <input_file_ref idref="fl-7"/>
      </object_component>
      <object_component id="oc-f8">
         <name>.debug_info</name>
         <load_address>0x4a58</load_address>
         <run_address>0x4a58</run_address>
         <size>0x177</size>
         <input_file_ref idref="fl-7"/>
      </object_component>
      <object_component id="oc-a3">
         <name>.debug_info</name>
         <load_address>0x4bcf</load_address>
         <run_address>0x4bcf</run_address>
         <size>0xb58</size>
         <input_file_ref idref="fl-7"/>
      </object_component>
      <object_component id="oc-248">
         <name>.debug_info</name>
         <load_address>0x5727</load_address>
         <run_address>0x5727</run_address>
         <size>0x5f</size>
         <input_file_ref idref="fl-7"/>
      </object_component>
      <object_component id="oc-32">
         <name>.debug_info</name>
         <load_address>0x5786</load_address>
         <run_address>0x5786</run_address>
         <size>0x2af</size>
         <input_file_ref idref="fl-8"/>
      </object_component>
      <object_component id="oc-13">
         <name>.debug_info</name>
         <load_address>0x5a35</load_address>
         <run_address>0x5a35</run_address>
         <size>0xee</size>
         <input_file_ref idref="fl-8"/>
      </object_component>
      <object_component id="oc-2b">
         <name>.debug_info</name>
         <load_address>0x5b23</load_address>
         <run_address>0x5b23</run_address>
         <size>0x26a</size>
         <input_file_ref idref="fl-8"/>
      </object_component>
      <object_component id="oc-1e6">
         <name>.debug_info</name>
         <load_address>0x5d8d</load_address>
         <run_address>0x5d8d</run_address>
         <size>0x2f0</size>
         <input_file_ref idref="fl-9"/>
      </object_component>
      <object_component id="oc-1da">
         <name>.debug_info</name>
         <load_address>0x607d</load_address>
         <run_address>0x607d</run_address>
         <size>0xf7</size>
         <input_file_ref idref="fl-9"/>
      </object_component>
      <object_component id="oc-1dd">
         <name>.debug_info</name>
         <load_address>0x6174</load_address>
         <run_address>0x6174</run_address>
         <size>0x108</size>
         <input_file_ref idref="fl-9"/>
      </object_component>
      <object_component id="oc-1e0">
         <name>.debug_info</name>
         <load_address>0x627c</load_address>
         <run_address>0x627c</run_address>
         <size>0x104</size>
         <input_file_ref idref="fl-9"/>
      </object_component>
      <object_component id="oc-1e3">
         <name>.debug_info</name>
         <load_address>0x6380</load_address>
         <run_address>0x6380</run_address>
         <size>0x104</size>
         <input_file_ref idref="fl-9"/>
      </object_component>
      <object_component id="oc-de">
         <name>.debug_info</name>
         <load_address>0x6484</load_address>
         <run_address>0x6484</run_address>
         <size>0x1360</size>
         <input_file_ref idref="fl-9"/>
      </object_component>
      <object_component id="oc-1d3">
         <name>.debug_info</name>
         <load_address>0x77e4</load_address>
         <run_address>0x77e4</run_address>
         <size>0x36f</size>
         <input_file_ref idref="fl-a"/>
      </object_component>
      <object_component id="oc-d7">
         <name>.debug_info</name>
         <load_address>0x7b53</load_address>
         <run_address>0x7b53</run_address>
         <size>0x3a2</size>
         <input_file_ref idref="fl-a"/>
      </object_component>
      <object_component id="oc-44b">
         <name>.debug_info</name>
         <load_address>0x7ef5</load_address>
         <run_address>0x7ef5</run_address>
         <size>0x104</size>
         <input_file_ref idref="fl-b"/>
      </object_component>
      <object_component id="oc-33a">
         <name>.debug_info</name>
         <load_address>0x7ff9</load_address>
         <run_address>0x7ff9</run_address>
         <size>0x118</size>
         <input_file_ref idref="fl-b"/>
      </object_component>
      <object_component id="oc-44e">
         <name>.debug_info</name>
         <load_address>0x8111</load_address>
         <run_address>0x8111</run_address>
         <size>0x101</size>
         <input_file_ref idref="fl-c"/>
      </object_component>
      <object_component id="oc-340">
         <name>.debug_info</name>
         <load_address>0x8212</load_address>
         <run_address>0x8212</run_address>
         <size>0x113</size>
         <input_file_ref idref="fl-c"/>
      </object_component>
      <object_component id="oc-2fb">
         <name>.debug_info</name>
         <load_address>0x8325</load_address>
         <run_address>0x8325</run_address>
         <size>0x871</size>
         <input_file_ref idref="fl-d"/>
      </object_component>
      <object_component id="oc-1ce">
         <name>.debug_info</name>
         <load_address>0x8b96</load_address>
         <run_address>0x8b96</run_address>
         <size>0xe63</size>
         <input_file_ref idref="fl-d"/>
      </object_component>
      <object_component id="oc-2f5">
         <name>.debug_info</name>
         <load_address>0x99f9</load_address>
         <run_address>0x99f9</run_address>
         <size>0x4ee</size>
         <input_file_ref idref="fl-e"/>
      </object_component>
      <object_component id="oc-1ca">
         <name>.debug_info</name>
         <load_address>0x9ee7</load_address>
         <run_address>0x9ee7</run_address>
         <size>0xb36</size>
         <input_file_ref idref="fl-e"/>
      </object_component>
      <object_component id="oc-425">
         <name>.debug_info</name>
         <load_address>0xaa1d</load_address>
         <run_address>0xaa1d</run_address>
         <size>0x4c8</size>
         <input_file_ref idref="fl-f"/>
      </object_component>
      <object_component id="oc-2f0">
         <name>.debug_info</name>
         <load_address>0xaee5</load_address>
         <run_address>0xaee5</run_address>
         <size>0x2252</size>
         <input_file_ref idref="fl-f"/>
      </object_component>
      <object_component id="oc-304">
         <name>.debug_info</name>
         <load_address>0xd137</load_address>
         <run_address>0xd137</run_address>
         <size>0x2ed</size>
         <input_file_ref idref="fl-10"/>
      </object_component>
      <object_component id="oc-3e1">
         <name>.debug_info</name>
         <load_address>0xd424</load_address>
         <run_address>0xd424</run_address>
         <size>0x35e</size>
         <input_file_ref idref="fl-cb"/>
      </object_component>
      <object_component id="oc-3ce">
         <name>.debug_info</name>
         <load_address>0xd782</load_address>
         <run_address>0xd782</run_address>
         <size>0x128</size>
         <input_file_ref idref="fl-cb"/>
      </object_component>
      <object_component id="oc-28e">
         <name>.debug_info</name>
         <load_address>0xd8aa</load_address>
         <run_address>0xd8aa</run_address>
         <size>0xbf2</size>
         <input_file_ref idref="fl-cb"/>
      </object_component>
      <object_component id="oc-3ef">
         <name>.debug_info</name>
         <load_address>0xe49c</load_address>
         <run_address>0xe49c</run_address>
         <size>0x46</size>
         <input_file_ref idref="fl-cb"/>
      </object_component>
      <object_component id="oc-2ae">
         <name>.debug_info</name>
         <load_address>0xe4e2</load_address>
         <run_address>0xe4e2</run_address>
         <size>0x39</size>
         <input_file_ref idref="fl-cb"/>
      </object_component>
      <object_component id="oc-2b3">
         <name>.debug_info</name>
         <load_address>0xe51b</load_address>
         <run_address>0xe51b</run_address>
         <size>0x2c5</size>
         <input_file_ref idref="fl-cc"/>
      </object_component>
      <object_component id="oc-138">
         <name>.debug_info</name>
         <load_address>0xe7e0</load_address>
         <run_address>0xe7e0</run_address>
         <size>0x24e</size>
         <input_file_ref idref="fl-cc"/>
      </object_component>
      <object_component id="oc-48d">
         <name>.debug_info</name>
         <load_address>0xea2e</load_address>
         <run_address>0xea2e</run_address>
         <size>0x2f2</size>
         <input_file_ref idref="fl-cd"/>
      </object_component>
      <object_component id="oc-3e7">
         <name>.debug_info</name>
         <load_address>0xed20</load_address>
         <run_address>0xed20</run_address>
         <size>0x131</size>
         <input_file_ref idref="fl-cd"/>
      </object_component>
      <object_component id="oc-2a0">
         <name>.debug_info</name>
         <load_address>0xee51</load_address>
         <run_address>0xee51</run_address>
         <size>0x4ac</size>
         <input_file_ref idref="fl-cd"/>
      </object_component>
      <object_component id="oc-483">
         <name>.debug_info</name>
         <load_address>0xf2fd</load_address>
         <run_address>0xf2fd</run_address>
         <size>0x2f8</size>
         <input_file_ref idref="fl-ce"/>
      </object_component>
      <object_component id="oc-3db">
         <name>.debug_info</name>
         <load_address>0xf5f5</load_address>
         <run_address>0xf5f5</run_address>
         <size>0x225</size>
         <input_file_ref idref="fl-ce"/>
      </object_component>
      <object_component id="oc-4c3">
         <name>.debug_info</name>
         <load_address>0xf81a</load_address>
         <run_address>0xf81a</run_address>
         <size>0x39</size>
         <input_file_ref idref="fl-ce"/>
      </object_component>
      <object_component id="oc-484">
         <name>.debug_info</name>
         <load_address>0xf853</load_address>
         <run_address>0xf853</run_address>
         <size>0x2c</size>
         <input_file_ref idref="fl-ce"/>
      </object_component>
      <object_component id="oc-292">
         <name>.debug_info</name>
         <load_address>0xf87f</load_address>
         <run_address>0xf87f</run_address>
         <size>0x14c</size>
         <input_file_ref idref="fl-cf"/>
      </object_component>
      <object_component id="oc-3d2">
         <name>.debug_info</name>
         <load_address>0xf9cb</load_address>
         <run_address>0xf9cb</run_address>
         <size>0x128</size>
         <input_file_ref idref="fl-d0"/>
      </object_component>
      <object_component id="oc-3d6">
         <name>.debug_info</name>
         <load_address>0xfaf3</load_address>
         <run_address>0xfaf3</run_address>
         <size>0x12a</size>
         <input_file_ref idref="fl-d0"/>
      </object_component>
      <object_component id="oc-27f">
         <name>.debug_info</name>
         <load_address>0xfc1d</load_address>
         <run_address>0xfc1d</run_address>
         <size>0x13a</size>
         <input_file_ref idref="fl-d1"/>
      </object_component>
      <object_component id="oc-e8">
         <name>.debug_info</name>
         <load_address>0xfd57</load_address>
         <run_address>0xfd57</run_address>
         <size>0x13a</size>
         <input_file_ref idref="fl-d2"/>
      </object_component>
      <object_component id="oc-ed">
         <name>.debug_info</name>
         <load_address>0xfe91</load_address>
         <run_address>0xfe91</run_address>
         <size>0x12e</size>
         <input_file_ref idref="fl-d3"/>
      </object_component>
      <object_component id="oc-296">
         <name>.debug_info</name>
         <load_address>0xffbf</load_address>
         <run_address>0xffbf</run_address>
         <size>0x13e</size>
         <input_file_ref idref="fl-d4"/>
      </object_component>
      <object_component id="oc-13e">
         <name>.debug_info</name>
         <load_address>0x100fd</load_address>
         <run_address>0x100fd</run_address>
         <size>0x139</size>
         <input_file_ref idref="fl-d5"/>
      </object_component>
      <object_component id="oc-29c">
         <name>.debug_info</name>
         <load_address>0x10236</load_address>
         <run_address>0x10236</run_address>
         <size>0x12c</size>
         <input_file_ref idref="fl-d6"/>
      </object_component>
      <object_component id="oc-133">
         <name>.debug_info</name>
         <load_address>0x10362</load_address>
         <run_address>0x10362</run_address>
         <size>0x12c</size>
         <input_file_ref idref="fl-d7"/>
      </object_component>
      <object_component id="oc-e5">
         <name>.debug_info</name>
         <load_address>0x1048e</load_address>
         <run_address>0x1048e</run_address>
         <size>0x12e</size>
         <input_file_ref idref="fl-d8"/>
      </object_component>
      <object_component id="oc-1d5">
         <name>.debug_info</name>
         <load_address>0x105bc</load_address>
         <run_address>0x105bc</run_address>
         <size>0x142</size>
         <input_file_ref idref="fl-d9"/>
      </object_component>
      <object_component id="oc-97">
         <name>.debug_info</name>
         <load_address>0x106fe</load_address>
         <run_address>0x106fe</run_address>
         <size>0x147</size>
         <input_file_ref idref="fl-da"/>
      </object_component>
      <object_component id="oc-95">
         <name>.debug_info</name>
         <load_address>0x10845</load_address>
         <run_address>0x10845</run_address>
         <size>0x2d4</size>
         <input_file_ref idref="fl-db"/>
      </object_component>
      <object_component id="oc-52">
         <name>.debug_info</name>
         <load_address>0x10b19</load_address>
         <run_address>0x10b19</run_address>
         <size>0x1b5</size>
         <input_file_ref idref="fl-db"/>
      </object_component>
      <object_component id="oc-90">
         <name>.debug_info</name>
         <load_address>0x10cce</load_address>
         <run_address>0x10cce</run_address>
         <size>0x46</size>
         <input_file_ref idref="fl-db"/>
      </object_component>
      <object_component id="oc-cd">
         <name>.debug_info</name>
         <load_address>0x10d14</load_address>
         <run_address>0x10d14</run_address>
         <size>0x2c</size>
         <input_file_ref idref="fl-db"/>
      </object_component>
      <object_component id="oc-49">
         <name>.debug_info</name>
         <load_address>0x10d40</load_address>
         <run_address>0x10d40</run_address>
         <size>0x2a8</size>
         <input_file_ref idref="fl-dc"/>
      </object_component>
      <object_component id="oc-1f">
         <name>.debug_info</name>
         <load_address>0x10fe8</load_address>
         <run_address>0x10fe8</run_address>
         <size>0x1ea</size>
         <input_file_ref idref="fl-dc"/>
      </object_component>
      <object_component id="oc-44">
         <name>.debug_info</name>
         <load_address>0x111d2</load_address>
         <run_address>0x111d2</run_address>
         <size>0x46</size>
         <input_file_ref idref="fl-dc"/>
      </object_component>
      <object_component id="oc-88">
         <name>.debug_info</name>
         <load_address>0x11218</load_address>
         <run_address>0x11218</run_address>
         <size>0x2c</size>
         <input_file_ref idref="fl-dc"/>
      </object_component>
      <object_component id="oc-86">
         <name>.debug_info</name>
         <load_address>0x11244</load_address>
         <run_address>0x11244</run_address>
         <size>0x29e</size>
         <input_file_ref idref="fl-dd"/>
      </object_component>
      <object_component id="oc-18">
         <name>.debug_info</name>
         <load_address>0x114e2</load_address>
         <run_address>0x114e2</run_address>
         <size>0x250</size>
         <input_file_ref idref="fl-dd"/>
      </object_component>
      <object_component id="oc-34">
         <name>.debug_info</name>
         <load_address>0x11732</load_address>
         <run_address>0x11732</run_address>
         <size>0x60</size>
         <input_file_ref idref="fl-dd"/>
      </object_component>
      <object_component id="oc-c6">
         <name>.debug_info</name>
         <load_address>0x11792</load_address>
         <run_address>0x11792</run_address>
         <size>0x46</size>
         <input_file_ref idref="fl-dd"/>
      </object_component>
      <object_component id="oc-81">
         <name>.debug_info</name>
         <load_address>0x117d8</load_address>
         <run_address>0x117d8</run_address>
         <size>0x39</size>
         <input_file_ref idref="fl-dd"/>
      </object_component>
      <object_component id="oc-70">
         <name>.debug_info</name>
         <load_address>0x11811</load_address>
         <run_address>0x11811</run_address>
         <size>0x3b2</size>
         <input_file_ref idref="fl-de"/>
      </object_component>
      <object_component id="oc-25">
         <name>.debug_info</name>
         <load_address>0x11bc3</load_address>
         <run_address>0x11bc3</run_address>
         <size>0x10c</size>
         <input_file_ref idref="fl-de"/>
      </object_component>
      <object_component id="oc-4ba">
         <name>.debug_info</name>
         <load_address>0x11ccf</load_address>
         <run_address>0x11ccf</run_address>
         <size>0x13f</size>
         <input_file_ref idref="fl-de"/>
      </object_component>
      <object_component id="oc-454">
         <name>.debug_info</name>
         <load_address>0x11e0e</load_address>
         <run_address>0x11e0e</run_address>
         <size>0x168</size>
         <input_file_ref idref="fl-de"/>
      </object_component>
      <object_component id="oc-45b">
         <name>.debug_info</name>
         <load_address>0x11f76</load_address>
         <run_address>0x11f76</run_address>
         <size>0x18e</size>
         <input_file_ref idref="fl-de"/>
      </object_component>
      <object_component id="oc-461">
         <name>.debug_info</name>
         <load_address>0x12104</load_address>
         <run_address>0x12104</run_address>
         <size>0x19f</size>
         <input_file_ref idref="fl-de"/>
      </object_component>
      <object_component id="oc-362">
         <name>.debug_info</name>
         <load_address>0x122a3</load_address>
         <run_address>0x122a3</run_address>
         <size>0x203</size>
         <input_file_ref idref="fl-de"/>
      </object_component>
      <object_component id="oc-4d0">
         <name>.debug_info</name>
         <load_address>0x124a6</load_address>
         <run_address>0x124a6</run_address>
         <size>0x1db</size>
         <input_file_ref idref="fl-de"/>
      </object_component>
      <object_component id="oc-35c">
         <name>.debug_info</name>
         <load_address>0x12681</load_address>
         <run_address>0x12681</run_address>
         <size>0x1a5</size>
         <input_file_ref idref="fl-de"/>
      </object_component>
      <object_component id="oc-4b6">
         <name>.debug_info</name>
         <load_address>0x12826</load_address>
         <run_address>0x12826</run_address>
         <size>0x299</size>
         <input_file_ref idref="fl-de"/>
      </object_component>
      <object_component id="oc-bb">
         <name>.debug_info</name>
[...]
      <symbol id="sm-488">
         <name>OrbitOledDrawRect</name>
         <value>0x1afd</value>
         <object_component_ref idref="oc-2ee"/>
      </symbol>
      <symbol id="sm-489">
         <name>OrbitOledClampYco</name>
         <value>0x21d1</value>
         <object_component_ref idref="oc-2ee"/>
      </symbol>
      <symbol id="sm-48a">
         <name>OrbitOledGetPos</name>
         <value>0x1907</value>
         <object_component_ref idref="oc-2ee"/>
      </symbol>
      <symbol id="sm-48b">
         <name>OrbitOledRopSet</name>
         <value>0x2071</value>
         <object_component_ref idref="oc-2ee"/>
      </symbol>
      <symbol id="sm-48c">
         <name>OrbitOledRopXor</name>
         <value>0x20e3</value>
         <object_component_ref idref="oc-2ee"/>
      </symbol>
      <symbol id="sm-48d">
         <name>OrbitOledGetBmp</name>
         <value>0x1cc5</value>
         <object_component_ref idref="oc-2ee"/>
      </symbol>
      <symbol id="sm-48e">
         <name>OrbitOledMoveLeft</name>
         <value>0x217f</value>
         <object_component_ref idref="oc-2ee"/>
      </symbol>
      <symbol id="sm-48f">
         <name>OrbitOledRopAnd</name>
         <value>0x20bf</value>
         <object_component_ref idref="oc-2ee"/>
      </symbol>
      <symbol id="sm-490">
         <name>OrbitOledPutBmp</name>
         <value>0x1e25</value>
         <object_component_ref idref="oc-2ee"/>
      </symbol>
      <symbol id="sm-491">
         <name>OrbitOledSetDrawMode</name>
         <value>0x195d</value>
         <object_component_ref idref="oc-2ee"/>
      </symbol>
      <symbol id="sm-492">
         <name>OrbitOledClampXco</name>
         <value>0x21b1</value>
         <object_component_ref idref="oc-2ee"/>
      </symbol>
      <symbol id="sm-493">
         <name>OrbitOledSetFillPattern</name>
         <value>0x194d</value>
         <object_component_ref idref="oc-2ee"/>
      </symbol>
      <symbol id="sm-494">
         <name>OrbitOledRopOr</name>
         <value>0x209b</value>
         <object_component_ref idref="oc-2ee"/>
      </symbol>
      <symbol id="sm-4a6">
         <name>DelayMs</name>
         <value>0x4d8f</value>
         <object_component_ref idref="oc-303"/>
      </symbol>
      <symbol id="sm-4a7">
         <name>DelayInit</name>
         <value>0x4d75</value>
         <object_component_ref idref="oc-303"/>
      </symbol>
      <symbol id="sm-53d">
         <name>pow</name>
         <value>0xef1</value>
         <object_component_ref idref="oc-28a"/>
      </symbol>
      <symbol id="sm-53e">
         <name>powl</name>
         <value>0xef1</value>
         <object_component_ref idref="oc-28a"/>
      </symbol>
      <symbol id="sm-560">
         <name>sqrtl</name>
         <value>0x3d9d</value>
         <object_component_ref idref="oc-136"/>
      </symbol>
      <symbol id="sm-561">
         <name>sqrt</name>
         <value>0x3d9d</value>
         <object_component_ref idref="oc-136"/>
      </symbol>
      <symbol id="sm-597">
         <name>atanl</name>
         <value>0x34f1</value>
         <object_component_ref idref="oc-29f"/>
      </symbol>
      <symbol id="sm-598">
         <name>atan</name>
         <value>0x34f1</value>
         <object_component_ref idref="oc-29f"/>
      </symbol>
      <symbol id="sm-5bf">
         <name>scalbn</name>
         <value>0x426d</value>
         <object_component_ref idref="oc-3da"/>
      </symbol>
      <symbol id="sm-5c0">
         <name>scalbnl</name>
         <value>0x426d</value>
         <object_component_ref idref="oc-3da"/>
      </symbol>
      <symbol id="sm-5c1">
         <name>ldexpl</name>
         <value>0x426d</value>
         <object_component_ref idref="oc-3da"/>
      </symbol>
      <symbol id="sm-5c2">
         <name>ldexp</name>
         <value>0x426d</value>
         <object_component_ref idref="oc-3da"/>
      </symbol>
      <symbol id="sm-5d9">
         <name>__aeabi_dsub</name>
         <value>0x3be5</value>
         <object_component_ref idref="oc-290"/>
      </symbol>
      <symbol id="sm-5da">
         <name>__aeabi_dadd</name>
         <value>0x3bef</value>
         <object_component_ref idref="oc-290"/>
      </symbol>
      <symbol id="sm-5fc">
         <name>__aeabi_cdcmpeq</name>
         <value>0x4965</value>
         <object_component_ref idref="oc-3d0"/>
      </symbol>
      <symbol id="sm-5fd">
         <name>__aeabi_cdcmple</name>
         <value>0x4965</value>
         <object_component_ref idref="oc-3d0"/>
      </symbol>
      <symbol id="sm-5fe">
         <name>__aeabi_cdrcmple</name>
         <value>0x49eb</value>
         <object_component_ref idref="oc-3d5"/>
      </symbol>
      <symbol id="sm-612">
         <name>__aeabi_ddiv</name>
         <value>0x3ef5</value>
         <object_component_ref idref="oc-27d"/>
      </symbol>
      <symbol id="sm-61d">
         <name>__aeabi_dmul</name>
         <value>0x447d</value>
         <object_component_ref idref="oc-e7"/>
      </symbol>
      <symbol id="sm-627">
         <name>__aeabi_d2iz</name>
         <value>0x4f55</value>
         <object_component_ref idref="oc-ec"/>
      </symbol>
      <symbol id="sm-633">
         <name>__aeabi_d2f</name>
         <value>0x4bd5</value>
         <object_component_ref idref="oc-295"/>
      </symbol>
      <symbol id="sm-63d">
         <name>__aeabi_d2uiz</name>
         <value>0x5025</value>
         <object_component_ref idref="oc-13c"/>
      </symbol>
      <symbol id="sm-648">
         <name>__aeabi_f2d</name>
         <value>0x511d</value>
         <object_component_ref idref="oc-29a"/>
      </symbol>
      <symbol id="sm-652">
         <name>__aeabi_i2d</name>
         <value>0x51f1</value>
         <object_component_ref idref="oc-131"/>
      </symbol>
      <symbol id="sm-65c">
         <name>__aeabi_ui2d</name>
         <value>0x5271</value>
         <object_component_ref idref="oc-e2"/>
      </symbol>
      <symbol id="sm-66b">
         <name>__aeabi_uidivmod</name>
         <value>0x5069</value>
         <object_component_ref idref="oc-1d4"/>
      </symbol>
      <symbol id="sm-66c">
         <name>__aeabi_uidiv</name>
         <value>0x5069</value>
         <object_component_ref idref="oc-1d4"/>
      </symbol>
      <symbol id="sm-67b">
         <name>__aeabi_memset</name>
         <value>0x4aed</value>
         <object_component_ref idref="oc-96"/>
      </symbol>
      <symbol id="sm-67c">
         <name>memset</name>
         <value>0x4af3</value>
         <object_component_ref idref="oc-96"/>
      </symbol>
      <symbol id="sm-67d">
         <name>__aeabi_memset8</name>
         <value>0x4aed</value>
         <object_component_ref idref="oc-96"/>
      </symbol>
      <symbol id="sm-67e">
         <name>__aeabi_memset4</name>
         <value>0x4aed</value>
         <object_component_ref idref="oc-96"/>
      </symbol>
      <symbol id="sm-67f">
         <name>__aeabi_memclr8</name>
         <value>0x4aeb</value>
         <object_component_ref idref="oc-96"/>
      </symbol>
      <symbol id="sm-680">
         <name>__aeabi_memclr4</name>
         <value>0x4aeb</value>
         <object_component_ref idref="oc-96"/>
      </symbol>
      <symbol id="sm-681">
         <name>__aeabi_memclr</name>
         <value>0x4aeb</value>
         <object_component_ref idref="oc-96"/>
      </symbol>
      <symbol id="sm-698">
         <name>__TI_zero_init</name>
         <value>0x542f</value>
         <object_component_ref idref="oc-50"/>
      </symbol>
      <symbol id="sm-6af">
         <name>__TI_decompress_none</name>
         <value>0x5409</value>
         <object_component_ref idref="oc-1b"/>
      </symbol>
      <symbol id="sm-6d2">
         <name>__TI_decompress_lzss</name>
         <value>0x4cad</value>
         <object_component_ref idref="oc-15"/>
      </symbol>
      <symbol id="sm-767">
         <name>_sys_memory</name>
         <value>0x20000810</value>
         <object_component_ref idref="oc-24"/>
      </symbol>
      <symbol id="sm-768">
         <name>free</name>
         <value>0x466d</value>
         <object_component_ref idref="oc-35e"/>
      </symbol>
      <symbol id="sm-769">
         <name>memalign</name>
         <value>0x437d</value>
         <object_component_ref idref="oc-4b2"/>
      </symbol>
      <symbol id="sm-76a">
         <name>calloc</name>
         <value>0x50e5</value>
         <object_component_ref idref="oc-358"/>
      </symbol>
      <symbol id="sm-76b">
         <name>malloc</name>
         <value>0x54a1</value>
         <object_component_ref idref="oc-450"/>
      </symbol>
      <symbol id="sm-76c">
         <name>aligned_alloc</name>
         <value>0x437d</value>
         <object_component_ref idref="oc-4b2"/>
      </symbol>
      <symbol id="sm-782">
         <name>__aeabi_errno_addr</name>
         <value>0x5499</value>
         <object_component_ref idref="oc-2a7"/>
      </symbol>
      <symbol id="sm-783">
         <name>errno</name>
         <value>0x20000a30</value>
         <object_component_ref idref="oc-3ea"/>
      </symbol>
      <symbol id="sm-796">
         <name>__stack</name>
         <value>0x20000610</value>
         <object_component_ref idref="oc-27"/>
      </symbol>
      <symbol id="sm-797">
         <name>_c_int00_noargs</name>
         <value>0x51bd</value>
         <object_component_ref idref="oc-5c"/>
      </symbol>
      <symbol id="sm-7a1">
         <name>copysign</name>
         <value>0x52e9</value>
         <object_component_ref idref="oc-47c"/>
      </symbol>
      <symbol id="sm-7a2">
         <name>copysignl</name>
         <value>0x52e9</value>
         <object_component_ref idref="oc-47c"/>
      </symbol>
      <symbol id="sm-7ac">
         <name>__aeabi_idiv0</name>
         <value>0x4c43</value>
         <object_component_ref idref="oc-346"/>
      </symbol>
      <symbol id="sm-7ad">
         <name>__aeabi_ldiv0</name>
         <value>0x4c43</value>
         <object_component_ref idref="oc-346"/>
      </symbol>
      <symbol id="sm-7c8">
         <name>memcpy</name>
         <value>0x48c9</value>
         <object_component_ref idref="oc-3e"/>
      </symbol>
      <symbol id="sm-7c9">
         <name>__aeabi_memcpy</name>
         <value>0x48c9</value>
         <object_component_ref idref="oc-3e"/>
      </symbol>
      <symbol id="sm-7ca">
         <name>__aeabi_memcpy8</name>
         <value>0x48c9</value>
         <object_component_ref idref="oc-3e"/>
      </symbol>
      <symbol id="sm-7cb">
         <name>__aeabi_memcpy4</name>
         <value>0x48c9</value>
         <object_component_ref idref="oc-3e"/>
      </symbol>
      <symbol id="sm-7f3">
         <name>__TI_auto_init_nobinit_nopinit</name>
         <value>0x4fe1</value>
         <object_component_ref idref="oc-188"/>
      </symbol>
      <symbol id="sm-7fd">
         <name>_system_pre_init</name>
         <value>0x54cd</value>
         <object_component_ref idref="oc-9c"/>
      </symbol>
      <symbol id="sm-809">
         <name>C$$EXIT</name>
         <value>0x54d1</value>
         <object_component_ref idref="oc-17c"/>
      </symbol>
      <symbol id="sm-80a">
         <name>abort</name>
         <value>0x54d1</value>
         <object_component_ref idref="oc-17c"/>
      </symbol>
      <symbol id="sm-81f">
         <name>_nop</name>
         <value>0x3d9b</value>
         <object_component_ref idref="oc-402"/>
      </symbol>
      <symbol id="sm-820">
         <name>_lock</name>
         <value>0x20000a20</value>
         <object_component_ref idref="oc-2d2"/>
      </symbol>
      <symbol id="sm-821">
         <name>_unlock</name>
         <value>0x20000a24</value>
         <object_component_ref idref="oc-2d2"/>
      </symbol>
      <symbol id="sm-886">
         <name>ADCProcessorTrigger</name>
         <value>0x531b</value>
         <object_component_ref idref="oc-125"/>
      </symbol>
      <symbol id="sm-887">
         <name>ADCSequenceEnable</name>
         <value>0x53ed</value>
         <object_component_ref idref="oc-212"/>
      </symbol>
      <symbol id="sm-888">
         <name>ADCSequenceConfigure</name>
         <value>0x4dd1</value>
         <object_component_ref idref="oc-206"/>
      </symbol>
      <symbol id="sm-889">
         <name>ADCIntEnable</name>
         <value>0x53bd</value>
         <object_component_ref idref="oc-21e"/>
      </symbol>
      <symbol id="sm-88a">
         <name>ADCSequenceStepConfigure</name>
         <value>0x4a71</value>
         <object_component_ref idref="oc-20c"/>
      </symbol>
      <symbol id="sm-88b">
         <name>ADCIntClear</name>
         <value>0x5447</value>
         <object_component_ref idref="oc-200"/>
      </symbol>
      <symbol id="sm-88c">
         <name>ADCIntRegister</name>
         <value>0x5303</value>
         <object_component_ref idref="oc-218"/>
      </symbol>
      <symbol id="sm-88d">
         <name>ADCSequenceDataGet</name>
         <value>0x5291</value>
         <object_component_ref idref="oc-1f4"/>
      </symbol>
      <symbol id="sm-8ef">
         <name>GPIOPinConfigure</name>
         <value>0x4f0d</value>
         <object_component_ref idref="oc-26b"/>
      </symbol>
      <symbol id="sm-8f0">
         <name>GPIOPinTypeI2CSCL</name>
         <value>0x5399</value>
         <object_component_ref idref="oc-265"/>
      </symbol>
      <symbol id="sm-8f1">
         <name>GPIOPinTypeI2C</name>
         <value>0x5387</value>
         <object_component_ref idref="oc-25f"/>
      </symbol>
      <symbol id="sm-8f2">
         <name>GPIOPinTypeGPIOInput</name>
         <value>0x5375</value>
         <object_component_ref idref="oc-119"/>
      </symbol>
      <symbol id="sm-8f3">
         <name>GPIOPinTypeGPIOOutput</name>
         <value>0x5333</value>
         <object_component_ref idref="oc-321"/>
      </symbol>
      <symbol id="sm-8f4">
         <name>GPIOPinRead</name>
         <value>0x54a9</value>
         <object_component_ref idref="oc-100"/>
      </symbol>
      <symbol id="sm-8f5">
         <name>GPIODirModeSet</name>
         <value>0x521f</value>
         <object_component_ref idref="oc-16b"/>
      </symbol>
      <symbol id="sm-8f6">
         <name>GPIOPinWrite</name>
         <value>0x54af</value>
         <object_component_ref idref="oc-106"/>
      </symbol>
      <symbol id="sm-8f7">
         <name>GPIOPadConfigSet</name>
         <value>0x402b</value>
         <object_component_ref idref="oc-11f"/>
      </symbol>
      <symbol id="sm-8f8">
         <name>GPIOPinTypeSSI</name>
         <value>0x53ab</value>
         <object_component_ref idref="oc-309"/>
      </symbol>
      <symbol id="sm-941">
         <name>I2CMasterBusBusy</name>
         <value>0x5479</value>
         <object_component_ref idref="oc-3c0"/>
      </symbol>
      <symbol id="sm-942">
         <name>I2CMasterDataPut</name>
         <value>0x54c9</value>
         <object_component_ref idref="oc-3a8"/>
      </symbol>
      <symbol id="sm-943">
         <name>I2CMasterInitExpClk</name>
         <value>0x4ec1</value>
         <object_component_ref idref="oc-271"/>
      </symbol>
      <symbol id="sm-944">
         <name>I2CMasterSlaveAddrSet</name>
         <value>0x5489</value>
         <object_component_ref idref="oc-3a2"/>
      </symbol>
      <symbol id="sm-945">
         <name>I2CMasterDataGet</name>
         <value>0x54c5</value>
         <object_component_ref idref="oc-3ba"/>
      </symbol>
      <symbol id="sm-946">
         <name>I2CMasterControl</name>
         <value>0x54c1</value>
         <object_component_ref idref="oc-3ae"/>
      </symbol>
      <symbol id="sm-947">
         <name>I2CMasterBusy</name>
         <value>0x5481</value>
         <object_component_ref idref="oc-3b4"/>
      </symbol>
      <symbol id="sm-948">
         <name>I2CMasterEnable</name>
         <value>0x5451</value>
         <object_component_ref idref="oc-39a"/>
      </symbol>
      <symbol id="sm-98a">
         <name>IntEnable</name>
         <value>0x4c45</value>
         <object_component_ref idref="oc-370"/>
      </symbol>
      <symbol id="sm-98b">
         <name>IntRegister</name>
         <value>0x5155</value>
         <object_component_ref idref="oc-2bd"/>
      </symbol>
      <symbol id="sm-98c">
         <name>g_pfnRAMVectors</name>
         <value>0x20000000</value>
         <object_component_ref idref="oc-3fa"/>
      </symbol>
      <symbol id="sm-98d">
         <name>IntMasterEnable</name>
         <value>0x53cd</value>
         <object_component_ref idref="oc-165"/>
      </symbol>
      <symbol id="sm-9c5">
         <name>SSIDataPut</name>
         <value>0x545b</value>
         <object_component_ref idref="oc-32d"/>
      </symbol>
      <symbol id="sm-9c6">
         <name>SSIDataGet</name>
         <value>0x5423</value>
         <object_component_ref idref="oc-333"/>
      </symbol>
      <symbol id="sm-9c7">
         <name>SSIConfigSetExpClk</name>
         <value>0x50a9</value>
         <object_component_ref idref="oc-315"/>
      </symbol>
      <symbol id="sm-9c8">
         <name>SSIEnable</name>
         <value>0x5465</value>
         <object_component_ref idref="oc-31b"/>
      </symbol>
      <symbol id="sm-9c9">
         <name>SSIClockSourceSet</name>
         <value>0x54b5</value>
         <object_component_ref idref="oc-30f"/>
      </symbol>
      <symbol id="sm-9ca">
         <name>SSIBusy</name>
         <value>0x5491</value>
         <object_component_ref idref="oc-327"/>
      </symbol>
      <symbol id="sm-a28">
         <name>SysCtlClockSet</name>
         <value>0x4579</value>
         <object_component_ref idref="oc-141"/>
      </symbol>
      <symbol id="sm-a29">
         <name>SysCtlDelay</name>
         <value>0x54bb</value>
         <object_component_ref idref="oc-2b5"/>
      </symbol>
      <symbol id="sm-a2a">
         <name>SysCtlPeripheralEnable</name>
         <value>0x5189</value>
         <object_component_ref idref="oc-113"/>
      </symbol>
      <symbol id="sm-a2b">
         <name>SysCtlClockGet</name>
         <value>0x415d</value>
         <object_component_ref idref="oc-147"/>
      </symbol>
      <symbol id="sm-a2c">
         <name>SysCtlPeripheralReset</name>
         <value>0x4e21</value>
         <object_component_ref idref="oc-259"/>
      </symbol>
      <symbol id="sm-a59">
         <name>SysTickEnable</name>
         <value>0x534d</value>
         <object_component_ref idref="oc-15f"/>
      </symbol>
      <symbol id="sm-a5a">
         <name>SysTickIntRegister</name>
         <value>0x52b1</value>
         <object_component_ref idref="oc-153"/>
      </symbol>
      <symbol id="sm-a5b">
         <name>SysTickIntEnable</name>
         <value>0x5361</value>
         <object_component_ref idref="oc-159"/>
      </symbol>
      <symbol id="sm-a5c">
         <name>SysTickPeriodSet</name>
         <value>0x53dd</value>
         <object_component_ref idref="oc-14d"/>
      </symbol>
      <symbol id="sm-a80">
         <name>TimerEnable</name>
         <value>0x53fb</value>
         <object_component_ref idref="oc-433"/>
      </symbol>
      <symbol id="sm-a81">
         <name>TimerValueGet</name>
         <value>0x546f</value>
         <object_component_ref idref="oc-439"/>
      </symbol>
      <symbol id="sm-a82">
         <name>TimerConfigure</name>
         <value>0x4d15</value>
         <object_component_ref idref="oc-42d"/>
      </symbol>
      <symbol id="sm-a8c">
         <name>CPUcpsie</name>
         <value>0x5417</value>
         <object_component_ref idref="oc-2c6"/>
      </symbol>
      <symbol id="sm-a8d">
         <name>__TI_static_base__</name>
         <value>0x0</value>
      </symbol>
      <symbol id="sm-a90">
         <name>__mpu_init</name>
         <value>0x0</value>
      </symbol>
      <symbol id="sm-a91">
         <name>_system_post_cinit</name>
         <value>0x0</value>
      </symbol>
   </symbol_table>
   <title>Link successful</title>
</link_info>
